VBCSCompilerPreWarmer: pre-warm launched (dotnet PID 20756)
VBCSCompiler prewarm took 16.84 ms
[Licensing::Module] Trying to connect to existing licensing client channel...
Built from '6000.6/respin/6000.6.0f1-fa21a270ab12' branch; Version is '6000.6.0f1 (f7f8ed4d1e24) revision 16251117'; Using compiler version '194234433'; Build Type 'Release'
[Licensing::IpcConnector] Successfully connected to: "LicenseClient-Harsh" at "2026-09-20T11:30:27.2804504Z"
OS: 'Windows 11  (10.0.26200) CoreSingleLanguage' Language: 'en' Physical Memory: 16088 MB
BatchMode: 1, IsHumanControllingUs: 0, StartBugReporterOnCrash: 0, Is64bit: 1
System  architecture: x64
Process architecture: x64
Date: 2026-09-20T11:30:27Z
[Licensing::Client] Code 10 while verifying Licensing Client signature (process Id: 22244, path: "C:/Program Files/Unity Hub/UnityLicensingClient_V1/Unity.Licensing.Client.exe")
[Licensing::Module] LicensingClient has failed validation; ignoring
[Licensing::Client] Handshaking with LicensingClient:
  Version:                 1.18.3+d7ffd15
  Session Id:              52a123b674494c449092f305974c5f8e
  Correlation Id:          ccc8ba1353ff48d5208692868c3352db
  External correlation Id: 5772313157763968563
  Machine Id:              Hbp6cIbiWcEt7uCUfLOsR8jmd/w=
[Licensing::Module] Successfully connected to LicensingClient on channel: "LicenseClient-Harsh" (connect: 0.00s, validation: 0.00s, handshake: 0.08s)
[Licensing::IpcConnector] Successfully connected to: "LicenseClient-Harsh-notifications" at "2026-09-20T11:30:27.359145Z"
[Licensing::Module] Error: Access token is unavailable; failed to update
[Licensing::Client] Successfully resolved entitlement details
[Licensing::Module] License group:
  Id: 9072445264484-UnityPersXXXX
  Product: Unity Personal
  Type: Assigned
  Expiration: Unlimited
[Licensing::Client] Successfully updated license, isAsync: True, time: 0.00
[Licensing::Client] Successfully resolved entitlement details
[Licensing::Module] Licensing Background thread has ended after 0.10s

COMMAND LINE ARGUMENTS:
C:\Program Files\Unity\Hub\Editor\6000.6.0f1\Editor\Unity.exe
-batchmode
-nographics
-quit
-projectPath
D:\RPTU\Thesis\Project\Frontend
-executeMethod
GearboxDemo.Editor.GearboxRobotBuilder.RunBatch
-logFile
D:\RPTU\Thesis\Project\Frontend\unity-robot-build.log
Successfully changed project path to: D:\RPTU\Thesis\Project\Frontend
D:/RPTU/Thesis/Project/Frontend
[UnityMemory] Configuration Parameters - Can be set up in boot.config
    "memorysetup-temp-allocator-size-gi-baking-worker=262144"
    "memorysetup-temp-allocator-size-gi-baking-worker=262144"
    "memorysetup-temp-allocator-size-gi-baking-worker=262144"
    "memorysetup-temp-allocator-size-gi-baking-worker=262144"
    "memorysetup-temp-allocator-size-gi-baking-worker=262144"
    "memorysetup-temp-allocator-size-nav-mesh-worker=65536"
    "memorysetup-temp-allocator-size-audio-worker=65536"
    "memorysetup-temp-allocator-size-cloud-worker=32768"
    "memorysetup-temp-allocator-size-gfx=262144"
    "memorysetup-remapper-allocator-initial-capacity=32768"
    "memorysetup-temp-allocator-size-preload-manager=33554432"
    "memorysetup-allocator-temp-initial-block-size-main=262144"
    "memorysetup-allocator-temp-initial-block-size-worker=262144"
    "memorysetup-temp-allocator-size-job-worker=262144"
    "memorysetup-temp-allocator-size-background-worker=32768"
    "memorysetup-bucket-allocator-granularity=16"
    "memorysetup-bucket-allocator-bucket-count=8"
    "memorysetup-bucket-allocator-block-size=33554432"
    "memorysetup-bucket-allocator-block-count=8"
    "memorysetup-main-allocator-block-size=16777216"
    "memorysetup-thread-allocator-block-size=16777216"
    "memorysetup-main-allocator-mimalloc-enabled=1"
    "memorysetup-gfx-main-allocator-block-size=16777216"
    "memorysetup-gfx-thread-allocator-block-size=16777216"
    "memorysetup-cache-allocator-block-size=4194304"
    "memorysetup-typetree-allocator-block-size=2097152"
    "memorysetup-profiler-bucket-allocator-granularity=16"
    "memorysetup-profiler-bucket-allocator-bucket-count=8"
    "memorysetup-profiler-bucket-allocator-block-size=33554432"
    "memorysetup-profiler-bucket-allocator-block-count=8"
    "memorysetup-profiler-allocator-block-size=16777216"
    "memorysetup-profiler-editor-allocator-block-size=1048576"
    "memorysetup-temp-allocator-size-main=16777216"
    "memorysetup-job-temp-allocator-block-size=2097152"
    "memorysetup-job-temp-allocator-block-size-background=1048576"
    "memorysetup-job-temp-allocator-reduction-small-platforms=262144"
Logging is directed to a specific file, skipping project log.
Player connection [30516]  Target information:

Player connection [30516]  * "[IP] 192.168.178.35 [Port] 55504 [Flags] 2 [Guid] 3801393362 [EditorId] 3801393362 [Version] 1048832 [Id] WindowsEditor(7,LAPTOP-CQ1FOJIL) [Debug] 1 [PackageName] WindowsEditor [ProjectName] Editor" 

Player connection [30516] Host joined multi-casting on [225.0.0.222:54997]...
Player connection [30516] Host joined alternative multi-casting on [225.0.0.222:34997]...
Input System module state changed to: Initialized.
[Physics::Module] Initialized fallback backend.
[Physics::Module] Id: 0xdecafbad
[Package Manager] Connected to IPC stream "Upm-17924" after 0.2 seconds.
[Licensing::Client] Successfully resolved entitlement details
Library Redirect Path: Library/
Initialising UDS system complete:
  - System type: Client
  - Resource namespace: 9f1c73524ddb5bde77655c46fabdf276
  - Shared memory size: 1073741824
  - Command buffer id: 1052576
  - Command buffer size: 8192
  - Hashmap size: 4194304
  - Service connected: false
Launching Unity Data Store - C:/Program Files/Unity/Hub/Editor/6000.6.0f1/Editor/Data/Tools/Unity.DataStore.exe 
Unity Data Store artifact dir = Library/DataStore, working dir = D:/RPTU/Thesis/Project/Frontend[Physics::Module] Selected backend.
[Physics::Module] Name: PhysX
[Physics::Module] Id: 0xf2b8ea05
[Physics::Module] SDK Version: 4.1.2
[Physics::Module] Integration Version: 1.0.0
[Physics::Module] Threading Mode: Multi-Threaded
Unity Data Store running and initialised
Initialize engine version: 6000.6.0f1 (f7f8ed4d1e24)
[EntityIdStore] init: VM path (explicit commit), pageSize=4096, blockCount=1048576, entitiesPerBlock=256, slots reserved=4294967296 bytes
[Subsystems] Discovering subsystems at path C:/Program Files/Unity/Hub/Editor/6000.6.0f1/Editor/Data/Resources/UnitySubsystems
[Subsystems] Discovering subsystems at path D:/RPTU/Thesis/Project/Frontend/Assets
Forcing GfxDevice: Null
GfxDevice: creating device client; kGfxThreadingModeNonThreaded
NullGfxDevice:
    Version:  NULL 1.0 [1.0]
    Renderer: Null Device
    Vendor:   Unity Technologies
Initialize mono
Mono path[0] = 'C:/Program Files/Unity/Hub/Editor/6000.6.0f1/Editor/Data/Managed'
Mono path[1] = 'C:/Program Files/Unity/Hub/Editor/6000.6.0f1/Editor/Data/BCLExtensions/runtime/netstandard2.1'
Mono path[2] = 'C:/Program Files/Unity/Hub/Editor/6000.6.0f1/Editor/Data/MonoBleedingEdge/lib/mono/unityjit-win32'
Mono config path = 'C:/Program Files/Unity/Hub/Editor/6000.6.0f1/Editor/Data/MonoBleedingEdge/etc'
Using monoOptions --debugger-agent=transport=dt_socket,embedding=1,server=y,suspend=n,address=127.0.0.1:56924
CodeReloadManager initialized
ImportWorker Server TCP listen port: 0
AcceleratorClientConnectionCallback - disconnected - :0
Begin MonoManager ReloadAssembly
Registering precompiled unity dll's ...
Register platform support module: C:/Program Files/Unity/Hub/Editor/6000.6.0f1/Editor/Data/PlaybackEngines/WebGLSupport/UnityEditor.WebGL.Extensions.dll
Register platform support module: C:/Program Files/Unity/Hub/Editor/6000.6.0f1/Editor/Data/PlaybackEngines/WindowsStandaloneSupport/UnityEditor.WindowsStandalone.Extensions.dll
Registered in 0.005449 seconds.
Native extension for WindowsStandalone target not found
Native extension for WebGL target not found
Package Manager log level set to [2]
ScheduleIndexationOnStartup MainProcess:False IndexOnStartup:True
Scripting: successfully reloaded assembly
- Finished resetting the current domain, in  1.280 seconds
Domain Reload Profiling: 2153ms
	BeginReloadAssembly (246ms)
		CreateAndSetChildDomain (24ms)
	RebuildCommonClasses (10ms)
	RebuildNativeTypeToScriptingClass (29ms)
	initialDomainReloadingComplete (104ms)
	LoadAllAssembliesAndSetupDomain (482ms)
		LoadAssemblies (216ms)
		TypeCache.Refresh (324ms)
			TypeCache.ScanAssembly (301ms)
		AnalyzeDomain (2ms)
	FinalizeReload (1282ms)
		SetupLoadedEditorAssemblies (0ms)
			InitializePlatformSupportModulesInManaged (4ms)
			BeforeProcessingInitializeOnLoad (133ms)
			ProcessInitializeOnLoadAttributes (165ms)
			ProcessInitializeOnLoadMethodAttributes (647ms)
			EditorAssembliesLoaded (5ms)
[Licensing::Client] Successfully resolved entitlement details
Application.AssetDatabase Initial Refresh Start
[Package Manager] Restoring resolved packages state from cache
[Licensing::Client] Successfully resolved entitlement details
[Package Manager] Registered 3 packages:
  Built-in packages:
    com.unity.modules.imageconversion@1.0.0 (location: D:\RPTU\Thesis\Project\Frontend\Library\PackageCache\com.unity.modules.imageconversion)
    com.unity.modules.physics@1.0.0 (location: D:\RPTU\Thesis\Project\Frontend\Library\PackageCache\com.unity.modules.physics)
    com.unity.modules.imgui@1.0.0 (location: D:\RPTU\Thesis\Project\Frontend\Library\PackageCache\com.unity.modules.imgui)
[Subsystems] No new subsystems found in resolved package list.
[Package Manager] Done registering packages in 0.01 seconds
[ScriptCompilation] Requested script compilation because: AssetDatabase observed changes in script compilation related files
Starting: C:\Program Files\Unity\Hub\Editor\6000.6.0f1\Editor\Data\Tools\BuildPipeline\bee_backend.exe --ipc --defer-dag-verification --dagfile="Library/Bee/1900b0aE.dag" --continue-on-failure --profile="Library/Bee/backend1.traceevents" ScriptAssemblies
WorkingDir: D:/RPTU/Thesis/Project/Frontend
DisplayProgressbar: Compiling Scripts
ExitCode: 4 Duration: 0s381ms
Rebuilding DAG because FileSignature timestamp changed: Library/Bee/1900b0aE-inputdata.json
*** Tundra requires additional run (0.11 seconds), 0 items updated, 45 evaluated
Starting: C:\Program Files\Unity\Hub\Editor\6000.6.0f1\Editor\Data\DotNetSdk\dotnet.exe "C:\Program Files\Unity\Hub\Editor\6000.6.0f1\Editor\Data\Tools\BuildPipeline\ScriptCompilationBuildProgram.exe" "Library/Bee/1900b0aE.dag.json" "Library/Bee/1900b0aE-inputdata.json" "Library\Bee\buildprogram0.traceevents"
WorkingDir: D:/RPTU/Thesis/Project/Frontend
ExitCode: 0 Duration: 0s390ms
Starting: C:\Program Files\Unity\Hub\Editor\6000.6.0f1\Editor\Data\Tools\BuildPipeline\bee_backend.exe --ipc --defer-dag-verification --dagfile="Library/Bee/1900b0aE.dag" --continue-on-failure --dagfilejson="Library\Bee\1900b0aE.dag.json" --profile="Library/Bee/backend2.traceevents" ScriptAssemblies
WorkingDir: D:/RPTU/Thesis/Project/Frontend
ExitCode: 0 Duration: 1s942ms
Finished compiling graph: 185 nodes, 660 flattened edges (652 ToBuild, 4 ToUse), maximum node priority 20
[171/182    0s] WriteText Library/Bee/artifacts/1900b0aE.dag/Assembly-CSharp-Editor.rsp
[172/182    0s] WriteText Library/Bee/artifacts/1900b0aE.dag/Assembly-CSharp.rsp
[173/182    0s] ILPP-Configuration Library/ilpp-configuration.nevergeneratedoutput
[174/182    0s] Csc Library/Bee/artifacts/1900b0aE.dag/Assembly-CSharp.dll (+2 others)
[175/182    0s] ILPostProcess Library/Bee/artifacts/1900b0aE.dag/post-processed/Assembly-CSharp.dll (+pdb)
Processing assembly Library/Bee/artifacts/1900b0aE.dag/Assembly-CSharp.dll, with 148 defines and 251 references

processors: zzzUnity.Burst.CodeGen.BurstILPostProcessor

1 processor(s) skipped this assembly
[176/182    0s] CopyFiles Library/ScriptAssemblies/Assembly-CSharp.pdb
[177/182    0s] CopyFiles Library/ScriptAssemblies/Assembly-CSharp.dll
[178/182    0s] Csc Library/Bee/artifacts/1900b0aE.dag/Assembly-CSharp-Editor.dll (+2 others)
[179/182    0s] ILPostProcess Library/Bee/artifacts/1900b0aE.dag/post-processed/Assembly-CSharp-Editor.dll (+pdb)
Processing assembly Library/Bee/artifacts/1900b0aE.dag/Assembly-CSharp-Editor.dll, with 146 defines and 296 references

processors: zzzUnity.Burst.CodeGen.BurstILPostProcessor

1 processor(s) skipped this assembly
[180/182    0s] CopyFiles Library/ScriptAssemblies/Assembly-CSharp-Editor.pdb
[181/182    0s] CopyFiles Library/ScriptAssemblies/Assembly-CSharp-Editor.dll
*** Tundra build success (1.89 seconds), 11 items updated, 182 evaluated
Total cache size 47846736
Total cache size after purge 47846736, took 00:00:00.0812459
AssetDatabase: script compilation time: 3.651190s
Begin MonoManager ReloadAssembly
Native extension for WindowsStandalone target not found
Native extension for WebGL target not found
ScheduleIndexationOnStartup MainProcess:True IndexOnStartup:True
Scripting: successfully reloaded assembly
- Finished resetting the current domain, in  0.574 seconds
Domain Reload Profiling: 1151ms
	BeginReloadAssembly (333ms)
		DisableScriptedObjects (49ms)
		CreateAndSetChildDomain (68ms)
	RebuildCommonClasses (12ms)
	RebuildNativeTypeToScriptingClass (19ms)
	initialDomainReloadingComplete (48ms)
	LoadAllAssembliesAndSetupDomain (163ms)
		LoadAssemblies (136ms)
		TypeCache.Refresh (7ms)
		AnalyzeDomain (5ms)
			BuildScriptInfoCaches (3ms)
	FinalizeReload (577ms)
		SetupLoadedEditorAssemblies (0ms)
			InitializePlatformSupportModulesInManaged (3ms)
			BeforeProcessingInitializeOnLoad (132ms)
			ProcessInitializeOnLoadAttributes (87ms)
			ProcessInitializeOnLoadMethodAttributes (49ms)
			AfterProcessingInitializeOnLoad (7ms)
		AwakeInstancesAfterBackupRestoration (42ms)
Starting new worker id: 0 with log in D:/RPTU/Thesis/Project/Frontend/Logs/AssetImportWorkerHW0.log

Asset Pipeline Refresh (id=7df51419991466944bfa946d31d4cf58): Total: 5.240 seconds - Initiated by InitialRefreshV2(ForceSynchronousImport)
	(Values over 0.05ms)
	Summary:
		Imports: total=0 (actual=0, local cache=0, cache server=0)
		Asset DB Process Time: managed=0 ms, native=765 ms
		Asset DB Callback time: managed=178 ms, native=17 ms
		Scripting: domain reloads=1, domain reload time=615 ms, compile time=3655 ms, other=7 ms
		Project Asset Count: scripts=46, non-scripts=26
		Asset File Changes: new=6, changed=6, moved=0, deleted=0
		Scan Filter Count: 0
	InvokePackagesCallback: 10.957ms
	ApplyChangesToAssetFolders: 0.619ms
	Scan: 45.785ms
	Collect global state as custom dependencies: 17.016ms
	OnSourceAssetsModified: 1.749ms
	CategorizeScriptCompilationAssets: 0.315ms
	ProcessAssetsWithTransientArtifactChanges: 3.803ms
	CategorizeAssets: 3.014ms
	CompileScripts: 3655.165ms
	ImportOutOfDateAssets: 602.856ms (580.905ms without children)
		UnloadImportedAssets: 0.109ms
		ImportSchedulerStart: 21.815ms
	PostProcessAllAssets: 182.868ms
		VCAutoAddAssetPostprocess 4.124ms
		Canvas.OnAllAssetImport 0.333ms
		WindowTitlePostprocess 0.295ms
		VersionControlSettings.HiddenFilePostprocess 0.082ms
		MonoPostProcessAllAssets: 176.133ms
			StyleCatalogPostProcessor.OnPostprocessAllAssets 60.305ms
			SyncVS.PostprocessSyncProject 42.518ms
			AssetPostprocessor.OnPostprocessAllAssets 28.953ms
			WindowAssetPostprocessingWatcher.OnPostprocessAllAssets 11.384ms
			BuilderAssetPostprocessor.OnPostprocessAllAssets 7.453ms
			AssetChangedListener.OnPostprocessAllAssets 2.479ms
			RetainedModeAssetPostprocessor.OnPostprocessAllAssets 1.804ms
			EditModeScopePostprocessor.OnPostprocessAllAssets 1.750ms
			TextAssetPostProcessor.OnPostprocessAllAssets 1.349ms
			ArtifactBrowserPostProcessor.OnPostprocessAllAssets 0.985ms
			SpeedTree9Postprocessor.OnPostprocessAllAssets 0.974ms
			ReferencedClipsPostProcessor.OnPostprocessAllAssets 0.433ms
			AudioMixerPostprocessor.OnPostprocessAllAssets 0.383ms
			AssetEvents.OnPostprocessAllAssets 0.331ms
			ConfigAssetsTracker.OnPostprocessAllAssets 0.311ms
			TerrainToolbarOverlayPostProcessor.OnPostprocessAllAssets 0.291ms
			ThemePostprocessor.OnPostprocessAllAssets 0.252ms
			SpeedTreePostProcessor.OnPostprocessAllAssets 0.219ms
			AssetDatabaseCallbacks.OnPostprocessAllAssets 0.217ms
			ScenarioDriftAssetsTracker.OnPostprocessAllAssets 0.184ms
			RenderPipelineGlobalSettingsPostprocessor.OnPostprocessAllAssets 0.146ms
			AudioContainerPostProcessor.OnPostprocessAllAssets 0.120ms
	PostAssetChangesProfiler: 2.713ms
	UnloadStreamsBegin: 1.963ms
	GenerateScriptTypeHashes: 0.386ms
	GenerateScriptTypeSerializationHashes: 0.383ms
	Untracked: 664.454ms

Application.AssetDatabase Initial Refresh End
Scanning for USB devices : 2.150ms
Initializing Unity extensions:
[MODES] ModeService[none].Initialize
[MODES] ModeService[none].LoadModes
[MODES] Loading mode Default (0) for mode-current-id-Frontend
Unloading 3 Unused Serialized files (Serialized files now loaded: 0)
Unloading 29 unused Assets / (0.5 MB). Loaded Objects now: 755.
Memory consumption went from 218.1 MB to 217.6 MB.
Total: 8.366600 ms (FindLiveObjects: 0.257900 ms CreateObjectMapping: 0.016500 ms MarkObjects: 7.195800 ms  DeleteObjects: 0.386300 ms)

Opening scene 'Assets/Scenes/GearboxAssembly.unity'
Unloading 1 Unused Serialized files (Serialized files now loaded: 0)
Loaded scene 'Assets/Scenes/GearboxAssembly.unity'
	Deserialize:            44.863 ms
	Integration:            425.463 ms
	Integration of assets:  0.014 ms
	Thread Wait Time:       0.100 ms
	Total Operation Time:   470.439 ms
Unloading 8 unused Assets / (16.9 KB). Loaded Objects now: 1192.
Memory consumption went from 242.4 MB to 242.4 MB.
Total: 6.045400 ms (FindLiveObjects: 0.226300 ms CreateObjectMapping: 0.013500 ms MarkObjects: 5.601300 ms  DeleteObjects: 0.027700 ms)

Launched and connected shader compiler UnityShaderCompiler.exe after 0.02 seconds
Importing 'GUID: a5b7ddd88356a3d419971d32141c70e8 - Path: Assets/Materials/RobotOrange.mat' with importer (NativeFormatImporter)
Imported 'GUID: a5b7ddd88356a3d419971d32141c70e8' -> (Import Result ID: 'd906fdf5c389c3469089927dd9ac3035') in 0.006 seconds [static dependencies only]. Details - ImportResultOutputID=5d65ba06a455d2390b61079350b5217e DependenciesID=0761d46c42b67ad67156ff6d06f96010 StaticDependenciesID=22228331f711296aa6b510d7a4193218 
Asset Pipeline Refresh (id=651fff8070355024490574ba0776822d): Total: 0.044 seconds - Initiated by StopAssetImportingV2(NoUpdateAssetOptions)
Importing 'GUID: 43b7451419e0fc740be649d575978368 - Path: Assets/Materials/RobotDark.mat' with importer (NativeFormatImporter)
Imported 'GUID: 43b7451419e0fc740be649d575978368' -> (Import Result ID: 'd399725f4fa6cddaba0fd904cf723c26') in 0.005 seconds [static dependencies only]. Details - ImportResultOutputID=b8869b8e74ce0c8c5e1992d4dd6825e0 DependenciesID=07463aca8357f2efb523b2126545f863 StaticDependenciesID=ba706086ad7f44853bc8b9d9f96087e9 
Asset Pipeline Refresh (id=c7015e39da2742e4bb94d8890d98c946): Total: 0.018 seconds - Initiated by StopAssetImportingV2(NoUpdateAssetOptions)
Importing 'GUID: 7053166025b35c346964ea6bad0d3c6e - Path: Assets/ScriptableObjects/RobotHome.asset' with importer (NativeFormatImporter)
Imported 'GUID: 7053166025b35c346964ea6bad0d3c6e' -> (Import Result ID: '9b442d834a8b7e67c24b66009642d90c') in 0.001 seconds [static dependencies only]. Details - ImportResultOutputID=d0bc78dedce6dcc1b44a024677986781 DependenciesID=5f979a148942f74820529c7b5452fa5b StaticDependenciesID=20fdd2425b04786f685c26150aedd9e8 
Asset Pipeline Refresh (id=e0dbf66f3fe74dd4094077ccbdfa3564): Total: 0.020 seconds - Initiated by StopAssetImportingV2(NoUpdateAssetOptions)
Importing 'GUID: b2e8ca1cfcb09e949967bdc914c1e7f7 - Path: Assets/ScriptableObjects/RobotTraySafe.asset' with importer (NativeFormatImporter)
Imported 'GUID: b2e8ca1cfcb09e949967bdc914c1e7f7' -> (Import Result ID: '3cf80cc78fd810128afd9a1db106814d') in 0.001 seconds [static dependencies only]. Details - ImportResultOutputID=53245d5ebd5b22af18cc636db93a847e DependenciesID=bd27ca04e59f4f281d23e8f79955aad1 StaticDependenciesID=8924f74a52cbfb574b44ad32b6048c87 
Asset Pipeline Refresh (id=4acacbeddc408334395bf478a3b36bcf): Total: 0.018 seconds - Initiated by StopAssetImportingV2(NoUpdateAssetOptions)
Importing 'GUID: 728460307f68ef1419f44d24b664f6f1 - Path: Assets/ScriptableObjects/RobotAssemblySafe.asset' with importer (NativeFormatImporter)
Imported 'GUID: 728460307f68ef1419f44d24b664f6f1' -> (Import Result ID: 'dc9b3853dffe9b739c81c0c2357b9850') in 0.001 seconds [static dependencies only]. Details - ImportResultOutputID=315e1d5a9238ebf70db9e7edb7d6d1ad DependenciesID=3f313eb725472dffa1c8dccdac773863 StaticDependenciesID=a75a03ac49fd86bdca4f9f82ac5a9d66 
Asset Pipeline Refresh (id=39e4acb26df63024c96a7a3fb98b8bf7): Total: 0.018 seconds - Initiated by StopAssetImportingV2(NoUpdateAssetOptions)
Importing 'GUID: b3299578821e747418ca6c89517c32fd - Path: Assets/ScriptableObjects/RobotHumanSafe.asset' with importer (NativeFormatImporter)
Imported 'GUID: b3299578821e747418ca6c89517c32fd' -> (Import Result ID: '8b48c52639c65f0c722bc937c1e86a10') in 0.001 seconds [static dependencies only]. Details - ImportResultOutputID=fdfab07a6a10db24912632d0d292b206 DependenciesID=211f70760515cecee9a3e641fff92361 StaticDependenciesID=08516b0daab9ac81ebd7c7d76cf93e78 
Asset Pipeline Refresh (id=4b712172de9d12e41ada4736692d2667): Total: 0.016 seconds - Initiated by StopAssetImportingV2(NoUpdateAssetOptions)
Importing 'GUID: 7053166025b35c346964ea6bad0d3c6e - Path: Assets/ScriptableObjects/RobotHome.asset' with importer (NativeFormatImporter)
Imported 'GUID: 7053166025b35c346964ea6bad0d3c6e' -> (Import Result ID: '5c4fd193075ac15eb72968922277d645') in 0.001 seconds [static dependencies only]. Details - ImportResultOutputID=d0bc78dedce6dcc1b44a024677986781 DependenciesID=4297e5153bd0a3db29a31b5490a02554 StaticDependenciesID=fbae50a70c57e5ab8e2371d3c728273d 
Importing 'GUID: 728460307f68ef1419f44d24b664f6f1 - Path: Assets/ScriptableObjects/RobotAssemblySafe.asset' with importer (NativeFormatImporter)
Imported 'GUID: 728460307f68ef1419f44d24b664f6f1' -> (Import Result ID: '2515faaf8b8eb024a125a34e48503c01') in 0.001 seconds [static dependencies only]. Details - ImportResultOutputID=315e1d5a9238ebf70db9e7edb7d6d1ad DependenciesID=fd8b36772f601475e6108fdb1116dbe7 StaticDependenciesID=c5ea89e091e0cec9eeaa9dc14561e88a 
Importing 'GUID: b2e8ca1cfcb09e949967bdc914c1e7f7 - Path: Assets/ScriptableObjects/RobotTraySafe.asset' with importer (NativeFormatImporter)
Imported 'GUID: b2e8ca1cfcb09e949967bdc914c1e7f7' -> (Import Result ID: '3ce61f652c283020f6895fb7dc333e27') in 0.001 seconds [static dependencies only]. Details - ImportResultOutputID=53245d5ebd5b22af18cc636db93a847e DependenciesID=9df632fb0f09397f58f5e8a53db55419 StaticDependenciesID=9c388dd19f9e0c7c7338a98e78f43ecc 
Importing 'GUID: b3299578821e747418ca6c89517c32fd - Path: Assets/ScriptableObjects/RobotHumanSafe.asset' with importer (NativeFormatImporter)
Imported 'GUID: b3299578821e747418ca6c89517c32fd' -> (Import Result ID: 'a833a98a7cad5076af33abd7199b631a') in 0.001 seconds [static dependencies only]. Details - ImportResultOutputID=fdfab07a6a10db24912632d0d292b206 DependenciesID=93313adb1f2e5354d8649e3be636e3df StaticDependenciesID=132707b070620b48d2d1352b1ee04c2d 
Asset Pipeline Refresh (id=faf79020398a00a4fb2340cc4b654836): Total: 0.009 seconds - Initiated by StopAssetImportingV2(NoUpdateAssetOptions)
Importing 'GUID: 49747deddcd78a94bbb9da8ba8c09521 - Path: Assets/Scenes/GearboxAssembly.unity' with importer (DefaultImporter)
Imported 'GUID: 49747deddcd78a94bbb9da8ba8c09521' -> (Import Result ID: '52bef76b6db6028e0a5d5cf2d3a397bd') in 0.001 seconds [static dependencies only]. Details - ImportResultOutputID=fda1a82140877392559da014a9fa89f0 DependenciesID=ce93f686985fbb9253868dcf39790dfa StaticDependenciesID=4a39265dec5d79b63f6e5f7035ec38a9 
Asset Pipeline Refresh (id=939e81fa5787b4342a16208f9ef63d77): Total: 0.007 seconds - Initiated by StopAssetImportingV2(NoUpdateAssetOptions)
Tray bounds: (1.4000, 0.0500, 1.0000); workstation tabletop: (2.2000, 0.1000, 1.2000); assembly mat: (1.3000, 0.0300, 0.8000)
Housing: existing collider bounds (0.2400, 0.1200, 0.2400)
OutputShaft: existing collider bounds (0.1847, 0.1600, 0.1680)
PinCarrier: existing collider bounds (0.1727, 0.0624, 0.1560)
Gear: existing collider bounds (0.0789, 0.0400, 0.0800)
SpurGear: existing collider bounds (0.0800, 0.1520, 0.0789)
Lid: existing collider bounds (0.2400, 0.0400, 0.2400)
Screw: existing collider bounds (0.0400, 0.0800, 0.0400)
Base world: (-0.2000, 0.0000, -0.6900); shoulder height 1.362 m; farthest tray/mat corner radius 2.740 m
Upper link 1.568 m; forearm 1.447 m; wrist/tool 0.390 m; planar reach 3.015 m; safe tool height 1.684 m
Home: 0.00, -35.00, 70.00, 0.00, 145.00, 0.00
TraySafe: -58.25, 23.64, 96.38, -15.00, 59.98, 15.00
AssemblySafe: 58.25, 23.64, 96.38, 15.00, 59.98, -15.00
HumanSafe: 180.00, -35.00, 70.00, -20.00, 145.00, 20.00
UnityEngine.Debug:ExtractStackTraceNoAlloc (byte*,int,string)
UnityEngine.StackTraceUtility:ExtractStackTrace ()
UnityEngine.DebugLogHandler:Internal_Log (UnityEngine.LogType,UnityEngine.LogOption,string,UnityEngine.Object)
UnityEngine.DebugLogHandler:LogFormat (UnityEngine.LogType,UnityEngine.Object,string,object[])
UnityEngine.Logger:Log (UnityEngine.LogType,object)
UnityEngine.Debug:Log (object)
GearboxDemo.Editor.GearboxRobotBuilder:Build () (at Assets/Editor/GearboxRobotBuilder.cs:119)
GearboxDemo.Editor.GearboxRobotBuilder:RunBatch () (at Assets/Editor/GearboxRobotBuilder.cs:159)

(Filename: Assets/Editor/GearboxRobotBuilder.cs Line: 119)

Worker ready: AssetImportWorkerHW0 0
Batchmode quit successfully invoked - shutting down!
[Physics::Module] Cleanup current backend.
[Physics::Module] Id: 0xf2b8ea05
Input System module state changed to: ShutdownInProgress.
Input Polling Thread exited.
Input System module state changed to: Shutdown.
[Licensing::IpcConnector] LicenseClient-Harsh-notifications channel disconnected successfully.
[Licensing::IpcConnector] LicenseClient-Harsh channel disconnected successfully.
Lingering sessions upon destruction of worker manager
Unity Data Store service was successfully shut down
UDS shutting down local client system
Shut down UDS service system complete
AcceleratorClientConnectionCallback - disconnected - :0
Cleanup mono
CodeReloadManager destroyed
Exiting batchmode successfully now!
[ExitDontLaunchBugReporter] Exiting without the bug reporter. Application will exit with return code 0
