VBCSCompilerPreWarmer: pre-warm launched (dotnet PID 1480)
VBCSCompiler prewarm took 8.12 ms
[Licensing::Module] Trying to connect to existing licensing client channel...
Built from '6000.6/respin/6000.6.0f1-fa21a270ab12' branch; Version is '6000.6.0f1 (f7f8ed4d1e24) revision 16251117'; Using compiler version '194234433'; Build Type 'Release'
[Licensing::IpcConnector] Successfully connected to: "LicenseClient-Harsh" at "2026-09-20T21:53:48.6589729Z"
OS: 'Windows 11  (10.0.26200) CoreSingleLanguage' Language: 'en' Physical Memory: 16088 MB
BatchMode: 1, IsHumanControllingUs: 0, StartBugReporterOnCrash: 0, Is64bit: 1
System  architecture: x64
Process architecture: x64
Date: 2026-09-20T21:53:48Z
[Licensing::Client] Code 10 while verifying Licensing Client signature (process Id: 22244, path: "C:/Program Files/Unity Hub/UnityLicensingClient_V1/Unity.Licensing.Client.exe")
[Licensing::Module] LicensingClient has failed validation; ignoring
[Licensing::Client] Handshaking with LicensingClient:
  Version:                 1.18.3+d7ffd15
  Session Id:              60be2423b27e4f09b4dcdb7b7c2a4d43
  Correlation Id:          ccc8ba1353ff48d5208692868c3352db
  External correlation Id: 6033267829192863154
  Machine Id:              Hbp6cIbiWcEt7uCUfLOsR8jmd/w=
[Licensing::Module] Successfully connected to LicensingClient on channel: "LicenseClient-Harsh" (connect: 0.00s, validation: 0.00s, handshake: 0.07s)
[Licensing::IpcConnector] Successfully connected to: "LicenseClient-Harsh-notifications" at "2026-09-20T21:53:48.7349456Z"
[Licensing::Module] Error: Access token is unavailable; failed to update
[Licensing::Client] Successfully resolved entitlement details
[Licensing::Module] License group:
  Id: 9072445264484-UnityPersXXXX
  Product: Unity Personal
  Type: Assigned
  Expiration: Unlimited
[Licensing::Client] Successfully updated license, isAsync: True, time: 0.00
[Licensing::Client] Successfully resolved entitlement details
[Licensing::Module] Licensing Background thread has ended after 0.09s

COMMAND LINE ARGUMENTS:
C:\Program Files\Unity\Hub\Editor\6000.6.0f1\Editor\Unity.exe
-batchmode
-quit
-projectPath
D:\RPTU\Thesis\Project\Frontend
-executeMethod
GearboxDemo.Editor.GearboxWorkerBuilder.FinishVisualsBatch
-logFile
D:\RPTU\Thesis\Project\Frontend\unity-worker-preview.log
Successfully changed project path to: D:\RPTU\Thesis\Project\Frontend
D:/RPTU/Thesis/Project/Frontend
[UnityMemory] Configuration Parameters - Can be set up in boot.config
    "memorysetup-temp-allocator-size-gi-baking-worker=262144"
    "memorysetup-temp-allocator-size-gi-baking-worker=262144"
    "memorysetup-temp-allocator-size-gi-baking-worker=262144"
    "memorysetup-temp-allocator-size-gi-baking-worker=262144"
    "memorysetup-temp-allocator-size-gi-baking-worker=262144"
    "memorysetup-temp-allocator-size-nav-mesh-worker=65536"
    "memorysetup-temp-allocator-size-audio-worker=65536"
    "memorysetup-temp-allocator-size-cloud-worker=32768"
    "memorysetup-temp-allocator-size-gfx=262144"
    "memorysetup-remapper-allocator-initial-capacity=32768"
    "memorysetup-temp-allocator-size-preload-manager=33554432"
    "memorysetup-allocator-temp-initial-block-size-main=262144"
    "memorysetup-allocator-temp-initial-block-size-worker=262144"
    "memorysetup-temp-allocator-size-job-worker=262144"
    "memorysetup-temp-allocator-size-background-worker=32768"
    "memorysetup-bucket-allocator-granularity=16"
    "memorysetup-bucket-allocator-bucket-count=8"
    "memorysetup-bucket-allocator-block-size=33554432"
    "memorysetup-bucket-allocator-block-count=8"
    "memorysetup-main-allocator-block-size=16777216"
    "memorysetup-thread-allocator-block-size=16777216"
    "memorysetup-main-allocator-mimalloc-enabled=1"
    "memorysetup-gfx-main-allocator-block-size=16777216"
    "memorysetup-gfx-thread-allocator-block-size=16777216"
    "memorysetup-cache-allocator-block-size=4194304"
    "memorysetup-typetree-allocator-block-size=2097152"
    "memorysetup-profiler-bucket-allocator-granularity=16"
    "memorysetup-profiler-bucket-allocator-bucket-count=8"
    "memorysetup-profiler-bucket-allocator-block-size=33554432"
    "memorysetup-profiler-bucket-allocator-block-count=8"
    "memorysetup-profiler-allocator-block-size=16777216"
    "memorysetup-profiler-editor-allocator-block-size=1048576"
    "memorysetup-temp-allocator-size-main=16777216"
    "memorysetup-job-temp-allocator-block-size=2097152"
    "memorysetup-job-temp-allocator-block-size-background=1048576"
    "memorysetup-job-temp-allocator-reduction-small-platforms=262144"
Logging is directed to a specific file, skipping project log.
Player connection [27480]  Target information:

Player connection [27480]  * "[IP] 192.168.178.35 [Port] 55504 [Flags] 2 [Guid] 2224884867 [EditorId] 2224884867 [Version] 1048832 [Id] WindowsEditor(7,LAPTOP-CQ1FOJIL) [Debug] 1 [PackageName] WindowsEditor [ProjectName] Editor" 

Player connection [27480] Host joined multi-casting on [225.0.0.222:54997]...
Player connection [27480] Host joined alternative multi-casting on [225.0.0.222:34997]...
Input System module state changed to: Initialized.
[Physics::Module] Initialized fallback backend.
[Physics::Module] Id: 0xdecafbad
[Package Manager] Connected to IPC stream "Upm-2732" after 0.3 seconds.
[Licensing::Client] Successfully resolved entitlement details
Library Redirect Path: Library/
Initialising UDS system complete:
  - System type: Client
  - Resource namespace: 9f1c73524ddb5bde77655c46fabdf276
  - Shared memory size: 1073741824
  - Command buffer id: 1052576
  - Command buffer size: 8192
  - Hashmap size: 4194304
  - Service connected: false
Launching Unity Data Store - C:/Program Files/Unity/Hub/Editor/6000.6.0f1/Editor/Data/Tools/Unity.DataStore.exe 
Unity Data Store artifact dir = Library/DataStore, working dir = D:/RPTU/Thesis/Project/Frontend[Physics::Module] Selected backend.
[Physics::Module] Name: PhysX
[Physics::Module] Id: 0xf2b8ea05
[Physics::Module] SDK Version: 4.1.2
[Physics::Module] Integration Version: 1.0.0
[Physics::Module] Threading Mode: Multi-Threaded
Unity Data Store running and initialised
Initialize engine version: 6000.6.0f1 (f7f8ed4d1e24)
[EntityIdStore] init: VM path (explicit commit), pageSize=4096, blockCount=1048576, entitiesPerBlock=256, slots reserved=4294967296 bytes
[Subsystems] Discovering subsystems at path C:/Program Files/Unity/Hub/Editor/6000.6.0f1/Editor/Data/Resources/UnitySubsystems
[Subsystems] Discovering subsystems at path D:/RPTU/Thesis/Project/Frontend/Assets
GfxDevice: creating device client; kGfxThreadingModeNonThreaded
d3d12: failed to query info queue interface (0x80004002).
Direct3D:
    Version:         Direct3D 12 [level 12.2]
    Renderer:        NVIDIA GeForce RTX 3050 Ti Laptop GPU (ID=0x25a0)
    Vendor:          NVIDIA
    VRAM:            3962 MB
    App VRAM Budget: 3367 MB
    Driver:          32.0.16.1062
Initialize mono
Mono path[0] = 'C:/Program Files/Unity/Hub/Editor/6000.6.0f1/Editor/Data/Managed'
Mono path[1] = 'C:/Program Files/Unity/Hub/Editor/6000.6.0f1/Editor/Data/BCLExtensions/runtime/netstandard2.1'
Mono path[2] = 'C:/Program Files/Unity/Hub/Editor/6000.6.0f1/Editor/Data/MonoBleedingEdge/lib/mono/unityjit-win32'
Mono config path = 'C:/Program Files/Unity/Hub/Editor/6000.6.0f1/Editor/Data/MonoBleedingEdge/etc'
Using monoOptions --debugger-agent=transport=dt_socket,embedding=1,server=y,suspend=n,address=127.0.0.1:56732
CodeReloadManager initialized
ImportWorker Server TCP listen port: 0
AcceleratorClientConnectionCallback - disconnected - :0
Begin MonoManager ReloadAssembly
Registering precompiled unity dll's ...
Register platform support module: C:/Program Files/Unity/Hub/Editor/6000.6.0f1/Editor/Data/PlaybackEngines/WebGLSupport/UnityEditor.WebGL.Extensions.dll
Register platform support module: C:/Program Files/Unity/Hub/Editor/6000.6.0f1/Editor/Data/PlaybackEngines/WindowsStandaloneSupport/UnityEditor.WindowsStandalone.Extensions.dll
Registered in 0.002259 seconds.
Native extension for WindowsStandalone target not found
Native extension for WebGL target not found
Package Manager log level set to [2]
ScheduleIndexationOnStartup MainProcess:False IndexOnStartup:True
Scripting: successfully reloaded assembly
- Finished resetting the current domain, in  0.897 seconds
Domain Reload Profiling: 1596ms
	BeginReloadAssembly (167ms)
		CreateAndSetChildDomain (10ms)
	RebuildCommonClasses (7ms)
	RebuildNativeTypeToScriptingClass (21ms)
	initialDomainReloadingComplete (82ms)
	LoadAllAssembliesAndSetupDomain (420ms)
		LoadAssemblies (154ms)
		TypeCache.Refresh (283ms)
			TypeCache.ScanAssembly (263ms)
		AnalyzeDomain (1ms)
	FinalizeReload (899ms)
		SetupLoadedEditorAssemblies (0ms)
			InitializePlatformSupportModulesInManaged (3ms)
			BeforeProcessingInitializeOnLoad (131ms)
			ProcessInitializeOnLoadAttributes (194ms)
			ProcessInitializeOnLoadMethodAttributes (276ms)
[Licensing::Client] Successfully resolved entitlement details
Application.AssetDatabase Initial Refresh Start
[Package Manager] Restoring resolved packages state from cache
[Licensing::Client] Successfully resolved entitlement details
[Package Manager] Registered 9 packages:
  Packages from [https://packages.unity.com]:
    com.unity.inputsystem@1.20.0 (location: D:\RPTU\Thesis\Project\Frontend\Library\PackageCache\com.unity.inputsystem@7a4e1a2a8194)
  Built-in packages:
    com.unity.modules.imageconversion@1.0.0 (location: D:\RPTU\Thesis\Project\Frontend\Library\PackageCache\com.unity.modules.imageconversion)
    com.unity.modules.physics@1.0.0 (location: D:\RPTU\Thesis\Project\Frontend\Library\PackageCache\com.unity.modules.physics)
    com.unity.modules.imgui@1.0.0 (location: D:\RPTU\Thesis\Project\Frontend\Library\PackageCache\com.unity.modules.imgui)
    com.unity.modules.uielements@1.0.0 (location: D:\RPTU\Thesis\Project\Frontend\Library\PackageCache\com.unity.modules.uielements)
    com.unity.modules.ui@1.0.0 (location: D:\RPTU\Thesis\Project\Frontend\Library\PackageCache\com.unity.modules.ui)
    com.unity.modules.jsonserialize@1.0.0 (location: D:\RPTU\Thesis\Project\Frontend\Library\PackageCache\com.unity.modules.jsonserialize)
    com.unity.modules.hierarchycore@1.0.0 (location: D:\RPTU\Thesis\Project\Frontend\Library\PackageCache\com.unity.modules.hierarchycore)
    com.unity.modules.animation@1.0.0 (location: D:\RPTU\Thesis\Project\Frontend\Library\PackageCache\com.unity.modules.animation)
[Subsystems] No new subsystems found in resolved package list.
[Package Manager] Done registering packages in 0.01 seconds
[ScriptCompilation] Requested script compilation because: AssetDatabase observed changes in script compilation related files
Starting: C:\Program Files\Unity\Hub\Editor\6000.6.0f1\Editor\Data\Tools\BuildPipeline\bee_backend.exe --ipc --defer-dag-verification --dagfile="Library/Bee/1900b0aE.dag" --continue-on-failure --profile="Library/Bee/backend1.traceevents" ScriptAssemblies
WorkingDir: D:/RPTU/Thesis/Project/Frontend
DisplayProgressbar: Compiling Scripts
ExitCode: 0 Duration: 2s55ms
[205/225    0s] ILPP-Configuration Library/ilpp-configuration.nevergeneratedoutput
[221/225    0s] Csc Library/Bee/artifacts/1900b0aE.dag/Assembly-CSharp-Editor.dll (+2 others)
[222/225    0s] ILPostProcess Library/Bee/artifacts/1900b0aE.dag/post-processed/Assembly-CSharp-Editor.dll (+pdb)
Processing assembly Library/Bee/artifacts/1900b0aE.dag/Assembly-CSharp-Editor.dll, with 146 defines and 299 references

processors: zzzUnity.Burst.CodeGen.BurstILPostProcessor

1 processor(s) skipped this assembly
[223/225    0s] CopyFiles Library/ScriptAssemblies/Assembly-CSharp-Editor.pdb
[224/225    0s] CopyFiles Library/ScriptAssemblies/Assembly-CSharp-Editor.dll
*** Tundra build success (2.01 seconds), 5 items updated, 225 evaluated
Total cache size 51054224
Total cache size after purge 51054224, took 00:00:00.0737081
AssetDatabase: script compilation time: 3.020826s
Begin MonoManager ReloadAssembly
Native extension for WindowsStandalone target not found
Native extension for WebGL target not found
ScheduleIndexationOnStartup MainProcess:True IndexOnStartup:True
Scripting: successfully reloaded assembly
- Finished resetting the current domain, in  0.627 seconds
Domain Reload Profiling: 1199ms
	BeginReloadAssembly (284ms)
		DisableScriptedObjects (33ms)
		CreateAndSetChildDomain (50ms)
	RebuildCommonClasses (13ms)
	RebuildNativeTypeToScriptingClass (21ms)
	initialDomainReloadingComplete (55ms)
	LoadAllAssembliesAndSetupDomain (198ms)
		LoadAssemblies (128ms)
		TypeCache.Refresh (21ms)
			TypeCache.ScanAssembly (14ms)
		AnalyzeDomain (9ms)
			BuildScriptInfoCaches (6ms)
	FinalizeReload (629ms)
		SetupLoadedEditorAssemblies (0ms)
			InitializePlatformSupportModulesInManaged (3ms)
			BeforeProcessingInitializeOnLoad (131ms)
			ProcessInitializeOnLoadAttributes (139ms)
			ProcessInitializeOnLoadMethodAttributes (42ms)
			AfterProcessingInitializeOnLoad (7ms)
		AwakeInstancesAfterBackupRestoration (48ms)
Starting new worker id: 0 with log in D:/RPTU/Thesis/Project/Frontend/Logs/AssetImportWorkerHW0.log

Asset Pipeline Refresh (id=668c7fcb36f79f04b8f8816d277024a2): Total: 4.588 seconds - Initiated by InitialRefreshV2(ForceSynchronousImport)
	(Values over 0.05ms)
	Summary:
		Imports: total=0 (actual=0, local cache=0, cache server=0)
		Asset DB Process Time: managed=0 ms, native=788 ms
		Asset DB Callback time: managed=103 ms, native=16 ms
		Scripting: domain reloads=1, domain reload time=642 ms, compile time=3026 ms, other=12 ms
		Project Asset Count: scripts=145, non-scripts=220
		Asset File Changes: new=0, changed=1, moved=0, deleted=0
		Scan Filter Count: 0
	InvokePackagesCallback: 12.017ms
	ApplyChangesToAssetFolders: 0.391ms
	Scan: 21.398ms
	Collect global state as custom dependencies: 9.514ms
	OnSourceAssetsModified: 0.742ms
	CategorizeScriptCompilationAssets: 1.678ms
	ProcessAssetsWithTransientArtifactChanges: 6.844ms
	CategorizeAssets: 5.470ms
	CompileScripts: 3025.764ms
	ImportOutOfDateAssets: 652.965ms (629.835ms without children)
		UnloadImportedAssets: 0.096ms
		EnsureUptoDateAssetsAreRegisteredWithGuidPM: 0.067ms
		ImportSchedulerStart: 22.963ms
	PostProcessAllAssets: 104.794ms
		VCAutoAddAssetPostprocess 1.560ms
		XRBuildSystem.XRAssetImported 0.081ms
		MonoPostProcessAllAssets: 102.526ms
			AssetPostprocessor.OnPostprocessAllAssets 46.346ms
			StyleCatalogPostProcessor.OnPostprocessAllAssets 12.437ms
			WindowAssetPostprocessingWatcher.OnPostprocessAllAssets 10.343ms
			BuilderAssetPostprocessor.OnPostprocessAllAssets 6.288ms
			SyncVS.PostprocessSyncProject 3.688ms
			AssetChangedListener.OnPostprocessAllAssets 2.658ms
			RetainedModeAssetPostprocessor.OnPostprocessAllAssets 1.994ms
			SpeedTree9Postprocessor.OnPostprocessAllAssets 1.221ms
			EditModeScopePostprocessor.OnPostprocessAllAssets 1.082ms
			TextAssetPostProcessor.OnPostprocessAllAssets 0.877ms
			ArtifactBrowserPostProcessor.OnPostprocessAllAssets 0.794ms
			InputActionAssetPostprocessor.OnPostprocessAllAssets 0.598ms
			InputActionJsonNameModifierAssetProcessor.OnPostprocessAllAssets 0.423ms
			ReferencedClipsPostProcessor.OnPostprocessAllAssets 0.391ms
			SpeedTreePostProcessor.OnPostprocessAllAssets 0.372ms
			ProjectSettingsPostprocessor.OnPostprocessAllAssets 0.365ms
			AudioMixerPostprocessor.OnPostprocessAllAssets 0.353ms
			TerrainToolbarOverlayPostProcessor.OnPostprocessAllAssets 0.338ms
			AssetEvents.OnPostprocessAllAssets 0.310ms
			ThemePostprocessor.OnPostprocessAllAssets 0.201ms
			AssetDatabaseCallbacks.OnPostprocessAllAssets 0.192ms
			ConfigAssetsTracker.OnPostprocessAllAssets 0.175ms
			RenderPipelineGlobalSettingsPostprocessor.OnPostprocessAllAssets 0.156ms
			ScenarioDriftAssetsTracker.OnPostprocessAllAssets 0.154ms
			AudioContainerPostProcessor.OnPostprocessAllAssets 0.091ms
	PostAssetChangesProfiler: 3.641ms
	UnloadStreamsBegin: 1.550ms
	GenerateScriptTypeHashes: 2.234ms
	GenerateScriptTypeSerializationHashes: 5.020ms
	Untracked: 699.208ms

Application.AssetDatabase Initial Refresh End
Launched and connected shader compiler UnityShaderCompiler.exe after 0.01 seconds
Scanning for USB devices : 2.289ms
Initializing Unity extensions:
[MODES] ModeService[none].Initialize
[MODES] ModeService[none].LoadModes
[MODES] Loading mode Default (0) for mode-current-id-Frontend
Unloading 3 Unused Serialized files (Serialized files now loaded: 0)
Unloading 479 unused Assets / (0.5 MB). Loaded Objects now: 1208.
Memory consumption went from 232.6 MB to 232.0 MB.
Total: 7.340500 ms (FindLiveObjects: 0.273800 ms CreateObjectMapping: 0.055300 ms MarkObjects: 6.382300 ms  DeleteObjects: 0.432700 ms)

Loaded scene 'Library/Unused/47f1e816ff57b2b4599afc9259830cfe'
	Deserialize:            1.657 ms
	Integration:            3.284 ms
	Integration of assets:  0.004 ms
	Thread Wait Time:       0.030 ms
	Total Operation Time:   4.975 ms
Importing 'GUID: 5e14378d921265742ab8868afd41be54 - Path: Assets/Prefabs/Human/Worker.prefab' with importer (PrefabImporter)
Imported 'GUID: 5e14378d921265742ab8868afd41be54' -> (Import Result ID: '50b2b8404198ca076ab930c1ef0fbf8f') in 0.010 seconds [static dependencies only]. Details - ImportResultOutputID=1a5937002a3589307397e545a008afdd DependenciesID=63f4e48202e26c5226779bd967b00fc3 StaticDependenciesID=01c46085c23636eb70050c9df7949bab 
Asset Pipeline Refresh (id=f456edf644bf7a84ab2d155b443d005c): Total: 0.055 seconds - Initiated by StopAssetImportingV2(NoUpdateAssetOptions)
Opening scene 'Assets/Scenes/GearboxAssembly.unity'
Unloading 4 Unused Serialized files (Serialized files now loaded: 0)
Loaded scene 'Assets/Scenes/GearboxAssembly.unity'
	Deserialize:            8.265 ms
	Integration:            74.402 ms
	Integration of assets:  0.043 ms
	Thread Wait Time:       0.075 ms
	Total Operation Time:   82.785 ms
Unloading 11 unused Assets / (4.2 KB). Loaded Objects now: 2223.
Memory consumption went from 256.0 MB to 256.0 MB.
Total: 7.110400 ms (FindLiveObjects: 0.297000 ms CreateObjectMapping: 0.031600 ms MarkObjects: 6.532300 ms  DeleteObjects: 0.056700 ms)

PASS one visible Worker; Animator; valid Humanoid avatar; feet on floor at 0.000 m; no overlap with scene colliders.
Worker bounds (0.870, 1.877, 0.362), position (1.400, 0.000, 1.550).
No existing worker model or Idle animation found. Static relaxed pose; no controller or movement scripts.
UnityEngine.Debug:ExtractStackTraceNoAlloc (byte*,int,string)
UnityEngine.StackTraceUtility:ExtractStackTrace ()
UnityEngine.DebugLogHandler:Internal_Log (UnityEngine.LogType,UnityEngine.LogOption,string,UnityEngine.Object)
UnityEngine.DebugLogHandler:LogFormat (UnityEngine.LogType,UnityEngine.Object,string,object[])
UnityEngine.Logger:Log (UnityEngine.LogType,object)
UnityEngine.Debug:Log (object)
GearboxDemo.Editor.GearboxWorkerBuilder:Validate () (at Assets/Editor/GearboxWorkerBuilder.cs:180)
GearboxDemo.Editor.GearboxWorkerBuilder:FinishVisualsBatch () (at Assets/Editor/GearboxWorkerBuilder.cs:206)

(Filename: Assets/Editor/GearboxWorkerBuilder.cs Line: 180)

Importing 'GUID: 49747deddcd78a94bbb9da8ba8c09521 - Path: Assets/Scenes/GearboxAssembly.unity' with importer (DefaultImporter)
Imported 'GUID: 49747deddcd78a94bbb9da8ba8c09521' -> (Import Result ID: 'acf14b03ef55ca7eda93f89a44eda96a') in 0.001 seconds [static dependencies only]. Details - ImportResultOutputID=fda1a82140877392559da014a9fa89f0 DependenciesID=c63bfcb312157d48f5e2b5c3f4d7a8eb StaticDependenciesID=340083b339757785fa52f858541623ad 
Asset Pipeline Refresh (id=5e0a47aae8b13c94c8ddf8c3e4f9a9fc): Total: 0.009 seconds - Initiated by StopAssetImportingV2(NoUpdateAssetOptions)
Opening scene 'Assets/Scenes/GearboxAssembly.unity'
Unloading 0 Unused Serialized files (Serialized files now loaded: 0)
Loaded scene 'Assets/Scenes/GearboxAssembly.unity'
	Deserialize:            5.731 ms
	Integration:            7.602 ms
	Integration of assets:  0.002 ms
	Thread Wait Time:       27.461 ms
	Total Operation Time:   40.796 ms
Unloading 11 unused Assets / (28.1 KB). Loaded Objects now: 2223.
Memory consumption went from 256.8 MB to 256.7 MB.
Total: 6.483900 ms (FindLiveObjects: 0.301900 ms CreateObjectMapping: 0.025500 ms MarkObjects: 5.926200 ms  DeleteObjects: 0.039900 ms)

PASS one visible Worker; Animator; valid Humanoid avatar; feet on floor at 0.000 m; no overlap with scene colliders.
Worker bounds (0.870, 1.877, 0.362), position (1.400, 0.000, 1.550).
No existing worker model or Idle animation found. Static relaxed pose; no controller or movement scripts.
UnityEngine.Debug:ExtractStackTraceNoAlloc (byte*,int,string)
UnityEngine.StackTraceUtility:ExtractStackTrace ()
UnityEngine.DebugLogHandler:Internal_Log (UnityEngine.LogType,UnityEngine.LogOption,string,UnityEngine.Object)
UnityEngine.DebugLogHandler:LogFormat (UnityEngine.LogType,UnityEngine.Object,string,object[])
UnityEngine.Logger:Log (UnityEngine.LogType,object)
UnityEngine.Debug:Log (object)
GearboxDemo.Editor.GearboxWorkerBuilder:Validate () (at Assets/Editor/GearboxWorkerBuilder.cs:180)
GearboxDemo.Editor.GearboxWorkerBuilder:CapturePreview () (at Assets/Editor/GearboxWorkerBuilder.cs:213)
GearboxDemo.Editor.GearboxWorkerBuilder:FinishVisualsBatch () (at Assets/Editor/GearboxWorkerBuilder.cs:207)

(Filename: Assets/Editor/GearboxWorkerBuilder.cs Line: 180)

Batchmode quit successfully invoked - shutting down!
[Physics::Module] Cleanup current backend.
[Physics::Module] Id: 0xf2b8ea05
Input System module state changed to: ShutdownInProgress.
Input Polling Thread exited.
Input System module state changed to: Shutdown.
[Licensing::IpcConnector] LicenseClient-Harsh-notifications channel disconnected successfully.
[Licensing::IpcConnector] LicenseClient-Harsh channel disconnected successfully.
Shut down UDS service system complete
Unity Data Store service was successfully shut down
UDS shutting down local client system
AcceleratorClientConnectionCallback - disconnected - :0
Cleanup mono
CodeReloadManager destroyed
Exiting batchmode successfully now!
[ExitDontLaunchBugReporter] Exiting without the bug reporter. Application will exit with return code 0
