VBCSCompilerPreWarmer: pre-warm launched (dotnet PID 27436)
VBCSCompiler prewarm took 9.10 ms
[Licensing::Module] Trying to connect to existing licensing client channel...
Built from '6000.6/respin/6000.6.0f1-fa21a270ab12' branch; Version is '6000.6.0f1 (f7f8ed4d1e24) revision 16251117'; Using compiler version '194234433'; Build Type 'Release'
[Licensing::IpcConnector] Successfully connected to: "LicenseClient-Harsh" at "2026-09-20T11:20:52.0306027Z"
OS: 'Windows 11  (10.0.26200) CoreSingleLanguage' Language: 'en' Physical Memory: 16088 MB
BatchMode: 1, IsHumanControllingUs: 0, StartBugReporterOnCrash: 0, Is64bit: 1
System  architecture: x64
Process architecture: x64
Date: 2026-09-20T11:20:52Z
[Licensing::Client] Code 10 while verifying Licensing Client signature (process Id: 22244, path: "C:/Program Files/Unity Hub/UnityLicensingClient_V1/Unity.Licensing.Client.exe")
[Licensing::Module] LicensingClient has failed validation; ignoring
[Licensing::Client] Handshaking with LicensingClient:
  Version:                 1.18.3+d7ffd15
  Session Id:              76913784d7a843a99a8bda7d7bbb3615
  Correlation Id:          ccc8ba1353ff48d5208692868c3352db
  External correlation Id: 8123935318085485422
  Machine Id:              Hbp6cIbiWcEt7uCUfLOsR8jmd/w=
[Licensing::Module] Successfully connected to LicensingClient on channel: "LicenseClient-Harsh" (connect: 0.00s, validation: 0.00s, handshake: 0.07s)
[Licensing::IpcConnector] Successfully connected to: "LicenseClient-Harsh-notifications" at "2026-09-20T11:20:52.0999977Z"
[Licensing::Module] Error: Access token is unavailable; failed to update
[Licensing::Client] Successfully resolved entitlement details
[Licensing::Module] License group:
  Id: 9072445264484-UnityPersXXXX
  Product: Unity Personal
  Type: Assigned
  Expiration: Unlimited
[Licensing::Client] Successfully updated license, isAsync: True, time: 0.00
[Licensing::Client] Successfully resolved entitlement details
[Licensing::Module] Licensing Background thread has ended after 0.08s

COMMAND LINE ARGUMENTS:
C:\Program Files\Unity\Hub\Editor\6000.6.0f1\Editor\Unity.exe
-batchmode
-nographics
-projectPath
D:\RPTU\Thesis\Project\Frontend
-executeMethod
GearboxDemo.Editor.GearboxPartsChecks.RunBatch
-logFile
D:\RPTU\Thesis\Project\Frontend\unity-parts-checks.log
Successfully changed project path to: D:\RPTU\Thesis\Project\Frontend
D:/RPTU/Thesis/Project/Frontend
[UnityMemory] Configuration Parameters - Can be set up in boot.config
    "memorysetup-temp-allocator-size-gi-baking-worker=262144"
    "memorysetup-temp-allocator-size-gi-baking-worker=262144"
    "memorysetup-temp-allocator-size-gi-baking-worker=262144"
    "memorysetup-temp-allocator-size-gi-baking-worker=262144"
    "memorysetup-temp-allocator-size-gi-baking-worker=262144"
    "memorysetup-temp-allocator-size-nav-mesh-worker=65536"
    "memorysetup-temp-allocator-size-audio-worker=65536"
    "memorysetup-temp-allocator-size-cloud-worker=32768"
    "memorysetup-temp-allocator-size-gfx=262144"
    "memorysetup-remapper-allocator-initial-capacity=32768"
    "memorysetup-temp-allocator-size-preload-manager=33554432"
    "memorysetup-allocator-temp-initial-block-size-main=262144"
    "memorysetup-allocator-temp-initial-block-size-worker=262144"
    "memorysetup-temp-allocator-size-job-worker=262144"
    "memorysetup-temp-allocator-size-background-worker=32768"
    "memorysetup-bucket-allocator-granularity=16"
    "memorysetup-bucket-allocator-bucket-count=8"
    "memorysetup-bucket-allocator-block-size=33554432"
    "memorysetup-bucket-allocator-block-count=8"
    "memorysetup-main-allocator-block-size=16777216"
    "memorysetup-thread-allocator-block-size=16777216"
    "memorysetup-main-allocator-mimalloc-enabled=1"
    "memorysetup-gfx-main-allocator-block-size=16777216"
    "memorysetup-gfx-thread-allocator-block-size=16777216"
    "memorysetup-cache-allocator-block-size=4194304"
    "memorysetup-typetree-allocator-block-size=2097152"
    "memorysetup-profiler-bucket-allocator-granularity=16"
    "memorysetup-profiler-bucket-allocator-bucket-count=8"
    "memorysetup-profiler-bucket-allocator-block-size=33554432"
    "memorysetup-profiler-bucket-allocator-block-count=8"
    "memorysetup-profiler-allocator-block-size=16777216"
    "memorysetup-profiler-editor-allocator-block-size=1048576"
    "memorysetup-temp-allocator-size-main=16777216"
    "memorysetup-job-temp-allocator-block-size=2097152"
    "memorysetup-job-temp-allocator-block-size-background=1048576"
    "memorysetup-job-temp-allocator-reduction-small-platforms=262144"
Logging is directed to a specific file, skipping project log.
Player connection [22280]  Target information:

Player connection [22280]  * "[IP] 192.168.178.35 [Port] 55504 [Flags] 2 [Guid] 2106696108 [EditorId] 2106696108 [Version] 1048832 [Id] WindowsEditor(7,LAPTOP-CQ1FOJIL) [Debug] 1 [PackageName] WindowsEditor [ProjectName] Editor" 

Player connection [22280] Host joined multi-casting on [225.0.0.222:54997]...
Player connection [22280] Host joined alternative multi-casting on [225.0.0.222:34997]...
Input System module state changed to: Initialized.
[Physics::Module] Initialized fallback backend.
[Physics::Module] Id: 0xdecafbad
[Package Manager] Connected to IPC stream "Upm-25724" after 0.3 seconds.
[Licensing::Client] Successfully resolved entitlement details
Library Redirect Path: Library/
Initialising UDS system complete:
  - System type: Client
  - Resource namespace: 9f1c73524ddb5bde77655c46fabdf276
  - Shared memory size: 1073741824
  - Command buffer id: 1052576
  - Command buffer size: 8192
  - Hashmap size: 4194304
  - Service connected: false
Launching Unity Data Store - C:/Program Files/Unity/Hub/Editor/6000.6.0f1/Editor/Data/Tools/Unity.DataStore.exe 
Unity Data Store artifact dir = Library/DataStore, working dir = D:/RPTU/Thesis/Project/Frontend[Physics::Module] Selected backend.
[Physics::Module] Name: PhysX
[Physics::Module] Id: 0xf2b8ea05
[Physics::Module] SDK Version: 4.1.2
[Physics::Module] Integration Version: 1.0.0
[Physics::Module] Threading Mode: Multi-Threaded
Unity Data Store running and initialised
Initialize engine version: 6000.6.0f1 (f7f8ed4d1e24)
[EntityIdStore] init: VM path (explicit commit), pageSize=4096, blockCount=1048576, entitiesPerBlock=256, slots reserved=4294967296 bytes
[Subsystems] Discovering subsystems at path C:/Program Files/Unity/Hub/Editor/6000.6.0f1/Editor/Data/Resources/UnitySubsystems
[Subsystems] Discovering subsystems at path D:/RPTU/Thesis/Project/Frontend/Assets
Forcing GfxDevice: Null
GfxDevice: creating device client; kGfxThreadingModeNonThreaded
NullGfxDevice:
    Version:  NULL 1.0 [1.0]
    Renderer: Null Device
    Vendor:   Unity Technologies
Initialize mono
Mono path[0] = 'C:/Program Files/Unity/Hub/Editor/6000.6.0f1/Editor/Data/Managed'
Mono path[1] = 'C:/Program Files/Unity/Hub/Editor/6000.6.0f1/Editor/Data/BCLExtensions/runtime/netstandard2.1'
Mono path[2] = 'C:/Program Files/Unity/Hub/Editor/6000.6.0f1/Editor/Data/MonoBleedingEdge/lib/mono/unityjit-win32'
Mono config path = 'C:/Program Files/Unity/Hub/Editor/6000.6.0f1/Editor/Data/MonoBleedingEdge/etc'
Using monoOptions --debugger-agent=transport=dt_socket,embedding=1,server=y,suspend=n,address=127.0.0.1:56724
CodeReloadManager initialized
ImportWorker Server TCP listen port: 0
AcceleratorClientConnectionCallback - disconnected - :0
Begin MonoManager ReloadAssembly
Registering precompiled unity dll's ...
Register platform support module: C:/Program Files/Unity/Hub/Editor/6000.6.0f1/Editor/Data/PlaybackEngines/WebGLSupport/UnityEditor.WebGL.Extensions.dll
Register platform support module: C:/Program Files/Unity/Hub/Editor/6000.6.0f1/Editor/Data/PlaybackEngines/WindowsStandaloneSupport/UnityEditor.WindowsStandalone.Extensions.dll
Registered in 0.002127 seconds.
Native extension for WindowsStandalone target not found
Native extension for WebGL target not found
Package Manager log level set to [2]
ScheduleIndexationOnStartup MainProcess:False IndexOnStartup:True
Scripting: successfully reloaded assembly
- Finished resetting the current domain, in  0.940 seconds
Domain Reload Profiling: 1678ms
	BeginReloadAssembly (176ms)
		CreateAndSetChildDomain (11ms)
	RebuildCommonClasses (8ms)
	RebuildNativeTypeToScriptingClass (21ms)
	initialDomainReloadingComplete (84ms)
	LoadAllAssembliesAndSetupDomain (448ms)
		LoadAssemblies (163ms)
		TypeCache.Refresh (285ms)
			TypeCache.ScanAssembly (266ms)
		AnalyzeDomain (1ms)
	FinalizeReload (941ms)
		SetupLoadedEditorAssemblies (0ms)
			LogAssemblyErrors (3ms)
			InitializePlatformSupportModulesInManaged (5ms)
			BeforeProcessingInitializeOnLoad (136ms)
			ProcessInitializeOnLoadAttributes (197ms)
			ProcessInitializeOnLoadMethodAttributes (276ms)
[Licensing::Client] Successfully resolved entitlement details
Application.AssetDatabase Initial Refresh Start
[Package Manager] Restoring resolved packages state from cache
[Licensing::Client] Successfully resolved entitlement details
[Package Manager] Registered 3 packages:
  Built-in packages:
    com.unity.modules.imageconversion@1.0.0 (location: D:\RPTU\Thesis\Project\Frontend\Library\PackageCache\com.unity.modules.imageconversion)
    com.unity.modules.physics@1.0.0 (location: D:\RPTU\Thesis\Project\Frontend\Library\PackageCache\com.unity.modules.physics)
    com.unity.modules.imgui@1.0.0 (location: D:\RPTU\Thesis\Project\Frontend\Library\PackageCache\com.unity.modules.imgui)
[Subsystems] No new subsystems found in resolved package list.
[Package Manager] Done registering packages in 0.00 seconds
[ScriptCompilation] Requested script compilation because: AssetDatabase observed changes in script compilation related files
Starting: C:\Program Files\Unity\Hub\Editor\6000.6.0f1\Editor\Data\Tools\BuildPipeline\bee_backend.exe --ipc --defer-dag-verification --dagfile="Library/Bee/1900b0aE.dag" --continue-on-failure --profile="Library/Bee/backend1.traceevents" ScriptAssemblies
WorkingDir: D:/RPTU/Thesis/Project/Frontend
DisplayProgressbar: Compiling Scripts
ExitCode: 0 Duration: 1s890ms
[174/182    0s] ILPP-Configuration Library/ilpp-configuration.nevergeneratedoutput
[178/182    1s] Csc Library/Bee/artifacts/1900b0aE.dag/Assembly-CSharp-Editor.dll (+2 others)
[179/182    0s] ILPostProcess Library/Bee/artifacts/1900b0aE.dag/post-processed/Assembly-CSharp-Editor.dll (+pdb)
Processing assembly Library/Bee/artifacts/1900b0aE.dag/Assembly-CSharp-Editor.dll, with 146 defines and 296 references

processors: zzzUnity.Burst.CodeGen.BurstILPostProcessor

1 processor(s) skipped this assembly
[180/182    0s] CopyFiles Library/ScriptAssemblies/Assembly-CSharp-Editor.pdb
[181/182    0s] CopyFiles Library/ScriptAssemblies/Assembly-CSharp-Editor.dll
*** Tundra build success (1.84 seconds), 5 items updated, 182 evaluated
Total cache size 47846736
Total cache size after purge 47846736, took 00:00:00.0954940
AssetDatabase: script compilation time: 2.568551s
Begin MonoManager ReloadAssembly
Native extension for WindowsStandalone target not found
Native extension for WebGL target not found
ScheduleIndexationOnStartup MainProcess:True IndexOnStartup:True
Scripting: successfully reloaded assembly
- Finished resetting the current domain, in  0.635 seconds
Domain Reload Profiling: 1236ms
	BeginReloadAssembly (323ms)
		DisableScriptedObjects (36ms)
		CreateAndSetChildDomain (57ms)
	RebuildCommonClasses (13ms)
	RebuildNativeTypeToScriptingClass (20ms)
	initialDomainReloadingComplete (61ms)
	LoadAllAssembliesAndSetupDomain (181ms)
		LoadAssemblies (148ms)
		TypeCache.Refresh (8ms)
		AnalyzeDomain (6ms)
			BuildScriptInfoCaches (4ms)
	FinalizeReload (637ms)
		SetupLoadedEditorAssemblies (0ms)
			InitializePlatformSupportModulesInManaged (3ms)
			BeforeProcessingInitializeOnLoad (140ms)
			ProcessInitializeOnLoadAttributes (90ms)
			ProcessInitializeOnLoadMethodAttributes (51ms)
			AfterProcessingInitializeOnLoad (9ms)
		AwakeInstancesAfterBackupRestoration (57ms)
Starting new worker id: 0 with log in D:/RPTU/Thesis/Project/Frontend/Logs/AssetImportWorkerHW0.log

Asset Pipeline Refresh (id=ca3a217b3aaa3524da4beab444db7d1c): Total: 4.095 seconds - Initiated by InitialRefreshV2(ForceSynchronousImport)
	(Values over 0.05ms)
	Summary:
		Imports: total=0 (actual=0, local cache=0, cache server=0)
		Asset DB Process Time: managed=0 ms, native=758 ms
		Asset DB Callback time: managed=101 ms, native=8 ms
		Scripting: domain reloads=1, domain reload time=643 ms, compile time=2575 ms, other=8 ms
		Project Asset Count: scripts=46, non-scripts=26
		Asset File Changes: new=0, changed=1, moved=0, deleted=0
		Scan Filter Count: 0
	InvokePackagesCallback: 7.061ms
	ApplyChangesToAssetFolders: 0.227ms
	Scan: 15.783ms
	Collect global state as custom dependencies: 9.263ms
	OnSourceAssetsModified: 0.724ms
	CategorizeScriptCompilationAssets: 0.072ms
	ProcessAssetsWithTransientArtifactChanges: 0.824ms
	CategorizeAssets: 0.802ms
	CompileScripts: 2575.307ms
	ImportOutOfDateAssets: 658.202ms (638.039ms without children)
		UnloadImportedAssets: 0.109ms
		ImportSchedulerStart: 20.027ms
	PostProcessAllAssets: 103.389ms
		VCAutoAddAssetPostprocess 1.802ms
		PostProcessCallbackCreateDeferredMaterials 0.066ms
		MonoPostProcessAllAssets: 100.928ms
			AssetPostprocessor.OnPostprocessAllAssets 30.385ms
			StyleCatalogPostProcessor.OnPostprocessAllAssets 16.485ms
			WindowAssetPostprocessingWatcher.OnPostprocessAllAssets 16.048ms
			BuilderAssetPostprocessor.OnPostprocessAllAssets 9.929ms
			SyncVS.PostprocessSyncProject 3.202ms
			AssetChangedListener.OnPostprocessAllAssets 2.425ms
			RetainedModeAssetPostprocessor.OnPostprocessAllAssets 1.815ms
			EditModeScopePostprocessor.OnPostprocessAllAssets 1.580ms
			ArtifactBrowserPostProcessor.OnPostprocessAllAssets 1.210ms
			SpeedTree9Postprocessor.OnPostprocessAllAssets 1.010ms
			TextAssetPostProcessor.OnPostprocessAllAssets 0.892ms
			AudioMixerPostprocessor.OnPostprocessAllAssets 0.644ms
			ReferencedClipsPostProcessor.OnPostprocessAllAssets 0.565ms
			AssetEvents.OnPostprocessAllAssets 0.508ms
			TerrainToolbarOverlayPostProcessor.OnPostprocessAllAssets 0.313ms
			SpeedTreePostProcessor.OnPostprocessAllAssets 0.299ms
			AssetDatabaseCallbacks.OnPostprocessAllAssets 0.278ms
			ThemePostprocessor.OnPostprocessAllAssets 0.271ms
			ScenarioDriftAssetsTracker.OnPostprocessAllAssets 0.220ms
			ConfigAssetsTracker.OnPostprocessAllAssets 0.213ms
			AudioContainerPostProcessor.OnPostprocessAllAssets 0.160ms
			RenderPipelineGlobalSettingsPostprocessor.OnPostprocessAllAssets 0.131ms
	PostAssetChangesProfiler: 0.522ms
	UnloadStreamsBegin: 1.993ms
	GenerateScriptTypeHashes: 0.075ms
	GenerateScriptTypeSerializationHashes: 0.073ms
	Untracked: 680.539ms

Application.AssetDatabase Initial Refresh End
Scanning for USB devices : 2.593ms
Initializing Unity extensions:
[MODES] ModeService[none].Initialize
[MODES] ModeService[none].LoadModes
[MODES] Loading mode Default (0) for mode-current-id-Frontend
Unloading 3 Unused Serialized files (Serialized files now loaded: 0)
Unloading 23 unused Assets / (471.2 KB). Loaded Objects now: 749.
Memory consumption went from 219.4 MB to 218.9 MB.
Total: 7.130900 ms (FindLiveObjects: 0.225900 ms CreateObjectMapping: 0.011900 ms MarkObjects: 6.377000 ms  DeleteObjects: 0.327600 ms)

Opening scene 'Assets/Scenes/GearboxAssembly.unity'
Unloading 1 Unused Serialized files (Serialized files now loaded: 0)
Loaded scene 'Assets/Scenes/GearboxAssembly.unity'
	Deserialize:            3.597 ms
	Integration:            81.019 ms
	Integration of assets:  0.003 ms
	Thread Wait Time:       0.074 ms
	Total Operation Time:   84.693 ms
Unloading 8 unused Assets / (0.8 KB). Loaded Objects now: 1186.
Memory consumption went from 241.8 MB to 241.8 MB.
Total: 7.305700 ms (FindLiveObjects: 0.253200 ms CreateObjectMapping: 0.018100 ms MarkObjects: 6.816000 ms  DeleteObjects: 0.034000 ms)

Loaded scene 'Library/Unused/e37ff84188ab6b640818d3c77b5336af'
	Deserialize:            0.467 ms
	Integration:            1.705 ms
	Integration of assets:  0.004 ms
	Thread Wait Time:       0.039 ms
	Total Operation Time:   2.214 ms
Asset Pipeline Refresh (id=69d7835a1d2503940a11161906ccf426): Total: 0.045 seconds - Initiated by StopAssetImportingV2(NoUpdateAssetOptions)
Loaded scene 'Library/Unused/585da7c7f2b0500438e9c0379c241e63'
	Deserialize:            0.609 ms
	Integration:            0.835 ms
	Integration of assets:  0.002 ms
	Thread Wait Time:       0.030 ms
	Total Operation Time:   1.477 ms
Asset Pipeline Refresh (id=f10b7f918937469419ca615aeb558ea0): Total: 0.008 seconds - Initiated by StopAssetImportingV2(NoUpdateAssetOptions)
Loaded scene 'Library/Unused/00cbc53ead98ea947be75f3228d08fbc'
	Deserialize:            0.568 ms
	Integration:            0.824 ms
	Integration of assets:  0.004 ms
	Thread Wait Time:       0.021 ms
	Total Operation Time:   1.416 ms
Asset Pipeline Refresh (id=cc298529315eb7642b182a0c2df706b7): Total: 0.006 seconds - Initiated by StopAssetImportingV2(NoUpdateAssetOptions)
Loaded scene 'Library/Unused/5062d6af1c600214e90a2e3e41357e4f'
	Deserialize:            0.521 ms
	Integration:            0.620 ms
	Integration of assets:  0.004 ms
	Thread Wait Time:       0.024 ms
	Total Operation Time:   1.169 ms
Asset Pipeline Refresh (id=e89e56c201f62704e97ca6882000b7fc): Total: 0.009 seconds - Initiated by StopAssetImportingV2(NoUpdateAssetOptions)
Loaded scene 'Library/Unused/242e3412da9d54e4bba054eeb694e598'
	Deserialize:            0.610 ms
	Integration:            0.692 ms
	Integration of assets:  0.003 ms
	Thread Wait Time:       47.551 ms
	Total Operation Time:   48.857 ms
Asset Pipeline Refresh (id=18b12dbb1fc6193458ed0438c491d661): Total: 0.006 seconds - Initiated by StopAssetImportingV2(NoUpdateAssetOptions)
Loaded scene 'Library/Unused/00cbfa7380aa42e42854bb477889610f'
	Deserialize:            0.325 ms
	Integration:            0.855 ms
	Integration of assets:  0.002 ms
	Thread Wait Time:       0.115 ms
	Total Operation Time:   1.297 ms
Asset Pipeline Refresh (id=6b078a7e36e468d4cb3c1bcf956e8030): Total: 0.004 seconds - Initiated by StopAssetImportingV2(NoUpdateAssetOptions)
Loaded scene 'Library/Unused/031c4a3621c3b67468da36a9aff3fc82'
	Deserialize:            0.325 ms
	Integration:            0.875 ms
	Integration of assets:  0.001 ms
	Thread Wait Time:       0.018 ms
	Total Operation Time:   1.220 ms
Asset Pipeline Refresh (id=83dc8d940addbda429cde5b6d64471aa): Total: 0.004 seconds - Initiated by StopAssetImportingV2(NoUpdateAssetOptions)
GEARBOX VALIDATION
PASS Exactly seven scene parts
PASS Unique scene part IDs
PASS Housing exists once
PASS Housing prefab exists
PASS Gearbox_Housing scene identity
PASS Gearbox_Housing scene GrippableObject
PASS Gearbox_Housing scene GripPoint
PASS Gearbox_Housing scene AssemblyAnchor
PASS Gearbox_Housing scene dynamic Rigidbody with gravity
PASS Gearbox_Housing scene solid, moving-body-safe collider
PASS Gearbox_Housing scene canonical nested FBX
PASS Gearbox_Housing prefab identity
PASS Gearbox_Housing prefab GrippableObject
PASS Gearbox_Housing prefab GripPoint
PASS Gearbox_Housing prefab AssemblyAnchor
PASS Gearbox_Housing prefab dynamic Rigidbody with gravity
PASS Gearbox_Housing prefab solid, moving-body-safe collider
PASS Gearbox_Housing prefab canonical nested FBX
PASS Housing pickup target
PASS Housing assembly target mapping
PASS OutputShaft exists once
PASS OutputShaft prefab exists
PASS Gearbox_OutputShaft scene identity
PASS Gearbox_OutputShaft scene GrippableObject
PASS Gearbox_OutputShaft scene GripPoint
PASS Gearbox_OutputShaft scene AssemblyAnchor
PASS Gearbox_OutputShaft scene dynamic Rigidbody with gravity
PASS Gearbox_OutputShaft scene solid, moving-body-safe collider
PASS Gearbox_OutputShaft scene canonical nested FBX
PASS Gearbox_OutputShaft prefab identity
PASS Gearbox_OutputShaft prefab GrippableObject
PASS Gearbox_OutputShaft prefab GripPoint
PASS Gearbox_OutputShaft prefab AssemblyAnchor
PASS Gearbox_OutputShaft prefab dynamic Rigidbody with gravity
PASS Gearbox_OutputShaft prefab solid, moving-body-safe collider
PASS Gearbox_OutputShaft prefab canonical nested FBX
PASS OutputShaft pickup target
PASS OutputShaft assembly target mapping
PASS PinCarrier exists once
PASS PinCarrier prefab exists
PASS Gearbox_PinCarrier scene identity
PASS Gearbox_PinCarrier scene GrippableObject
PASS Gearbox_PinCarrier scene GripPoint
PASS Gearbox_PinCarrier scene AssemblyAnchor
PASS Gearbox_PinCarrier scene dynamic Rigidbody with gravity
PASS Gearbox_PinCarrier scene solid, moving-body-safe collider
PASS Gearbox_PinCarrier scene canonical nested FBX
PASS Gearbox_PinCarrier prefab identity
PASS Gearbox_PinCarrier prefab GrippableObject
PASS Gearbox_PinCarrier prefab GripPoint
PASS Gearbox_PinCarrier prefab AssemblyAnchor
PASS Gearbox_PinCarrier prefab dynamic Rigidbody with gravity
PASS Gearbox_PinCarrier prefab solid, moving-body-safe collider
PASS Gearbox_PinCarrier prefab canonical nested FBX
PASS PinCarrier pickup target
PASS PinCarrier assembly target mapping
PASS Gear exists once
PASS Gear prefab exists
PASS Gearbox_Gear scene identity
PASS Gearbox_Gear scene GrippableObject
PASS Gearbox_Gear scene GripPoint
PASS Gearbox_Gear scene AssemblyAnchor
PASS Gearbox_Gear scene dynamic Rigidbody with gravity
PASS Gearbox_Gear scene solid, moving-body-safe collider
PASS Gearbox_Gear scene canonical nested FBX
PASS Gearbox_Gear prefab identity
PASS Gearbox_Gear prefab GrippableObject
PASS Gearbox_Gear prefab GripPoint
PASS Gearbox_Gear prefab AssemblyAnchor
PASS Gearbox_Gear prefab dynamic Rigidbody with gravity
PASS Gearbox_Gear prefab solid, moving-body-safe collider
PASS Gearbox_Gear prefab canonical nested FBX
PASS Gear pickup target
PASS Gear assembly target mapping
PASS SpurGear exists once
PASS SpurGear prefab exists
PASS Gearbox_SpurGear scene identity
PASS Gearbox_SpurGear scene GrippableObject
PASS Gearbox_SpurGear scene GripPoint
PASS Gearbox_SpurGear scene AssemblyAnchor
PASS Gearbox_SpurGear scene dynamic Rigidbody with gravity
PASS Gearbox_SpurGear scene solid, moving-body-safe collider
PASS Gearbox_SpurGear scene canonical nested FBX
PASS Gearbox_SpurGear prefab identity
PASS Gearbox_SpurGear prefab GrippableObject
PASS Gearbox_SpurGear prefab GripPoint
PASS Gearbox_SpurGear prefab AssemblyAnchor
PASS Gearbox_SpurGear prefab dynamic Rigidbody with gravity
PASS Gearbox_SpurGear prefab solid, moving-body-safe collider
PASS Gearbox_SpurGear prefab canonical nested FBX
PASS SpurGear pickup target
PASS SpurGear assembly target mapping
PASS Lid exists once
PASS Lid prefab exists
PASS Gearbox_Lid scene identity
PASS Gearbox_Lid scene GrippableObject
PASS Gearbox_Lid scene GripPoint
PASS Gearbox_Lid scene AssemblyAnchor
PASS Gearbox_Lid scene dynamic Rigidbody with gravity
PASS Gearbox_Lid scene solid, moving-body-safe collider
PASS Gearbox_Lid scene canonical nested FBX
PASS Gearbox_Lid prefab identity
PASS Gearbox_Lid prefab GrippableObject
PASS Gearbox_Lid prefab GripPoint
PASS Gearbox_Lid prefab AssemblyAnchor
PASS Gearbox_Lid prefab dynamic Rigidbody with gravity
PASS Gearbox_Lid prefab solid, moving-body-safe collider
PASS Gearbox_Lid prefab canonical nested FBX
PASS Lid pickup target
PASS Lid assembly target mapping
PASS Screw exists once
PASS Screw prefab exists
PASS Gearbox_Screw scene identity
PASS Gearbox_Screw scene GrippableObject
PASS Gearbox_Screw scene GripPoint
PASS Gearbox_Screw scene AssemblyAnchor
PASS Gearbox_Screw scene dynamic Rigidbody with gravity
PASS Gearbox_Screw scene solid, moving-body-safe collider
PASS Gearbox_Screw scene canonical nested FBX
PASS Gearbox_Screw prefab identity
PASS Gearbox_Screw prefab GrippableObject
PASS Gearbox_Screw prefab GripPoint
PASS Gearbox_Screw prefab AssemblyAnchor
PASS Gearbox_Screw prefab dynamic Rigidbody with gravity
PASS Gearbox_Screw prefab solid, moving-body-safe collider
PASS Gearbox_Screw prefab canonical nested FBX
PASS Screw pickup target
PASS Screw assembly target mapping
Result: 0 error(s).
UnityEngine.Debug:ExtractStackTraceNoAlloc (byte*,int,string)
UnityEngine.StackTraceUtility:ExtractStackTrace ()
UnityEngine.DebugLogHandler:Internal_Log (UnityEngine.LogType,UnityEngine.LogOption,string,UnityEngine.Object)
UnityEngine.DebugLogHandler:LogFormat (UnityEngine.LogType,UnityEngine.Object,string,object[])
UnityEngine.Logger:Log (UnityEngine.LogType,object)
UnityEngine.Debug:Log (object)
GearboxDemo.Editor.GearboxPartsSetup:Validate () (at Assets/Editor/GearboxPartsSetup.cs:228)
GearboxDemo.Editor.GearboxPartsSetup:Setup () (at Assets/Editor/GearboxPartsSetup.cs:101)
GearboxDemo.Editor.GearboxPartsChecks:RunBatch () (at Assets/Editor/GearboxPartsChecks.cs:29)

(Filename: Assets/Editor/GearboxPartsSetup.cs Line: 228)

Importing 'GUID: 49747deddcd78a94bbb9da8ba8c09521 - Path: Assets/Scenes/GearboxAssembly.unity' with importer (DefaultImporter)
Imported 'GUID: 49747deddcd78a94bbb9da8ba8c09521' -> (Import Result ID: '503b063c6e3b517cf1047b89b0a124ef') in 0.005 seconds [static dependencies only]. Details - ImportResultOutputID=fda1a82140877392559da014a9fa89f0 DependenciesID=4c226e140fb7e0673b29b9b35c83dcf8 StaticDependenciesID=80c5530593f405d35a540ee22ea5b20e 
Asset Pipeline Refresh (id=4e432f085df401b449114ba48f34fa61): Total: 0.015 seconds - Initiated by StopAssetImportingV2(NoUpdateAssetOptions)
Gearbox prefab setup — all seven canonical FBXs found
Housing: BoxCollider; mesh bounds=(0.2400, 0.1200, 0.2400) m; mass=1.50 kg; presentation scale=0.4. Grip/anchor and existing tuning preserved.
OutputShaft: BoxCollider; mesh bounds=(0.1847, 0.1600, 0.1680) m; mass=0.60 kg; presentation scale=0.4. Grip/anchor and existing tuning preserved.
PinCarrier: BoxCollider; mesh bounds=(0.1727, 0.0624, 0.1560) m; mass=0.40 kg; presentation scale=0.4. Grip/anchor and existing tuning preserved.
Gear: BoxCollider; mesh bounds=(0.0789, 0.0400, 0.0800) m; mass=0.20 kg; presentation scale=0.4. Grip/anchor and existing tuning preserved.
SpurGear: BoxCollider; mesh bounds=(0.0800, 0.1520, 0.0789) m; mass=0.25 kg; presentation scale=0.4. Grip/anchor and existing tuning preserved.
Lid: BoxCollider; mesh bounds=(0.2400, 0.0400, 0.2400) m; mass=0.50 kg; presentation scale=0.4. Grip/anchor and existing tuning preserved.
Screw: BoxCollider; mesh bounds=(0.0400, 0.0800, 0.0400) m; mass=0.05 kg; presentation scale=0.4. Grip/anchor and existing tuning preserved.
UnityEngine.Debug:ExtractStackTraceNoAlloc (byte*,int,string)
UnityEngine.StackTraceUtility:ExtractStackTrace ()
UnityEngine.DebugLogHandler:Internal_Log (UnityEngine.LogType,UnityEngine.LogOption,string,UnityEngine.Object)
UnityEngine.DebugLogHandler:LogFormat (UnityEngine.LogType,UnityEngine.Object,string,object[])
UnityEngine.Logger:Log (UnityEngine.LogType,object)
UnityEngine.Debug:Log (object)
GearboxDemo.Editor.GearboxPartsSetup:Setup () (at Assets/Editor/GearboxPartsSetup.cs:104)
GearboxDemo.Editor.GearboxPartsChecks:RunBatch () (at Assets/Editor/GearboxPartsChecks.cs:29)

(Filename: Assets/Editor/GearboxPartsSetup.cs Line: 104)

Loaded scene 'Library/Unused/69702ef63aeb8db4495cec1658191ab5'
	Deserialize:            0.359 ms
	Integration:            0.338 ms
	Integration of assets:  0.002 ms
	Thread Wait Time:       0.136 ms
	Total Operation Time:   0.835 ms
Asset Pipeline Refresh (id=2abc1c7d993e26e418eebbaf054b6bd8): Total: 0.005 seconds - Initiated by StopAssetImportingV2(NoUpdateAssetOptions)
Loaded scene 'Library/Unused/6e54f6aa15c8bdb4e90ab5ba488e4212'
	Deserialize:            0.311 ms
	Integration:            0.342 ms
	Integration of assets:  0.001 ms
	Thread Wait Time:       0.074 ms
	Total Operation Time:   0.729 ms
Asset Pipeline Refresh (id=46cdfd4d4efbe3543b4f00c9358d9c7a): Total: 0.004 seconds - Initiated by StopAssetImportingV2(NoUpdateAssetOptions)
Loaded scene 'Library/Unused/ff716d9dbce3ba34a8816b5b7741099c'
	Deserialize:            0.381 ms
	Integration:            0.493 ms
	Integration of assets:  0.003 ms
	Thread Wait Time:       0.025 ms
	Total Operation Time:   0.902 ms
Asset Pipeline Refresh (id=720b1d6405d40b140be845e459b34c64): Total: 0.004 seconds - Initiated by StopAssetImportingV2(NoUpdateAssetOptions)
Loaded scene 'Library/Unused/75325484d347b944ba970dcea680fe00'
	Deserialize:            0.378 ms
	Integration:            0.343 ms
	Integration of assets:  0.003 ms
	Thread Wait Time:       0.015 ms
	Total Operation Time:   0.739 ms
Asset Pipeline Refresh (id=73b7fbe176753514eaff5fab2d8a11fe): Total: 0.005 seconds - Initiated by StopAssetImportingV2(NoUpdateAssetOptions)
Loaded scene 'Library/Unused/6737c0d3a9ce03b4988588aee7dd4bb5'
	Deserialize:            0.319 ms
	Integration:            0.316 ms
	Integration of assets:  0.002 ms
	Thread Wait Time:       0.011 ms
	Total Operation Time:   0.647 ms
Asset Pipeline Refresh (id=71d1796a78b4acf4cb1b1d6c99cde84c): Total: 0.005 seconds - Initiated by StopAssetImportingV2(NoUpdateAssetOptions)
Loaded scene 'Library/Unused/face60be1aba1b446a76c8bbcdae9e61'
	Deserialize:            0.318 ms
	Integration:            0.334 ms
	Integration of assets:  0.001 ms
	Thread Wait Time:       0.073 ms
	Total Operation Time:   0.726 ms
Asset Pipeline Refresh (id=ec45de6210aef1242a4516c76ffb6246): Total: 0.005 seconds - Initiated by StopAssetImportingV2(NoUpdateAssetOptions)
Loaded scene 'Library/Unused/a0272a1b4d8a8ed4889b64cddcccf529'
	Deserialize:            0.289 ms
	Integration:            0.430 ms
	Integration of assets:  0.002 ms
	Thread Wait Time:       0.055 ms
	Total Operation Time:   0.775 ms
Asset Pipeline Refresh (id=dc361febc6f08f04abaaa45ad0894b30): Total: 0.005 seconds - Initiated by StopAssetImportingV2(NoUpdateAssetOptions)
GEARBOX VALIDATION
PASS Exactly seven scene parts
PASS Unique scene part IDs
PASS Housing exists once
PASS Housing prefab exists
PASS Gearbox_Housing scene identity
PASS Gearbox_Housing scene GrippableObject
PASS Gearbox_Housing scene GripPoint
PASS Gearbox_Housing scene AssemblyAnchor
PASS Gearbox_Housing scene dynamic Rigidbody with gravity
PASS Gearbox_Housing scene solid, moving-body-safe collider
PASS Gearbox_Housing scene canonical nested FBX
PASS Gearbox_Housing prefab identity
PASS Gearbox_Housing prefab GrippableObject
PASS Gearbox_Housing prefab GripPoint
PASS Gearbox_Housing prefab AssemblyAnchor
PASS Gearbox_Housing prefab dynamic Rigidbody with gravity
PASS Gearbox_Housing prefab solid, moving-body-safe collider
PASS Gearbox_Housing prefab canonical nested FBX
PASS Housing pickup target
PASS Housing assembly target mapping
PASS OutputShaft exists once
PASS OutputShaft prefab exists
PASS Gearbox_OutputShaft scene identity
PASS Gearbox_OutputShaft scene GrippableObject
PASS Gearbox_OutputShaft scene GripPoint
PASS Gearbox_OutputShaft scene AssemblyAnchor
PASS Gearbox_OutputShaft scene dynamic Rigidbody with gravity
PASS Gearbox_OutputShaft scene solid, moving-body-safe collider
PASS Gearbox_OutputShaft scene canonical nested FBX
PASS Gearbox_OutputShaft prefab identity
PASS Gearbox_OutputShaft prefab GrippableObject
PASS Gearbox_OutputShaft prefab GripPoint
PASS Gearbox_OutputShaft prefab AssemblyAnchor
PASS Gearbox_OutputShaft prefab dynamic Rigidbody with gravity
PASS Gearbox_OutputShaft prefab solid, moving-body-safe collider
PASS Gearbox_OutputShaft prefab canonical nested FBX
PASS OutputShaft pickup target
PASS OutputShaft assembly target mapping
PASS PinCarrier exists once
PASS PinCarrier prefab exists
PASS Gearbox_PinCarrier scene identity
PASS Gearbox_PinCarrier scene GrippableObject
PASS Gearbox_PinCarrier scene GripPoint
PASS Gearbox_PinCarrier scene AssemblyAnchor
PASS Gearbox_PinCarrier scene dynamic Rigidbody with gravity
PASS Gearbox_PinCarrier scene solid, moving-body-safe collider
PASS Gearbox_PinCarrier scene canonical nested FBX
PASS Gearbox_PinCarrier prefab identity
PASS Gearbox_PinCarrier prefab GrippableObject
PASS Gearbox_PinCarrier prefab GripPoint
PASS Gearbox_PinCarrier prefab AssemblyAnchor
PASS Gearbox_PinCarrier prefab dynamic Rigidbody with gravity
PASS Gearbox_PinCarrier prefab solid, moving-body-safe collider
PASS Gearbox_PinCarrier prefab canonical nested FBX
PASS PinCarrier pickup target
PASS PinCarrier assembly target mapping
PASS Gear exists once
PASS Gear prefab exists
PASS Gearbox_Gear scene identity
PASS Gearbox_Gear scene GrippableObject
PASS Gearbox_Gear scene GripPoint
PASS Gearbox_Gear scene AssemblyAnchor
PASS Gearbox_Gear scene dynamic Rigidbody with gravity
PASS Gearbox_Gear scene solid, moving-body-safe collider
PASS Gearbox_Gear scene canonical nested FBX
PASS Gearbox_Gear prefab identity
PASS Gearbox_Gear prefab GrippableObject
PASS Gearbox_Gear prefab GripPoint
PASS Gearbox_Gear prefab AssemblyAnchor
PASS Gearbox_Gear prefab dynamic Rigidbody with gravity
PASS Gearbox_Gear prefab solid, moving-body-safe collider
PASS Gearbox_Gear prefab canonical nested FBX
PASS Gear pickup target
PASS Gear assembly target mapping
PASS SpurGear exists once
PASS SpurGear prefab exists
PASS Gearbox_SpurGear scene identity
PASS Gearbox_SpurGear scene GrippableObject
PASS Gearbox_SpurGear scene GripPoint
PASS Gearbox_SpurGear scene AssemblyAnchor
PASS Gearbox_SpurGear scene dynamic Rigidbody with gravity
PASS Gearbox_SpurGear scene solid, moving-body-safe collider
PASS Gearbox_SpurGear scene canonical nested FBX
PASS Gearbox_SpurGear prefab identity
PASS Gearbox_SpurGear prefab GrippableObject
PASS Gearbox_SpurGear prefab GripPoint
PASS Gearbox_SpurGear prefab AssemblyAnchor
PASS Gearbox_SpurGear prefab dynamic Rigidbody with gravity
PASS Gearbox_SpurGear prefab solid, moving-body-safe collider
PASS Gearbox_SpurGear prefab canonical nested FBX
PASS SpurGear pickup target
PASS SpurGear assembly target mapping
PASS Lid exists once
PASS Lid prefab exists
PASS Gearbox_Lid scene identity
PASS Gearbox_Lid scene GrippableObject
PASS Gearbox_Lid scene GripPoint
PASS Gearbox_Lid scene AssemblyAnchor
PASS Gearbox_Lid scene dynamic Rigidbody with gravity
PASS Gearbox_Lid scene solid, moving-body-safe collider
PASS Gearbox_Lid scene canonical nested FBX
PASS Gearbox_Lid prefab identity
PASS Gearbox_Lid prefab GrippableObject
PASS Gearbox_Lid prefab GripPoint
PASS Gearbox_Lid prefab AssemblyAnchor
PASS Gearbox_Lid prefab dynamic Rigidbody with gravity
PASS Gearbox_Lid prefab solid, moving-body-safe collider
PASS Gearbox_Lid prefab canonical nested FBX
PASS Lid pickup target
PASS Lid assembly target mapping
PASS Screw exists once
PASS Screw prefab exists
PASS Gearbox_Screw scene identity
PASS Gearbox_Screw scene GrippableObject
PASS Gearbox_Screw scene GripPoint
PASS Gearbox_Screw scene AssemblyAnchor
PASS Gearbox_Screw scene dynamic Rigidbody with gravity
PASS Gearbox_Screw scene solid, moving-body-safe collider
PASS Gearbox_Screw scene canonical nested FBX
PASS Gearbox_Screw prefab identity
PASS Gearbox_Screw prefab GrippableObject
PASS Gearbox_Screw prefab GripPoint
PASS Gearbox_Screw prefab AssemblyAnchor
PASS Gearbox_Screw prefab dynamic Rigidbody with gravity
PASS Gearbox_Screw prefab solid, moving-body-safe collider
PASS Gearbox_Screw prefab canonical nested FBX
PASS Screw pickup target
PASS Screw assembly target mapping
Result: 0 error(s).
UnityEngine.Debug:ExtractStackTraceNoAlloc (byte*,int,string)
UnityEngine.StackTraceUtility:ExtractStackTrace ()
UnityEngine.DebugLogHandler:Internal_Log (UnityEngine.LogType,UnityEngine.LogOption,string,UnityEngine.Object)
UnityEngine.DebugLogHandler:LogFormat (UnityEngine.LogType,UnityEngine.Object,string,object[])
UnityEngine.Logger:Log (UnityEngine.LogType,object)
UnityEngine.Debug:Log (object)
GearboxDemo.Editor.GearboxPartsSetup:Validate () (at Assets/Editor/GearboxPartsSetup.cs:228)
GearboxDemo.Editor.GearboxPartsSetup:Setup () (at Assets/Editor/GearboxPartsSetup.cs:101)
GearboxDemo.Editor.GearboxPartsChecks:RunBatch () (at Assets/Editor/GearboxPartsChecks.cs:35)

(Filename: Assets/Editor/GearboxPartsSetup.cs Line: 228)

Importing 'GUID: 49747deddcd78a94bbb9da8ba8c09521 - Path: Assets/Scenes/GearboxAssembly.unity' with importer (DefaultImporter)
Imported 'GUID: 49747deddcd78a94bbb9da8ba8c09521' -> (Import Result ID: '503b063c6e3b517cf1047b89b0a124ef') in 0.001 seconds [static dependencies only]. Details - ImportResultOutputID=fda1a82140877392559da014a9fa89f0 DependenciesID=4c226e140fb7e0673b29b9b35c83dcf8 StaticDependenciesID=80c5530593f405d35a540ee22ea5b20e 
Asset Pipeline Refresh (id=f4abb53b1c7f6f946b5effbd9248445a): Total: 0.007 seconds - Initiated by StopAssetImportingV2(NoUpdateAssetOptions)
Gearbox prefab setup — all seven canonical FBXs found
Housing: BoxCollider; mesh bounds=(0.2400, 0.1200, 0.2400) m; mass=1.50 kg; presentation scale=0.4. Grip/anchor and existing tuning preserved.
OutputShaft: BoxCollider; mesh bounds=(0.1847, 0.1600, 0.1680) m; mass=0.60 kg; presentation scale=0.4. Grip/anchor and existing tuning preserved.
PinCarrier: BoxCollider; mesh bounds=(0.1727, 0.0624, 0.1560) m; mass=0.40 kg; presentation scale=0.4. Grip/anchor and existing tuning preserved.
Gear: BoxCollider; mesh bounds=(0.0789, 0.0400, 0.0800) m; mass=0.20 kg; presentation scale=0.4. Grip/anchor and existing tuning preserved.
SpurGear: BoxCollider; mesh bounds=(0.0800, 0.1520, 0.0789) m; mass=0.25 kg; presentation scale=0.4. Grip/anchor and existing tuning preserved.
Lid: BoxCollider; mesh bounds=(0.2400, 0.0400, 0.2400) m; mass=0.50 kg; presentation scale=0.4. Grip/anchor and existing tuning preserved.
Screw: BoxCollider; mesh bounds=(0.0400, 0.0800, 0.0400) m; mass=0.05 kg; presentation scale=0.4. Grip/anchor and existing tuning preserved.
UnityEngine.Debug:ExtractStackTraceNoAlloc (byte*,int,string)
UnityEngine.StackTraceUtility:ExtractStackTrace ()
UnityEngine.DebugLogHandler:Internal_Log (UnityEngine.LogType,UnityEngine.LogOption,string,UnityEngine.Object)
UnityEngine.DebugLogHandler:LogFormat (UnityEngine.LogType,UnityEngine.Object,string,object[])
UnityEngine.Logger:Log (UnityEngine.LogType,object)
UnityEngine.Debug:Log (object)
GearboxDemo.Editor.GearboxPartsSetup:Setup () (at Assets/Editor/GearboxPartsSetup.cs:104)
GearboxDemo.Editor.GearboxPartsChecks:RunBatch () (at Assets/Editor/GearboxPartsChecks.cs:35)

(Filename: Assets/Editor/GearboxPartsSetup.cs Line: 104)

Microsoft Media Foundation video decoding to texture disabled: graphics device is Null, only Direct3D 11 and Direct3D 12 (only on desktop) are supported for hardware-accelerated video decoding.
[Project] Loading completed in 8.165 seconds
	Project init time: 				7.100 seconds
		Template init time: 		0.000 seconds
		Package Manager init time: 		0.283 seconds
		Asset Database init time: 		0.727 seconds
		Global illumination init time: 	0.003 seconds
		Assemblies load time: 			1.738 seconds
		Unity extensions init time: 	0.001 seconds
		Asset Database refresh time: 	4.095 seconds
	Scene opening time: 			0.833 seconds
##utp:{"type":"ProjectInfo","version":2,"phase":"Immediate","time":1789903260176,"processId":25724,"projectLoad":8.1647595,"projectInit":7.1003135,"templateInit":0.0,"packageManagerInit":0.2834377,"assetDatabaseInit":0.7266288,"globalIlluminationInit":0.0027742,"assembliesLoad":1.7376713,"unityExtensionsInit":0.0007053,"assetDatabaseRefresh":4.0949974,"sceneOpening":0.8333027}
##utp:{"type":"EditorInfo","version":2,"phase":"Immediate","time":1789903260176,"processId":25724,"editorVersion":"6000.6.0f1 (f7f8ed4d1e24)","branch":"6000.6/respin/6000.6.0f1-fa21a270ab12","buildType":"Release","platform":"Windows"}
Reloading assemblies for play mode.
Reloading assemblies after forced synchronous recompile.
Begin MonoManager ReloadAssembly
Native extension for WindowsStandalone target not found
Native extension for WebGL target not found
Worker ready: AssetImportWorkerHW0 0
ScheduleIndexationOnStartup MainProcess:True IndexOnStartup:True
Scripting: successfully reloaded assembly
- Finished resetting the current domain, in  0.654 seconds
Domain Reload Profiling: 1207ms
	BeginReloadAssembly (304ms)
		DisableScriptedObjects (35ms)
		CreateAndSetChildDomain (75ms)
	RebuildCommonClasses (15ms)
	RebuildNativeTypeToScriptingClass (22ms)
	initialDomainReloadingComplete (56ms)
	LoadAllAssembliesAndSetupDomain (154ms)
		LoadAssemblies (154ms)
		TypeCache.Refresh (5ms)
		AnalyzeDomain (2ms)
	FinalizeReload (656ms)
		SetupLoadedEditorAssemblies (0ms)
			InitializePlatformSupportModulesInManaged (3ms)
			BeforeProcessingInitializeOnLoad (131ms)
			ProcessInitializeOnLoadAttributes (91ms)
			ProcessInitializeOnLoadMethodAttributes (46ms)
			AfterProcessingInitializeOnLoad (8ms)
		AwakeInstancesAfterBackupRestoration (51ms)

Asset Pipeline Refresh (id=da9358776286ac34f9c9e3d4dc6ef80b): Total: 1.379 seconds - Initiated by StopAssetImportingV2(ForceSynchronousImport | ForceDomainReload)
	(Values over 0.05ms)
	Summary:
		Imports: total=0 (actual=0, local cache=0, cache server=0)
		Asset DB Process Time: managed=0 ms, native=716 ms
		Asset DB Callback time: managed=68 ms, native=1 ms
		Scripting: domain reloads=1, domain reload time=589 ms, compile time=4 ms, other=0 ms
		Project Asset Count: scripts=46, non-scripts=26
		Asset File Changes: new=0, changed=0, moved=0, deleted=0
		Scan Filter Count: 0
	InvokePackagesCallback: 1.541ms
	ApplyChangesToAssetFolders: 0.057ms
	Collect global state as custom dependencies: 0.769ms
	ProcessAssetsWithTransientArtifactChanges: 0.904ms
	CategorizeAssets: 0.464ms
	CompileScripts: 3.981ms
	ImportOutOfDateAssets: 656.548ms (656.217ms without children)
		UnloadImportedAssets: 0.137ms
		ImportSchedulerStart: 0.172ms
	PostProcessAllAssets: 68.972ms
		PostProcessCallbackCreateDeferredMaterials 0.061ms
		MonoPostProcessAllAssets: 68.379ms
			AssetPostprocessor.OnPostprocessAllAssets 20.232ms
			StyleCatalogPostProcessor.OnPostprocessAllAssets 12.021ms
			WindowAssetPostprocessingWatcher.OnPostprocessAllAssets 8.059ms
			BuilderAssetPostprocessor.OnPostprocessAllAssets 6.875ms
			SyncVS.PostprocessSyncProject 2.821ms
			AssetChangedListener.OnPostprocessAllAssets 1.937ms
			RetainedModeAssetPostprocessor.OnPostprocessAllAssets 1.754ms
			SpeedTree9Postprocessor.OnPostprocessAllAssets 0.928ms
			ArtifactBrowserPostProcessor.OnPostprocessAllAssets 0.790ms
			TextAssetPostProcessor.OnPostprocessAllAssets 0.684ms
			EditModeScopePostprocessor.OnPostprocessAllAssets 0.476ms
			ReferencedClipsPostProcessor.OnPostprocessAllAssets 0.457ms
			AudioMixerPostprocessor.OnPostprocessAllAssets 0.336ms
			AssetEvents.OnPostprocessAllAssets 0.323ms
			TerrainToolbarOverlayPostProcessor.OnPostprocessAllAssets 0.215ms
			AssetDatabaseCallbacks.OnPostprocessAllAssets 0.193ms
			ConfigAssetsTracker.OnPostprocessAllAssets 0.185ms
			SpeedTreePostProcessor.OnPostprocessAllAssets 0.178ms
			ScenarioDriftAssetsTracker.OnPostprocessAllAssets 0.147ms
			ThemePostprocessor.OnPostprocessAllAssets 0.147ms
			RenderPipelineGlobalSettingsPostprocessor.OnPostprocessAllAssets 0.142ms
			AudioContainerPostProcessor.OnPostprocessAllAssets 0.093ms
	PostAssetChangesProfiler: 0.323ms
	UnloadStreamsBegin: 0.051ms
	Untracked: 614.360ms

Loaded scene 'Temp/__Backupscenes/0.backup'
	Deserialize:            2.971 ms
	Integration:            27.580 ms
	Integration of assets:  0.030 ms
	Thread Wait Time:       0.029 ms
	Total Operation Time:   30.610 ms
[MODES] ModeService[none].Initialize
[MODES] ModeService[none].LoadModes
Start Indexing on Editor startup
[Indexing] Starting Initial Indexing for Assets
Created GICache directory at C:/Users/Harsh/AppData/LocalLow/Unity/Caches/GiCache. Took: 0.019s, timestamps: [9.639 - 9.658]
[Licensing::Client] Successfully resolved entitlement details
PASS Housing: stable after 8s, bottom=1.0500, drift=0.00000, speed=0.00000
PASS Screw: stable after 8s, bottom=1.0500, drift=0.00000, speed=0.00000
PASS PinCarrier: stable after 8s, bottom=1.0500, drift=0.00000, speed=0.00000
PASS SpurGear: stable after 8s, bottom=1.0500, drift=0.00000, speed=0.00000
PASS OutputShaft: stable after 8s, bottom=1.0500, drift=0.00000, speed=0.00000
PASS Gear: stable after 8s, bottom=1.0500, drift=0.00000, speed=0.00000
PASS Lid: stable after 8s, bottom=1.0500, drift=0.00000, speed=0.00000
PASS Housing: grab/release, wrong type/distance/rotation, snap, notification, occupancy, uninstall and reset
PASS Screw: grab/release, wrong type/distance/rotation, snap, notification, occupancy, uninstall and reset
PASS PinCarrier: grab/release, wrong type/distance/rotation, snap, notification, occupancy, uninstall and reset
PASS SpurGear: grab/release, wrong type/distance/rotation, snap, notification, occupancy, uninstall and reset
PASS OutputShaft: grab/release, wrong type/distance/rotation, snap, notification, occupancy, uninstall and reset
PASS Gear: grab/release, wrong type/distance/rotation, snap, notification, occupancy, uninstall and reset
PASS Lid: grab/release, wrong type/distance/rotation, snap, notification, occupancy, uninstall and reset
ALL CHECKS PASSED
UnityEngine.Debug:ExtractStackTraceNoAlloc (byte*,int,string)
UnityEngine.StackTraceUtility:ExtractStackTrace ()
UnityEngine.DebugLogHandler:Internal_Log (UnityEngine.LogType,UnityEngine.LogOption,string,UnityEngine.Object)
UnityEngine.DebugLogHandler:LogFormat (UnityEngine.LogType,UnityEngine.Object,string,object[])
UnityEngine.Logger:Log (UnityEngine.LogType,object)
UnityEngine.Debug:Log (object)
GearboxDemo.Editor.GearboxPartsChecks:RunRuntimeChecks () (at Assets/Editor/GearboxPartsChecks.cs:161)
GearboxDemo.Editor.GearboxPartsChecks:Tick () (at Assets/Editor/GearboxPartsChecks.cs:89)
UnityEditor.EditorApplication:Internal_CallUpdateFunctions ()

(Filename: Assets/Editor/GearboxPartsChecks.cs Line: 161)

Unloading 15 Unused Serialized files (Serialized files now loaded: 0)
Loaded scene 'Temp/__Backupscenes/0.backup'
	Deserialize:            1.747 ms
	Integration:            9.065 ms
	Integration of assets:  0.004 ms
	Thread Wait Time:       0.059 ms
	Total Operation Time:   10.875 ms
Unloading 23 unused Assets / (46.3 KB). Loaded Objects now: 1381.
Memory consumption went from 249.4 MB to 249.4 MB.
Total: 6.311500 ms (FindLiveObjects: 0.233200 ms CreateObjectMapping: 0.011500 ms MarkObjects: 5.867400 ms  DeleteObjects: 0.035800 ms)

MonoPathRemapper: Attempts to remap: 2511; Successful remaps: 8
Serialized file version minimum: 23, current 23
[Physics::Module] Cleanup current backend.
[Physics::Module] Id: 0xf2b8ea05
Input System module state changed to: ShutdownInProgress.
Input Polling Thread exited.
Input System module state changed to: Shutdown.
[Licensing::IpcConnector] LicenseClient-Harsh-notifications channel disconnected successfully.
[Licensing::IpcConnector] LicenseClient-Harsh channel disconnected successfully.
Lingering sessions upon destruction of worker manager
Unity Data Store service was successfully shut down
UDS shutting down local client system
Shut down UDS service system complete
AcceleratorClientConnectionCallback - disconnected - :0
Cleanup mono
CodeReloadManager destroyed
Checking for leaked weakptr:
  Found no leaked weakptrs.
[Package Manager] Server process was shutdown
##utp:{"type":"MemoryLeaks","version":2,"phase":"Immediate","time":1789903271249,"processId":25724,"allocatedMemory":10680101,"memoryLabels":[{"Default":153500},{"Permanent":15516},{"NewDelete":69055},{"Thread":4197984},{"Manager":35493},{"VertexData":8},{"Geometry":816},{"Texture":24},{"Shader":831265},{"Material":24},{"GfxDevice":55968},{"Animation":952},{"Audio":896},{"FreeType":8},{"FontEngine":736},{"Physics":1970},{"Physics2D":16},{"Serialization":16768},{"Input":42840},{"JobScheduler":256},{"TextLib":280},{"Mono":48},{"ScriptingNativeRuntime":1177944},{"BaseObject":49168},{"Resource":1208},{"Renderer":2376},{"Transform":4685},{"File":7393},{"WebCam":616},{"Culling":32},{"Terrain":11442},{"Wind":24},{"STL":40},{"String":483212},{"StaticString":3808},{"Utility":2675350},{"Curl":2478},{"PoolAlloc":2168},{"AI":80},{"TypeTree":17165},{"ScriptManager":18960},{"CodeReload":448},{"RuntimeInitializeOnLoadManager":64},{"Sprites":102},{"SpriteAtlas":120},{"GI":7816},{"Director":8296},{"CloudService":7440},{"WebRequest":6324},{"VR":49650},{"SceneManager":608},{"Video":64},{"LazyScriptCache":32},{"Camera":729},{"Secure":2377},{"SerializationCache":9256},{"APIUpdating":10320},{"Subsystems":336},{"VirtualTexturing":57888},{"StaticSafetyDebugInfo":278528},{"Analytics":768},{"Hierarchy":1188},{"UIElements":40},{"CoreStats":14456},{"Identifiers":7152},{"Gui":128},{"EditorUtility":88712},{"VersionControl":8},{"Undo":931},{"AssetDatabase":173892},{"AssetImporter":40},{"EditorGi":328},{"UnityConnect":40465},{"Upm":1912},{"UpmDiagnostics":8},{"AssetCompliance":96},{"DrivenProperties":72},{"LocalIPC":260},{"ProfilerEditor":9778},{"CoreBusinessMetrics":3620},{"Windowing":456},{"Licensing":12757},{"AssetReference":32},{"IPCStream":32}]}
