VBCSCompilerPreWarmer: pre-warm launched (dotnet PID 10924)
VBCSCompiler prewarm took 8.99 ms
[Licensing::Module] Trying to connect to existing licensing client channel...
Built from '6000.6/respin/6000.6.0f1-fa21a270ab12' branch; Version is '6000.6.0f1 (f7f8ed4d1e24) revision 16251117'; Using compiler version '194234433'; Build Type 'Release'
[Licensing::IpcConnector] Successfully connected to: "LicenseClient-Harsh" at "2026-09-20T17:23:42.2397808Z"
OS: 'Windows 11  (10.0.26200) CoreSingleLanguage' Language: 'en' Physical Memory: 16088 MB
BatchMode: 1, IsHumanControllingUs: 0, StartBugReporterOnCrash: 0, Is64bit: 1
System  architecture: x64
Process architecture: x64
Date: 2026-09-20T17:23:42Z
[Licensing::Client] Code 10 while verifying Licensing Client signature (process Id: 22244, path: "C:/Program Files/Unity Hub/UnityLicensingClient_V1/Unity.Licensing.Client.exe")
[Licensing::Module] LicensingClient has failed validation; ignoring
[Licensing::Client] Handshaking with LicensingClient:
  Version:                 1.18.3+d7ffd15
  Session Id:              27466e17553d45a18e0e2af2e9f0f544
  Correlation Id:          ccc8ba1353ff48d5208692868c3352db
  External correlation Id: 9192461122127197405
  Machine Id:              Hbp6cIbiWcEt7uCUfLOsR8jmd/w=
[Licensing::Module] Successfully connected to LicensingClient on channel: "LicenseClient-Harsh" (connect: 0.00s, validation: 0.00s, handshake: 0.10s)
[Licensing::IpcConnector] Successfully connected to: "LicenseClient-Harsh-notifications" at "2026-09-20T17:23:42.3458116Z"
[Licensing::Module] Error: Access token is unavailable; failed to update
[Licensing::Client] Successfully resolved entitlement details
[Licensing::Module] License group:
  Id: 9072445264484-UnityPersXXXX
  Product: Unity Personal
  Type: Assigned
  Expiration: Unlimited
[Licensing::Client] Successfully updated license, isAsync: True, time: 0.00
[Licensing::Client] Successfully resolved entitlement details
[Licensing::Module] Licensing Background thread has ended after 0.13s

COMMAND LINE ARGUMENTS:
C:\Program Files\Unity\Hub\Editor\6000.6.0f1\Editor\Unity.exe
-batchmode
-nographics
-projectPath
D:\RPTU\Thesis\Project\Frontend
-executeMethod
GearboxDemo.Editor.GearboxInputChecks.RunBatch
-logFile
D:\RPTU\Thesis\Project\Frontend\unity-input-checks.log
Successfully changed project path to: D:\RPTU\Thesis\Project\Frontend
D:/RPTU/Thesis/Project/Frontend
[UnityMemory] Configuration Parameters - Can be set up in boot.config
    "memorysetup-temp-allocator-size-gi-baking-worker=262144"
    "memorysetup-temp-allocator-size-gi-baking-worker=262144"
    "memorysetup-temp-allocator-size-gi-baking-worker=262144"
    "memorysetup-temp-allocator-size-gi-baking-worker=262144"
    "memorysetup-temp-allocator-size-gi-baking-worker=262144"
    "memorysetup-temp-allocator-size-nav-mesh-worker=65536"
    "memorysetup-temp-allocator-size-audio-worker=65536"
    "memorysetup-temp-allocator-size-cloud-worker=32768"
    "memorysetup-temp-allocator-size-gfx=262144"
    "memorysetup-remapper-allocator-initial-capacity=32768"
    "memorysetup-temp-allocator-size-preload-manager=33554432"
    "memorysetup-allocator-temp-initial-block-size-main=262144"
    "memorysetup-allocator-temp-initial-block-size-worker=262144"
    "memorysetup-temp-allocator-size-job-worker=262144"
    "memorysetup-temp-allocator-size-background-worker=32768"
    "memorysetup-bucket-allocator-granularity=16"
    "memorysetup-bucket-allocator-bucket-count=8"
    "memorysetup-bucket-allocator-block-size=33554432"
    "memorysetup-bucket-allocator-block-count=8"
    "memorysetup-main-allocator-block-size=16777216"
    "memorysetup-thread-allocator-block-size=16777216"
    "memorysetup-main-allocator-mimalloc-enabled=1"
    "memorysetup-gfx-main-allocator-block-size=16777216"
    "memorysetup-gfx-thread-allocator-block-size=16777216"
    "memorysetup-cache-allocator-block-size=4194304"
    "memorysetup-typetree-allocator-block-size=2097152"
    "memorysetup-profiler-bucket-allocator-granularity=16"
    "memorysetup-profiler-bucket-allocator-bucket-count=8"
    "memorysetup-profiler-bucket-allocator-block-size=33554432"
    "memorysetup-profiler-bucket-allocator-block-count=8"
    "memorysetup-profiler-allocator-block-size=16777216"
    "memorysetup-profiler-editor-allocator-block-size=1048576"
    "memorysetup-temp-allocator-size-main=16777216"
    "memorysetup-job-temp-allocator-block-size=2097152"
    "memorysetup-job-temp-allocator-block-size-background=1048576"
    "memorysetup-job-temp-allocator-reduction-small-platforms=262144"
Logging is directed to a specific file, skipping project log.
Player connection [11792]  Target information:

Player connection [11792]  * "[IP] 192.168.178.35 [Port] 55504 [Flags] 2 [Guid] 842165730 [EditorId] 842165730 [Version] 1048832 [Id] WindowsEditor(7,LAPTOP-CQ1FOJIL) [Debug] 1 [PackageName] WindowsEditor [ProjectName] Editor" 

Player connection [11792] Host joined multi-casting on [225.0.0.222:54997]...
Player connection [11792] Host joined alternative multi-casting on [225.0.0.222:34997]...
Input System module state changed to: Initialized.
[Physics::Module] Initialized fallback backend.
[Physics::Module] Id: 0xdecafbad
[Package Manager] Connected to IPC stream "Upm-31880" after 0.3 seconds.
[Licensing::Client] Successfully resolved entitlement details
Library Redirect Path: Library/
Initialising UDS system complete:
  - System type: Client
  - Resource namespace: 9f1c73524ddb5bde77655c46fabdf276
  - Shared memory size: 1073741824
  - Command buffer id: 1052576
  - Command buffer size: 8192
  - Hashmap size: 4194304
  - Service connected: false
Launching Unity Data Store - C:/Program Files/Unity/Hub/Editor/6000.6.0f1/Editor/Data/Tools/Unity.DataStore.exe 
Unity Data Store artifact dir = Library/DataStore, working dir = D:/RPTU/Thesis/Project/Frontend[Physics::Module] Selected backend.
[Physics::Module] Name: PhysX
[Physics::Module] Id: 0xf2b8ea05
[Physics::Module] SDK Version: 4.1.2
[Physics::Module] Integration Version: 1.0.0
[Physics::Module] Threading Mode: Multi-Threaded
Unity Data Store running and initialised
Initialize engine version: 6000.6.0f1 (f7f8ed4d1e24)
[EntityIdStore] init: VM path (explicit commit), pageSize=4096, blockCount=1048576, entitiesPerBlock=256, slots reserved=4294967296 bytes
[Subsystems] Discovering subsystems at path C:/Program Files/Unity/Hub/Editor/6000.6.0f1/Editor/Data/Resources/UnitySubsystems
[Subsystems] Discovering subsystems at path D:/RPTU/Thesis/Project/Frontend/Assets
Forcing GfxDevice: Null
GfxDevice: creating device client; kGfxThreadingModeNonThreaded
NullGfxDevice:
    Version:  NULL 1.0 [1.0]
    Renderer: Null Device
    Vendor:   Unity Technologies
Initialize mono
Mono path[0] = 'C:/Program Files/Unity/Hub/Editor/6000.6.0f1/Editor/Data/Managed'
Mono path[1] = 'C:/Program Files/Unity/Hub/Editor/6000.6.0f1/Editor/Data/BCLExtensions/runtime/netstandard2.1'
Mono path[2] = 'C:/Program Files/Unity/Hub/Editor/6000.6.0f1/Editor/Data/MonoBleedingEdge/lib/mono/unityjit-win32'
Mono config path = 'C:/Program Files/Unity/Hub/Editor/6000.6.0f1/Editor/Data/MonoBleedingEdge/etc'
Using monoOptions --debugger-agent=transport=dt_socket,embedding=1,server=y,suspend=n,address=127.0.0.1:56880
CodeReloadManager initialized
ImportWorker Server TCP listen port: 0
AcceleratorClientConnectionCallback - disconnected - :0
Begin MonoManager ReloadAssembly
Registering precompiled unity dll's ...
Register platform support module: C:/Program Files/Unity/Hub/Editor/6000.6.0f1/Editor/Data/PlaybackEngines/WebGLSupport/UnityEditor.WebGL.Extensions.dll
Register platform support module: C:/Program Files/Unity/Hub/Editor/6000.6.0f1/Editor/Data/PlaybackEngines/WindowsStandaloneSupport/UnityEditor.WindowsStandalone.Extensions.dll
Registered in 0.002393 seconds.
Native extension for WindowsStandalone target not found
Native extension for WebGL target not found
Package Manager log level set to [2]
ScheduleIndexationOnStartup MainProcess:False IndexOnStartup:True
Scripting: successfully reloaded assembly
- Finished resetting the current domain, in  0.967 seconds
Domain Reload Profiling: 1717ms
	BeginReloadAssembly (202ms)
		CreateAndSetChildDomain (34ms)
	RebuildCommonClasses (6ms)
	RebuildNativeTypeToScriptingClass (20ms)
	initialDomainReloadingComplete (83ms)
	LoadAllAssembliesAndSetupDomain (437ms)
		LoadAssemblies (165ms)
		TypeCache.Refresh (292ms)
			TypeCache.ScanAssembly (274ms)
		AnalyzeDomain (1ms)
	FinalizeReload (969ms)
		SetupLoadedEditorAssemblies (0ms)
			InitializePlatformSupportModulesInManaged (4ms)
			BeforeProcessingInitializeOnLoad (134ms)
			ProcessInitializeOnLoadAttributes (193ms)
			ProcessInitializeOnLoadMethodAttributes (317ms)
[Licensing::Client] Successfully resolved entitlement details
Application.AssetDatabase Initial Refresh Start
[Package Manager] Restoring resolved packages state from cache
[Licensing::Client] Successfully resolved entitlement details
[Package Manager] Registered 9 packages:
  Packages from [https://packages.unity.com]:
    com.unity.inputsystem@1.20.0 (location: D:\RPTU\Thesis\Project\Frontend\Library\PackageCache\com.unity.inputsystem@7a4e1a2a8194)
  Built-in packages:
    com.unity.modules.imageconversion@1.0.0 (location: D:\RPTU\Thesis\Project\Frontend\Library\PackageCache\com.unity.modules.imageconversion)
    com.unity.modules.physics@1.0.0 (location: D:\RPTU\Thesis\Project\Frontend\Library\PackageCache\com.unity.modules.physics)
    com.unity.modules.imgui@1.0.0 (location: D:\RPTU\Thesis\Project\Frontend\Library\PackageCache\com.unity.modules.imgui)
    com.unity.modules.uielements@1.0.0 (location: D:\RPTU\Thesis\Project\Frontend\Library\PackageCache\com.unity.modules.uielements)
    com.unity.modules.ui@1.0.0 (location: D:\RPTU\Thesis\Project\Frontend\Library\PackageCache\com.unity.modules.ui)
    com.unity.modules.jsonserialize@1.0.0 (location: D:\RPTU\Thesis\Project\Frontend\Library\PackageCache\com.unity.modules.jsonserialize)
    com.unity.modules.hierarchycore@1.0.0 (location: D:\RPTU\Thesis\Project\Frontend\Library\PackageCache\com.unity.modules.hierarchycore)
    com.unity.modules.animation@1.0.0 (location: D:\RPTU\Thesis\Project\Frontend\Library\PackageCache\com.unity.modules.animation)
[Subsystems] No new subsystems found in resolved package list.
[Package Manager] Done registering packages in 0.01 seconds
[ScriptCompilation] Requested script compilation because: AssetDatabase observed changes in script compilation related files
Starting: C:\Program Files\Unity\Hub\Editor\6000.6.0f1\Editor\Data\Tools\BuildPipeline\bee_backend.exe --ipc --defer-dag-verification --dagfile="Library/Bee/1900b0aE.dag" --continue-on-failure --profile="Library/Bee/backend1.traceevents" ScriptAssemblies
WorkingDir: D:/RPTU/Thesis/Project/Frontend
DisplayProgressbar: Compiling Scripts
ExitCode: 0 Duration: 3s767ms
[204/225    0s] ILPP-Configuration Library/ilpp-configuration.nevergeneratedoutput
[217/225    1s] Csc Library/Bee/artifacts/1900b0aE.dag/Assembly-CSharp.dll (+2 others)
[218/225    0s] ILPostProcess Library/Bee/artifacts/1900b0aE.dag/post-processed/Assembly-CSharp.dll (+pdb)
Processing assembly Library/Bee/artifacts/1900b0aE.dag/Assembly-CSharp.dll, with 148 defines and 259 references

processors: zzzUnity.Burst.CodeGen.BurstILPostProcessor

1 processor(s) skipped this assembly
[219/225    0s] CopyFiles Library/ScriptAssemblies/Assembly-CSharp.pdb
[220/225    0s] CopyFiles Library/ScriptAssemblies/Assembly-CSharp.dll
[221/225    0s] Csc Library/Bee/artifacts/1900b0aE.dag/Assembly-CSharp-Editor.dll (+2 others)
[222/225    0s] ILPostProcess Library/Bee/artifacts/1900b0aE.dag/post-processed/Assembly-CSharp-Editor.dll (+pdb)
Processing assembly Library/Bee/artifacts/1900b0aE.dag/Assembly-CSharp-Editor.dll, with 146 defines and 299 references

processors: zzzUnity.Burst.CodeGen.BurstILPostProcessor

1 processor(s) skipped this assembly
[223/225    0s] CopyFiles Library/ScriptAssemblies/Assembly-CSharp-Editor.pdb
[224/225    0s] CopyFiles Library/ScriptAssemblies/Assembly-CSharp-Editor.dll
*** Tundra build success (3.72 seconds), 9 items updated, 225 evaluated
Total cache size 51054224
Total cache size after purge 51054224, took 00:00:00.0952772
AssetDatabase: script compilation time: 4.704652s
Begin MonoManager ReloadAssembly
Native extension for WindowsStandalone target not found
Native extension for WebGL target not found
ScheduleIndexationOnStartup MainProcess:True IndexOnStartup:True
Scripting: successfully reloaded assembly
- Finished resetting the current domain, in  0.646 seconds
Domain Reload Profiling: 1325ms
	BeginReloadAssembly (355ms)
		DisableScriptedObjects (46ms)
		CreateAndSetChildDomain (68ms)
	RebuildCommonClasses (16ms)
	RebuildNativeTypeToScriptingClass (21ms)
	initialDomainReloadingComplete (58ms)
	LoadAllAssembliesAndSetupDomain (228ms)
		LoadAssemblies (146ms)
		TypeCache.Refresh (28ms)
			TypeCache.ScanAssembly (18ms)
		AnalyzeDomain (12ms)
			BuildScriptInfoCaches (9ms)
	FinalizeReload (648ms)
		SetupLoadedEditorAssemblies (0ms)
			InitializePlatformSupportModulesInManaged (3ms)
			BeforeProcessingInitializeOnLoad (130ms)
			ProcessInitializeOnLoadAttributes (150ms)
			ProcessInitializeOnLoadMethodAttributes (42ms)
			AfterProcessingInitializeOnLoad (9ms)
		AwakeInstancesAfterBackupRestoration (49ms)
Starting new worker id: 0 with log in D:/RPTU/Thesis/Project/Frontend/Logs/AssetImportWorkerHW0.log

Asset Pipeline Refresh (id=05d0ad36bcbaa784d86c8fd102e35bc2): Total: 6.410 seconds - Initiated by InitialRefreshV2(ForceSynchronousImport)
	(Values over 0.05ms)
	Summary:
		Imports: total=0 (actual=0, local cache=0, cache server=0)
		Asset DB Process Time: managed=0 ms, native=837 ms
		Asset DB Callback time: managed=98 ms, native=13 ms
		Scripting: domain reloads=1, domain reload time=737 ms, compile time=4709 ms, other=13 ms
		Project Asset Count: scripts=145, non-scripts=211
		Asset File Changes: new=0, changed=3, moved=0, deleted=0
		Scan Filter Count: 0
	InvokePackagesCallback: 12.510ms
	ApplyChangesToAssetFolders: 0.433ms
	Scan: 52.679ms
	Collect global state as custom dependencies: 9.544ms
	OnSourceAssetsModified: 0.771ms
	CategorizeScriptCompilationAssets: 2.007ms
	ProcessAssetsWithTransientArtifactChanges: 8.487ms
	CategorizeAssets: 5.936ms
	CompileScripts: 4709.186ms
	ImportOutOfDateAssets: 664.905ms (648.866ms without children)
		UnloadImportedAssets: 0.092ms
		EnsureUptoDateAssetsAreRegisteredWithGuidPM: 0.071ms
		ImportSchedulerStart: 15.869ms
	PostProcessAllAssets: 100.533ms
		VCAutoAddAssetPostprocess 1.469ms
		XRBuildSystem.XRAssetImported 0.093ms
		PostProcessCallbackCreateDeferredMaterials 0.084ms
		MonoPostProcessAllAssets: 98.350ms
			AssetPostprocessor.OnPostprocessAllAssets 40.544ms
			StyleCatalogPostProcessor.OnPostprocessAllAssets 11.971ms
			WindowAssetPostprocessingWatcher.OnPostprocessAllAssets 10.696ms
			BuilderAssetPostprocessor.OnPostprocessAllAssets 6.965ms
			SyncVS.PostprocessSyncProject 3.552ms
			AssetChangedListener.OnPostprocessAllAssets 2.586ms
			RetainedModeAssetPostprocessor.OnPostprocessAllAssets 2.028ms
			EditModeScopePostprocessor.OnPostprocessAllAssets 1.270ms
			SpeedTree9Postprocessor.OnPostprocessAllAssets 1.085ms
			TextAssetPostProcessor.OnPostprocessAllAssets 0.902ms
			ArtifactBrowserPostProcessor.OnPostprocessAllAssets 0.758ms
			InputActionAssetPostprocessor.OnPostprocessAllAssets 0.552ms
			ReferencedClipsPostProcessor.OnPostprocessAllAssets 0.470ms
			AudioMixerPostprocessor.OnPostprocessAllAssets 0.397ms
			AssetEvents.OnPostprocessAllAssets 0.379ms
			InputActionJsonNameModifierAssetProcessor.OnPostprocessAllAssets 0.361ms
			ProjectSettingsPostprocessor.OnPostprocessAllAssets 0.338ms
			RenderPipelineGlobalSettingsPostprocessor.OnPostprocessAllAssets 0.332ms
			TerrainToolbarOverlayPostProcessor.OnPostprocessAllAssets 0.269ms
			SpeedTreePostProcessor.OnPostprocessAllAssets 0.237ms
			AssetDatabaseCallbacks.OnPostprocessAllAssets 0.215ms
			ThemePostprocessor.OnPostprocessAllAssets 0.196ms
			ConfigAssetsTracker.OnPostprocessAllAssets 0.167ms
			ScenarioDriftAssetsTracker.OnPostprocessAllAssets 0.154ms
			AudioContainerPostProcessor.OnPostprocessAllAssets 0.101ms
	PostAssetChangesProfiler: 0.798ms
	UnloadStreamsBegin: 1.780ms
	GenerateScriptTypeHashes: 2.260ms
	GenerateScriptTypeSerializationHashes: 4.644ms
	Untracked: 798.471ms

Application.AssetDatabase Initial Refresh End
Scanning for USB devices : 2.083ms
Initializing Unity extensions:
[MODES] ModeService[none].Initialize
[MODES] ModeService[none].LoadModes
[MODES] Loading mode Default (0) for mode-current-id-Frontend
Unloading 3 Unused Serialized files (Serialized files now loaded: 0)
Unloading 478 unused Assets / (0.6 MB). Loaded Objects now: 1205.
Memory consumption went from 231.2 MB to 230.6 MB.
Total: 7.318700 ms (FindLiveObjects: 0.307100 ms CreateObjectMapping: 0.031400 ms MarkObjects: 6.390700 ms  DeleteObjects: 0.387600 ms)

Opening scene 'Assets/Scenes/GearboxAssembly.unity'
Unloading 5 Unused Serialized files (Serialized files now loaded: 0)
Loaded scene 'Assets/Scenes/GearboxAssembly.unity'
	Deserialize:            7.931 ms
	Integration:            54.556 ms
	Integration of assets:  0.031 ms
	Thread Wait Time:       0.047 ms
	Total Operation Time:   62.565 ms
Unloading 8 unused Assets / (16.6 KB). Loaded Objects now: 1849.
Memory consumption went from 253.5 MB to 253.5 MB.
Total: 6.339100 ms (FindLiveObjects: 0.256800 ms CreateObjectMapping: 0.026100 ms MarkObjects: 5.810800 ms  DeleteObjects: 0.052000 ms)

Microsoft Media Foundation video decoding to texture disabled: graphics device is Null, only Direct3D 11 and Direct3D 12 (only on desktop) are supported for hardware-accelerated video decoding.
[Project] Loading completed in 10.126 seconds
	Project init time: 				9.618 seconds
		Template init time: 		0.000 seconds
		Package Manager init time: 		0.284 seconds
		Asset Database init time: 		0.881 seconds
		Global illumination init time: 	0.003 seconds
		Assemblies load time: 			1.777 seconds
		Unity extensions init time: 	0.002 seconds
		Asset Database refresh time: 	6.411 seconds
	Scene opening time: 			0.204 seconds
##utp:{"type":"ProjectInfo","version":2,"phase":"Immediate","time":1789925032345,"processId":31880,"projectLoad":10.1262131,"projectInit":9.6181435,"templateInit":0.0,"packageManagerInit":0.2840697,"assetDatabaseInit":0.8808753,"globalIlluminationInit":0.0033592,"assembliesLoad":1.7772232,"unityExtensionsInit":0.0022806,"assetDatabaseRefresh":6.4108046,"sceneOpening":0.2043825}
##utp:{"type":"EditorInfo","version":2,"phase":"Immediate","time":1789925032345,"processId":31880,"editorVersion":"6000.6.0f1 (f7f8ed4d1e24)","branch":"6000.6/respin/6000.6.0f1-fa21a270ab12","buildType":"Release","platform":"Windows"}
Reloading assemblies for play mode.
Reloading assemblies after forced synchronous recompile.
Begin MonoManager ReloadAssembly
Native extension for WindowsStandalone target not found
Native extension for WebGL target not found
ScheduleIndexationOnStartup MainProcess:True IndexOnStartup:True
Scripting: successfully reloaded assembly
- Finished resetting the current domain, in  0.711 seconds
Domain Reload Profiling: 1278ms
	BeginReloadAssembly (282ms)
		DisableScriptedObjects (36ms)
		CreateAndSetChildDomain (62ms)
	RebuildCommonClasses (12ms)
	RebuildNativeTypeToScriptingClass (19ms)
	initialDomainReloadingComplete (58ms)
	LoadAllAssembliesAndSetupDomain (193ms)
		LoadAssemblies (143ms)
		TypeCache.Refresh (5ms)
		AnalyzeDomain (2ms)
	FinalizeReload (713ms)
		SetupLoadedEditorAssemblies (0ms)
			InitializePlatformSupportModulesInManaged (3ms)
			BeforeProcessingInitializeOnLoad (133ms)
			ProcessInitializeOnLoadAttributes (127ms)
			ProcessInitializeOnLoadMethodAttributes (47ms)
			AfterProcessingInitializeOnLoad (10ms)
		AwakeInstancesAfterBackupRestoration (52ms)

Asset Pipeline Refresh (id=56403f5cfb6d1bc45bde5200dc014e79): Total: 1.499 seconds - Initiated by StopAssetImportingV2(ForceSynchronousImport | ForceDomainReload)
	(Values over 0.05ms)
	Summary:
		Imports: total=0 (actual=0, local cache=0, cache server=0)
		Asset DB Process Time: managed=0 ms, native=793 ms
		Asset DB Callback time: managed=78 ms, native=10 ms
		Scripting: domain reloads=1, domain reload time=612 ms, compile time=5 ms, other=0 ms
		Project Asset Count: scripts=145, non-scripts=211
		Asset File Changes: new=0, changed=0, moved=0, deleted=0
		Scan Filter Count: 0
	InvokePackagesCallback: 1.492ms
	ApplyChangesToAssetFolders: 0.077ms
	Collect global state as custom dependencies: 1.207ms
	ProcessAssetsWithTransientArtifactChanges: 12.829ms
	CategorizeAssets: 4.646ms
	CompileScripts: 4.784ms
	ImportOutOfDateAssets: 714.535ms (714.031ms without children)
		UnloadImportedAssets: 0.214ms
		EnsureUptoDateAssetsAreRegisteredWithGuidPM: 0.061ms
		ImportSchedulerStart: 0.189ms
	PostProcessAllAssets: 86.326ms
		PostProcessCallbackCreateDeferredMaterials 2.058ms
		ShaderAssetModifiedCallback 1.135ms
		RaytracingShaderImportPostprocess 0.432ms
		ComputeShaderImportPostprocess 0.410ms
		SpeedTreeImporter.PostprocessAllAssets 0.364ms
		LocalizationDatabase.AssetDatabasePostprocessCallback 0.206ms
		BlockShaderImporter.PostprocessAllAssets 0.194ms
		AssemblyValidation.PostprocessAllAssets 0.184ms
		XRBuildSystem.XRAssetImported 0.069ms
		MonoPostProcessAllAssets: 76.892ms
			AssetPostprocessor.OnPostprocessAllAssets 22.709ms
			StyleCatalogPostProcessor.OnPostprocessAllAssets 9.439ms
			WindowAssetPostprocessingWatcher.OnPostprocessAllAssets 7.397ms
			BuilderAssetPostprocessor.OnPostprocessAllAssets 6.595ms
			AssetChangedListener.OnPostprocessAllAssets 3.108ms
			SyncVS.PostprocessSyncProject 2.940ms
			InputActionJsonNameModifierAssetProcessor.OnPostprocessAllAssets 2.595ms
			InputActionAssetPostprocessor.OnPostprocessAllAssets 2.555ms
			TextAssetPostProcessor.OnPostprocessAllAssets 1.843ms
			RetainedModeAssetPostprocessor.OnPostprocessAllAssets 1.567ms
			SpeedTree9Postprocessor.OnPostprocessAllAssets 1.235ms
			ProjectSettingsPostprocessor.OnPostprocessAllAssets 1.121ms
			ArtifactBrowserPostProcessor.OnPostprocessAllAssets 0.597ms
			AudioMixerPostprocessor.OnPostprocessAllAssets 0.362ms
			EditModeScopePostprocessor.OnPostprocessAllAssets 0.356ms
			ReferencedClipsPostProcessor.OnPostprocessAllAssets 0.346ms
			AssetEvents.OnPostprocessAllAssets 0.283ms
			TerrainToolbarOverlayPostProcessor.OnPostprocessAllAssets 0.221ms
			AssetDatabaseCallbacks.OnPostprocessAllAssets 0.204ms
			ThemePostprocessor.OnPostprocessAllAssets 0.197ms
			SpeedTreePostProcessor.OnPostprocessAllAssets 0.194ms
			ConfigAssetsTracker.OnPostprocessAllAssets 0.184ms
			ScenarioDriftAssetsTracker.OnPostprocessAllAssets 0.151ms
			RenderPipelineGlobalSettingsPostprocessor.OnPostprocessAllAssets 0.099ms
			AudioContainerPostProcessor.OnPostprocessAllAssets 0.084ms
	PostAssetChangesProfiler: 1.877ms
	UnloadStreamsBegin: 0.234ms
	GenerateScriptTypeHashes: 2.175ms
	GenerateScriptTypeSerializationHashes: 4.542ms
	Untracked: 637.737ms

Loaded scene 'Temp/__Backupscenes/0.backup'
	Deserialize:            5.547 ms
	Integration:            35.859 ms
	Integration of assets:  0.155 ms
	Thread Wait Time:       32.793 ms
	Total Operation Time:   74.353 ms
Worker ready: AssetImportWorkerHW0 0
[MODES] ModeService[none].Initialize
[MODES] ModeService[none].LoadModes
Start Indexing on Editor startup
[Indexing] Starting Initial Indexing for Assets
Created GICache directory at C:/Users/Harsh/AppData/LocalLow/Unity/Caches/GiCache. Took: 0.018s, timestamps: [11.861 - 11.879]
[Licensing::Client] Successfully resolved entitlement details
Unloading 25 Unused Serialized files (Serialized files now loaded: 0)
Loaded scene 'Temp/__Backupscenes/0.backup'
	Deserialize:            2.153 ms
	Integration:            8.999 ms
	Integration of assets:  0.002 ms
	Thread Wait Time:       0.011 ms
	Total Operation Time:   11.165 ms
Unloading 419 unused Assets / (118.1 KB). Loaded Objects now: 2047.
Memory consumption went from 265.8 MB to 265.7 MB.
Total: 6.659000 ms (FindLiveObjects: 0.334100 ms CreateObjectMapping: 0.062700 ms MarkObjects: 5.970000 ms  DeleteObjects: 0.119300 ms)

MonoPathRemapper: Attempts to remap: 2742; Successful remaps: 8
Serialized file version minimum: 23, current 23
[Physics::Module] Cleanup current backend.
[Physics::Module] Id: 0xf2b8ea05
Input System module state changed to: ShutdownInProgress.
Input Polling Thread exited.
Input System module state changed to: Shutdown.
[Licensing::IpcConnector] LicenseClient-Harsh-notifications channel disconnected successfully.
[Licensing::IpcConnector] LicenseClient-Harsh channel disconnected successfully.
Lingering sessions upon destruction of worker manager
Unity Data Store service was successfully shut down
UDS shutting down local client system
Shut down UDS service system complete
AcceleratorClientConnectionCallback - disconnected - :0
Cleanup mono
CodeReloadManager destroyed
Checking for leaked weakptr:
  Found no leaked weakptrs.
[Package Manager] Server process was shutdown
##utp:{"type":"MemoryLeaks","version":2,"phase":"Immediate","time":1789925062269,"processId":31880,"allocatedMemory":11156464,"memoryLabels":[{"Default":156763},{"Permanent":15516},{"NewDelete":69439},{"Thread":4197984},{"Manager":35493},{"VertexData":8},{"Geometry":816},{"Texture":24},{"Shader":832621},{"Material":24},{"GfxDevice":55968},{"Animation":952},{"Audio":896},{"FreeType":8},{"FontEngine":736},{"Physics":1970},{"Physics2D":16},{"Serialization":16768},{"Input":42840},{"JobScheduler":256},{"TextLib":280},{"Mono":48},{"ScriptingNativeRuntime":1210712},{"BaseObject":49168},{"Resource":1208},{"Renderer":2376},{"Transform":4685},{"File":7393},{"WebCam":616},{"Culling":32},{"Terrain":11442},{"Wind":24},{"STL":40},{"String":445130},{"StaticString":3808},{"Utility":2675350},{"Curl":2478},{"PoolAlloc":2168},{"AI":80},{"TypeTree":17165},{"ScriptManager":18960},{"CodeReload":448},{"RuntimeInitializeOnLoadManager":64},{"Sprites":102},{"SpriteAtlas":120},{"GI":7816},{"Director":8296},{"CloudService":7440},{"WebRequest":8684},{"VR":49650},{"SceneManager":608},{"Video":64},{"LazyScriptCache":32},{"Camera":729},{"Secure":2377},{"SerializationCache":9256},{"APIUpdating":10320},{"Subsystems":336},{"VirtualTexturing":57888},{"StaticSafetyDebugInfo":278528},{"Analytics":768},{"Hierarchy":1188},{"UIElements":40},{"CoreStats":14456},{"Identifiers":7152},{"Gui":128},{"EditorUtility":89870},{"VersionControl":8},{"Undo":931},{"AssetDatabase":647048},{"AssetImporter":40},{"EditorGi":328},{"UnityConnect":40465},{"Upm":1912},{"UpmDiagnostics":8},{"AssetCompliance":96},{"DrivenProperties":72},{"LocalIPC":260},{"ProfilerEditor":9778},{"CoreBusinessMetrics":3620},{"Windowing":456},{"Licensing":12757},{"AssetReference":32},{"IPCStream":32}]}
