VBCSCompilerPreWarmer: pre-warm launched (dotnet PID 30800)
VBCSCompiler prewarm took 7.56 ms
[Licensing::Module] Trying to connect to existing licensing client channel...
Built from '6000.6/respin/6000.6.0f1-fa21a270ab12' branch; Version is '6000.6.0f1 (f7f8ed4d1e24) revision 16251117'; Using compiler version '194234433'; Build Type 'Release'
[Licensing::IpcConnector] Successfully connected to: "LicenseClient-Harsh" at "2026-09-20T11:44:49.9780284Z"
OS: 'Windows 11  (10.0.26200) CoreSingleLanguage' Language: 'en' Physical Memory: 16088 MB
BatchMode: 1, IsHumanControllingUs: 0, StartBugReporterOnCrash: 0, Is64bit: 1
System  architecture: x64
Process architecture: x64
Date: 2026-09-20T11:44:49Z
[Licensing::Client] Code 10 while verifying Licensing Client signature (process Id: 22244, path: "C:/Program Files/Unity Hub/UnityLicensingClient_V1/Unity.Licensing.Client.exe")
[Licensing::Module] LicensingClient has failed validation; ignoring
[Licensing::Client] Handshaking with LicensingClient:
  Version:                 1.18.3+d7ffd15
  Session Id:              06f612617cb94afebc3c0d49114459b5
  Correlation Id:          ccc8ba1353ff48d5208692868c3352db
  External correlation Id: 9036620694448303786
  Machine Id:              Hbp6cIbiWcEt7uCUfLOsR8jmd/w=
[Licensing::Module] Successfully connected to LicensingClient on channel: "LicenseClient-Harsh" (connect: 0.00s, validation: 0.00s, handshake: 0.07s)
[Licensing::IpcConnector] Successfully connected to: "LicenseClient-Harsh-notifications" at "2026-09-20T11:44:50.0481736Z"
[Licensing::Module] Error: Access token is unavailable; failed to update
[Licensing::Client] Successfully resolved entitlement details
[Licensing::Module] License group:
  Id: 9072445264484-UnityPersXXXX
  Product: Unity Personal
  Type: Assigned
  Expiration: Unlimited
[Licensing::Client] Successfully updated license, isAsync: True, time: 0.00
[Licensing::Client] Successfully resolved entitlement details
[Licensing::Module] Licensing Background thread has ended after 0.08s

COMMAND LINE ARGUMENTS:
C:\Program Files\Unity\Hub\Editor\6000.6.0f1\Editor\Unity.exe
-batchmode
-nographics
-projectPath
D:\RPTU\Thesis\Project\Frontend
-executeMethod
GearboxDemo.Editor.GearboxRobotChecks.RunBatch
-logFile
D:\RPTU\Thesis\Project\Frontend\unity-robot-checks.log
Successfully changed project path to: D:\RPTU\Thesis\Project\Frontend
D:/RPTU/Thesis/Project/Frontend
[UnityMemory] Configuration Parameters - Can be set up in boot.config
    "memorysetup-temp-allocator-size-gi-baking-worker=262144"
    "memorysetup-temp-allocator-size-gi-baking-worker=262144"
    "memorysetup-temp-allocator-size-gi-baking-worker=262144"
    "memorysetup-temp-allocator-size-gi-baking-worker=262144"
    "memorysetup-temp-allocator-size-gi-baking-worker=262144"
    "memorysetup-temp-allocator-size-nav-mesh-worker=65536"
    "memorysetup-temp-allocator-size-audio-worker=65536"
    "memorysetup-temp-allocator-size-cloud-worker=32768"
    "memorysetup-temp-allocator-size-gfx=262144"
    "memorysetup-remapper-allocator-initial-capacity=32768"
    "memorysetup-temp-allocator-size-preload-manager=33554432"
    "memorysetup-allocator-temp-initial-block-size-main=262144"
    "memorysetup-allocator-temp-initial-block-size-worker=262144"
    "memorysetup-temp-allocator-size-job-worker=262144"
    "memorysetup-temp-allocator-size-background-worker=32768"
    "memorysetup-bucket-allocator-granularity=16"
    "memorysetup-bucket-allocator-bucket-count=8"
    "memorysetup-bucket-allocator-block-size=33554432"
    "memorysetup-bucket-allocator-block-count=8"
    "memorysetup-main-allocator-block-size=16777216"
    "memorysetup-thread-allocator-block-size=16777216"
    "memorysetup-main-allocator-mimalloc-enabled=1"
    "memorysetup-gfx-main-allocator-block-size=16777216"
    "memorysetup-gfx-thread-allocator-block-size=16777216"
    "memorysetup-cache-allocator-block-size=4194304"
    "memorysetup-typetree-allocator-block-size=2097152"
    "memorysetup-profiler-bucket-allocator-granularity=16"
    "memorysetup-profiler-bucket-allocator-bucket-count=8"
    "memorysetup-profiler-bucket-allocator-block-size=33554432"
    "memorysetup-profiler-bucket-allocator-block-count=8"
    "memorysetup-profiler-allocator-block-size=16777216"
    "memorysetup-profiler-editor-allocator-block-size=1048576"
    "memorysetup-temp-allocator-size-main=16777216"
    "memorysetup-job-temp-allocator-block-size=2097152"
    "memorysetup-job-temp-allocator-block-size-background=1048576"
    "memorysetup-job-temp-allocator-reduction-small-platforms=262144"
Logging is directed to a specific file, skipping project log.
Player connection [3164]  Target information:

Player connection [3164]  * "[IP] 192.168.178.35 [Port] 55504 [Flags] 2 [Guid] 1467084058 [EditorId] 1467084058 [Version] 1048832 [Id] WindowsEditor(7,LAPTOP-CQ1FOJIL) [Debug] 1 [PackageName] WindowsEditor [ProjectName] Editor" 

Player connection [3164] Host joined multi-casting on [225.0.0.222:54997]...
Player connection [3164] Host joined alternative multi-casting on [225.0.0.222:34997]...
Input System module state changed to: Initialized.
[Physics::Module] Initialized fallback backend.
[Physics::Module] Id: 0xdecafbad
[Package Manager] Connected to IPC stream "Upm-13352" after 0.3 seconds.
[Licensing::Client] Successfully resolved entitlement details
Library Redirect Path: Library/
Initialising UDS system complete:
  - System type: Client
  - Resource namespace: 9f1c73524ddb5bde77655c46fabdf276
  - Shared memory size: 1073741824
  - Command buffer id: 1052576
  - Command buffer size: 8192
  - Hashmap size: 4194304
  - Service connected: false
Launching Unity Data Store - C:/Program Files/Unity/Hub/Editor/6000.6.0f1/Editor/Data/Tools/Unity.DataStore.exe 
Unity Data Store artifact dir = Library/DataStore, working dir = D:/RPTU/Thesis/Project/Frontend[Physics::Module] Selected backend.
[Physics::Module] Name: PhysX
[Physics::Module] Id: 0xf2b8ea05
[Physics::Module] SDK Version: 4.1.2
[Physics::Module] Integration Version: 1.0.0
[Physics::Module] Threading Mode: Multi-Threaded
Unity Data Store running and initialised
Initialize engine version: 6000.6.0f1 (f7f8ed4d1e24)
[EntityIdStore] init: VM path (explicit commit), pageSize=4096, blockCount=1048576, entitiesPerBlock=256, slots reserved=4294967296 bytes
[Subsystems] Discovering subsystems at path C:/Program Files/Unity/Hub/Editor/6000.6.0f1/Editor/Data/Resources/UnitySubsystems
[Subsystems] Discovering subsystems at path D:/RPTU/Thesis/Project/Frontend/Assets
Forcing GfxDevice: Null
GfxDevice: creating device client; kGfxThreadingModeNonThreaded
NullGfxDevice:
    Version:  NULL 1.0 [1.0]
    Renderer: Null Device
    Vendor:   Unity Technologies
Initialize mono
Mono path[0] = 'C:/Program Files/Unity/Hub/Editor/6000.6.0f1/Editor/Data/Managed'
Mono path[1] = 'C:/Program Files/Unity/Hub/Editor/6000.6.0f1/Editor/Data/BCLExtensions/runtime/netstandard2.1'
Mono path[2] = 'C:/Program Files/Unity/Hub/Editor/6000.6.0f1/Editor/Data/MonoBleedingEdge/lib/mono/unityjit-win32'
Mono config path = 'C:/Program Files/Unity/Hub/Editor/6000.6.0f1/Editor/Data/MonoBleedingEdge/etc'
Using monoOptions --debugger-agent=transport=dt_socket,embedding=1,server=y,suspend=n,address=127.0.0.1:56352
CodeReloadManager initialized
ImportWorker Server TCP listen port: 0
AcceleratorClientConnectionCallback - disconnected - :0
Begin MonoManager ReloadAssembly
Registering precompiled unity dll's ...
Register platform support module: C:/Program Files/Unity/Hub/Editor/6000.6.0f1/Editor/Data/PlaybackEngines/WebGLSupport/UnityEditor.WebGL.Extensions.dll
Register platform support module: C:/Program Files/Unity/Hub/Editor/6000.6.0f1/Editor/Data/PlaybackEngines/WindowsStandaloneSupport/UnityEditor.WindowsStandalone.Extensions.dll
Registered in 0.002359 seconds.
Native extension for WindowsStandalone target not found
Native extension for WebGL target not found
Package Manager log level set to [2]
ScheduleIndexationOnStartup MainProcess:False IndexOnStartup:True
Scripting: successfully reloaded assembly
- Finished resetting the current domain, in  0.907 seconds
Domain Reload Profiling: 1618ms
	BeginReloadAssembly (179ms)
		CreateAndSetChildDomain (20ms)
	RebuildCommonClasses (6ms)
	RebuildNativeTypeToScriptingClass (20ms)
	initialDomainReloadingComplete (84ms)
	LoadAllAssembliesAndSetupDomain (420ms)
		LoadAssemblies (156ms)
		TypeCache.Refresh (279ms)
			TypeCache.ScanAssembly (263ms)
		AnalyzeDomain (1ms)
	FinalizeReload (909ms)
		SetupLoadedEditorAssemblies (0ms)
			InitializePlatformSupportModulesInManaged (3ms)
			BeforeProcessingInitializeOnLoad (134ms)
			ProcessInitializeOnLoadAttributes (189ms)
			ProcessInitializeOnLoadMethodAttributes (281ms)
[Licensing::Client] Successfully resolved entitlement details
Application.AssetDatabase Initial Refresh Start
[Package Manager] Restoring resolved packages state from cache
[Licensing::Client] Successfully resolved entitlement details
[Package Manager] Registered 3 packages:
  Built-in packages:
    com.unity.modules.imageconversion@1.0.0 (location: D:\RPTU\Thesis\Project\Frontend\Library\PackageCache\com.unity.modules.imageconversion)
    com.unity.modules.physics@1.0.0 (location: D:\RPTU\Thesis\Project\Frontend\Library\PackageCache\com.unity.modules.physics)
    com.unity.modules.imgui@1.0.0 (location: D:\RPTU\Thesis\Project\Frontend\Library\PackageCache\com.unity.modules.imgui)
[Subsystems] No new subsystems found in resolved package list.
[Package Manager] Done registering packages in 0.01 seconds
[ScriptCompilation] Requested script compilation because: AssetDatabase observed changes in script compilation related files
Starting: C:\Program Files\Unity\Hub\Editor\6000.6.0f1\Editor\Data\Tools\BuildPipeline\bee_backend.exe --ipc --defer-dag-verification --dagfile="Library/Bee/1900b0aE.dag" --continue-on-failure --profile="Library/Bee/backend1.traceevents" ScriptAssemblies
WorkingDir: D:/RPTU/Thesis/Project/Frontend
DisplayProgressbar: Compiling Scripts
Starting: C:\Program Files\Unity\Hub\Editor\6000.6.0f1\Editor\Data\DotNetSdk\dotnet.exe "C:\Program Files\Unity\Hub\Editor\6000.6.0f1\Editor\Data\Tools\BuildPipeline\ScriptCompilationBuildProgram.exe" "Library/Bee/1900b0aE.dag.json" "Library/Bee/1900b0aE-inputdata.json" "Library\Bee\buildprogram0.traceevents"ExitCode: 4 Duration: 1s714ms
Rebuilding DAG because FileSignature timestamp changed: Library/Bee/1900b0aE-inputdata.json
[174/182    0s] ILPP-Configuration Library/ilpp-configuration.nevergeneratedoutput
[175/182    1s] Csc Library/Bee/artifacts/1900b0aE.dag/Assembly-CSharp-Editor.dll (+2 others)
*** Tundra requires additional run (1.67 seconds), 2 items updated, 173 evaluated

WorkingDir: D:/RPTU/Thesis/Project/Frontend
ExitCode: 0 Duration: 0s265ms
Starting: C:\Program Files\Unity\Hub\Editor\6000.6.0f1\Editor\Data\Tools\BuildPipeline\bee_backend.exe --ipc --defer-dag-verification --dagfile="Library/Bee/1900b0aE.dag" --continue-on-failure --dagfilejson="Library\Bee\1900b0aE.dag.json" --profile="Library/Bee/backend2.traceevents" ScriptAssemblies
WorkingDir: D:/RPTU/Thesis/Project/Frontend
ExitCode: 0 Duration: 0s511ms
Finished compiling graph: 185 nodes, 660 flattened edges (652 ToBuild, 4 ToUse), maximum node priority 20
[175/182    0s] ILPP-Configuration Library/ilpp-configuration.nevergeneratedoutput
[179/182    0s] ILPostProcess Library/Bee/artifacts/1900b0aE.dag/post-processed/Assembly-CSharp-Editor.dll (+pdb)
Processing assembly Library/Bee/artifacts/1900b0aE.dag/Assembly-CSharp-Editor.dll, with 146 defines and 296 references

processors: zzzUnity.Burst.CodeGen.BurstILPostProcessor

1 processor(s) skipped this assembly
[180/182    0s] CopyFiles Library/ScriptAssemblies/Assembly-CSharp-Editor.pdb
[181/182    0s] CopyFiles Library/ScriptAssemblies/Assembly-CSharp-Editor.dll
*** Tundra build success (0.46 seconds), 4 items updated, 182 evaluated
Total cache size 47846736
Total cache size after purge 47846736, took 00:00:00.0765149
AssetDatabase: script compilation time: 3.309036s
Begin MonoManager ReloadAssembly
Native extension for WindowsStandalone target not found
Native extension for WebGL target not found
ScheduleIndexationOnStartup MainProcess:True IndexOnStartup:True
Scripting: successfully reloaded assembly
- Finished resetting the current domain, in  0.578 seconds
Domain Reload Profiling: 1147ms
	BeginReloadAssembly (316ms)
		DisableScriptedObjects (39ms)
		CreateAndSetChildDomain (54ms)
	RebuildCommonClasses (12ms)
	RebuildNativeTypeToScriptingClass (20ms)
	initialDomainReloadingComplete (55ms)
	LoadAllAssembliesAndSetupDomain (164ms)
		LoadAssemblies (135ms)
		TypeCache.Refresh (7ms)
		AnalyzeDomain (5ms)
			BuildScriptInfoCaches (3ms)
	FinalizeReload (580ms)
		SetupLoadedEditorAssemblies (0ms)
			InitializePlatformSupportModulesInManaged (3ms)
			BeforeProcessingInitializeOnLoad (130ms)
			ProcessInitializeOnLoadAttributes (80ms)
			ProcessInitializeOnLoadMethodAttributes (62ms)
			AfterProcessingInitializeOnLoad (12ms)
		AwakeInstancesAfterBackupRestoration (47ms)
Starting new worker id: 0 with log in D:/RPTU/Thesis/Project/Frontend/Logs/AssetImportWorkerHW0.log

Asset Pipeline Refresh (id=242baf65d270b1146b26dd3c30c09e3a): Total: 4.738 seconds - Initiated by InitialRefreshV2(ForceSynchronousImport)
	(Values over 0.05ms)
	Summary:
		Imports: total=0 (actual=0, local cache=0, cache server=0)
		Asset DB Process Time: managed=0 ms, native=703 ms
		Asset DB Callback time: managed=79 ms, native=8 ms
		Scripting: domain reloads=1, domain reload time=624 ms, compile time=3313 ms, other=8 ms
		Project Asset Count: scripts=46, non-scripts=32
		Asset File Changes: new=0, changed=1, moved=0, deleted=0
		Scan Filter Count: 0
	InvokePackagesCallback: 8.104ms
	ApplyChangesToAssetFolders: 0.202ms
	Scan: 15.606ms
	Collect global state as custom dependencies: 8.989ms
	OnSourceAssetsModified: 0.768ms
	CategorizeScriptCompilationAssets: 0.089ms
	ProcessAssetsWithTransientArtifactChanges: 0.827ms
	CategorizeAssets: 0.619ms
	CompileScripts: 3313.468ms
	ImportOutOfDateAssets: 597.810ms (580.591ms without children)
		UnloadImportedAssets: 0.188ms
		ImportSchedulerStart: 16.993ms
	PostProcessAllAssets: 80.433ms
		VCAutoAddAssetPostprocess 1.504ms
		PostProcessCallbackCreateDeferredMaterials 0.053ms
		MonoPostProcessAllAssets: 78.392ms
			AssetPostprocessor.OnPostprocessAllAssets 27.018ms
			StyleCatalogPostProcessor.OnPostprocessAllAssets 11.638ms
			WindowAssetPostprocessingWatcher.OnPostprocessAllAssets 9.488ms
			BuilderAssetPostprocessor.OnPostprocessAllAssets 6.394ms
			SyncVS.PostprocessSyncProject 2.940ms
			AssetChangedListener.OnPostprocessAllAssets 2.335ms
			RetainedModeAssetPostprocessor.OnPostprocessAllAssets 1.784ms
			EditModeScopePostprocessor.OnPostprocessAllAssets 1.295ms
			SpeedTree9Postprocessor.OnPostprocessAllAssets 1.174ms
			TextAssetPostProcessor.OnPostprocessAllAssets 0.825ms
			ArtifactBrowserPostProcessor.OnPostprocessAllAssets 0.675ms
			ReferencedClipsPostProcessor.OnPostprocessAllAssets 0.360ms
			AudioMixerPostprocessor.OnPostprocessAllAssets 0.335ms
			AssetEvents.OnPostprocessAllAssets 0.293ms
			TerrainToolbarOverlayPostProcessor.OnPostprocessAllAssets 0.276ms
			SpeedTreePostProcessor.OnPostprocessAllAssets 0.212ms
			AssetDatabaseCallbacks.OnPostprocessAllAssets 0.196ms
			ConfigAssetsTracker.OnPostprocessAllAssets 0.182ms
			ThemePostprocessor.OnPostprocessAllAssets 0.161ms
			ScenarioDriftAssetsTracker.OnPostprocessAllAssets 0.146ms
			RenderPipelineGlobalSettingsPostprocessor.OnPostprocessAllAssets 0.118ms
			AudioContainerPostProcessor.OnPostprocessAllAssets 0.090ms
	PostAssetChangesProfiler: 0.419ms
	UnloadStreamsBegin: 1.552ms
	Untracked: 664.048ms

Application.AssetDatabase Initial Refresh End
Scanning for USB devices : 1.884ms
Initializing Unity extensions:
[MODES] ModeService[none].Initialize
[MODES] ModeService[none].LoadModes
[MODES] Loading mode Default (0) for mode-current-id-Frontend
Unloading 3 Unused Serialized files (Serialized files now loaded: 0)
Unloading 30 unused Assets / (0.5 MB). Loaded Objects now: 756.
Memory consumption went from 220.4 MB to 219.9 MB.
Total: 6.429400 ms (FindLiveObjects: 0.173800 ms CreateObjectMapping: 0.009800 ms MarkObjects: 5.839300 ms  DeleteObjects: 0.241700 ms)

Opening scene 'Assets/Scenes/GearboxAssembly.unity'
Unloading 5 Unused Serialized files (Serialized files now loaded: 0)
Loaded scene 'Assets/Scenes/GearboxAssembly.unity'
	Deserialize:            6.418 ms
	Integration:            45.976 ms
	Integration of assets:  0.027 ms
	Thread Wait Time:       0.050 ms
	Total Operation Time:   52.471 ms
Unloading 8 unused Assets / (16.8 KB). Loaded Objects now: 1312.
Memory consumption went from 243.0 MB to 243.0 MB.
Total: 6.480100 ms (FindLiveObjects: 0.256000 ms CreateObjectMapping: 0.015700 ms MarkObjects: 5.997600 ms  DeleteObjects: 0.029200 ms)

Launched and connected shader compiler UnityShaderCompiler.exe after 0.02 seconds
Importing 'GUID: a8b5825889c252f44b72e14145df8593 - Path: Assets/Materials/RobotPearl.mat' with importer (NativeFormatImporter)
Imported 'GUID: a8b5825889c252f44b72e14145df8593' -> (Import Result ID: '2bfd4141b3fdefa12114f492c9bf84ba') in 0.005 seconds [static dependencies only]. Details - ImportResultOutputID=80c39f3aa7d745ee4c2cf959ed434638 DependenciesID=719961652c11fdf3432b7fdae016a22c StaticDependenciesID=cc24b02ecfa720ba193e529601962b00 
Asset Pipeline Refresh (id=9d1999502450fa54b851e8bfd56809df): Total: 0.058 seconds - Initiated by StopAssetImportingV2(NoUpdateAssetOptions)
Importing 'GUID: ce8fa916f489b8944954c5a3cdf86ea6 - Path: Assets/Materials/RobotTeal.mat' with importer (NativeFormatImporter)
Imported 'GUID: ce8fa916f489b8944954c5a3cdf86ea6' -> (Import Result ID: '39d50104f82f445913e80ed005e0b3e6') in 0.001 seconds [static dependencies only]. Details - ImportResultOutputID=dfadda6d4ce50fc2b05433d4a3a0cd69 DependenciesID=09a86b49dce8ce848965d4b5aeb07902 StaticDependenciesID=cc638bd3322de9a38d52a2f61a194638 
Asset Pipeline Refresh (id=134fb145c702ae24da46e157e3ab59ec): Total: 0.014 seconds - Initiated by StopAssetImportingV2(NoUpdateAssetOptions)
Importing 'GUID: 7053166025b35c346964ea6bad0d3c6e - Path: Assets/ScriptableObjects/RobotHome.asset' with importer (NativeFormatImporter)
Imported 'GUID: 7053166025b35c346964ea6bad0d3c6e' -> (Import Result ID: 'b4d1a2a6dd8cd412d940cc82efa650d0') in 0.001 seconds [static dependencies only]. Details - ImportResultOutputID=d0bc78dedce6dcc1b44a024677986781 DependenciesID=b89c8d7d4c911587484856f574518bdc StaticDependenciesID=8e34ea157d771a6ec1ab616f91070385 
Importing 'GUID: 728460307f68ef1419f44d24b664f6f1 - Path: Assets/ScriptableObjects/RobotAssemblySafe.asset' with importer (NativeFormatImporter)
Imported 'GUID: 728460307f68ef1419f44d24b664f6f1' -> (Import Result ID: 'dd27ebd1281e35c989404f741cb78b69') in 0.001 seconds [static dependencies only]. Details - ImportResultOutputID=315e1d5a9238ebf70db9e7edb7d6d1ad DependenciesID=9bd1a3ed0dfe0188e208545ddc4bdde2 StaticDependenciesID=9ebbbf770f36966c9b40745f0a292659 
Importing 'GUID: b2e8ca1cfcb09e949967bdc914c1e7f7 - Path: Assets/ScriptableObjects/RobotTraySafe.asset' with importer (NativeFormatImporter)
Imported 'GUID: b2e8ca1cfcb09e949967bdc914c1e7f7' -> (Import Result ID: '3d04ca9b925298122edd96f08f8ddd21') in 0.001 seconds [static dependencies only]. Details - ImportResultOutputID=53245d5ebd5b22af18cc636db93a847e DependenciesID=6100677b25155308408c68ce7e43fff3 StaticDependenciesID=fe6110c1a9be799cd56d3741e78d2f19 
Importing 'GUID: b3299578821e747418ca6c89517c32fd - Path: Assets/ScriptableObjects/RobotHumanSafe.asset' with importer (NativeFormatImporter)
Imported 'GUID: b3299578821e747418ca6c89517c32fd' -> (Import Result ID: '89c4ad13a7823eb61c02fb28adf58d24') in 0.001 seconds [static dependencies only]. Details - ImportResultOutputID=fdfab07a6a10db24912632d0d292b206 DependenciesID=4ebb24c7ed8de6daf70ae3a310d4b9a3 StaticDependenciesID=5d2845d03985d50c238d1f4faeedde27 
Asset Pipeline Refresh (id=f834ab5cf7f3a6d48bbaf3a3c1740de5): Total: 0.010 seconds - Initiated by StopAssetImportingV2(NoUpdateAssetOptions)
Importing 'GUID: 49747deddcd78a94bbb9da8ba8c09521 - Path: Assets/Scenes/GearboxAssembly.unity' with importer (DefaultImporter)
Imported 'GUID: 49747deddcd78a94bbb9da8ba8c09521' -> (Import Result ID: 'b1126ab6db2944b4e7ad4fc72fd8abf4') in 0.001 seconds [static dependencies only]. Details - ImportResultOutputID=fda1a82140877392559da014a9fa89f0 DependenciesID=cfcea1e1a0ba50d17d87a972e650282a StaticDependenciesID=6a3d1e03b3063aa66deabbeee909018b 
Asset Pipeline Refresh (id=28b185a2038a82346a75fe2f2235c9bd): Total: 0.007 seconds - Initiated by StopAssetImportingV2(NoUpdateAssetOptions)
Tray bounds: (1.4000, 0.0500, 1.0000); workstation tabletop: (2.2000, 0.1000, 1.2000); assembly mat: (1.3000, 0.0300, 0.8000)
Housing: existing collider bounds (0.2400, 0.1200, 0.2400)
OutputShaft: existing collider bounds (0.1847, 0.1600, 0.1680)
PinCarrier: existing collider bounds (0.1727, 0.0624, 0.1560)
Gear: existing collider bounds (0.0789, 0.0400, 0.0800)
SpurGear: existing collider bounds (0.0800, 0.1520, 0.0789)
Lid: existing collider bounds (0.2400, 0.0400, 0.2400)
Screw: existing collider bounds (0.0400, 0.0800, 0.0400)
Base world: (-0.2000, 0.0000, 0.3000); shoulder height 1.230 m; farthest tray/mat corner radius 2.354 m
Actual grip/assembly-reference radius 2.092 m; compact design uses 6% margin over these working positions.
Upper link 1.153 m; forearm 1.064 m; wrist/tool 0.300 m; planar reach 2.217 m; safe tool height 1.516 m
Home: 0.00, -65.00, 130.00, 0.00, 115.00, 0.00
TraySafe: -90.00, 31.98, 79.63, -15.00, 68.39, 15.00
AssemblySafe: 90.00, 31.98, 79.63, 15.00, 68.39, -15.00
HumanSafe: 180.00, -65.00, 130.00, -20.00, 115.00, 20.00
UnityEngine.Debug:ExtractStackTraceNoAlloc (byte*,int,string)
UnityEngine.StackTraceUtility:ExtractStackTrace ()
UnityEngine.DebugLogHandler:Internal_Log (UnityEngine.LogType,UnityEngine.LogOption,string,UnityEngine.Object)
UnityEngine.DebugLogHandler:LogFormat (UnityEngine.LogType,UnityEngine.Object,string,object[])
UnityEngine.Logger:Log (UnityEngine.LogType,object)
UnityEngine.Debug:Log (object)
GearboxDemo.Editor.GearboxRobotBuilder:Build () (at Assets/Editor/GearboxRobotBuilder.cs:134)
GearboxDemo.Editor.GearboxRobotChecks:RunBatch () (at Assets/Editor/GearboxRobotChecks.cs:29)

(Filename: Assets/Editor/GearboxRobotBuilder.cs Line: 134)

Importing 'GUID: 7053166025b35c346964ea6bad0d3c6e - Path: Assets/ScriptableObjects/RobotHome.asset' with importer (NativeFormatImporter)
Imported 'GUID: 7053166025b35c346964ea6bad0d3c6e' -> (Import Result ID: 'b4d1a2a6dd8cd412d940cc82efa650d0') in 0.001 seconds [static dependencies only]. Details - ImportResultOutputID=d0bc78dedce6dcc1b44a024677986781 DependenciesID=b89c8d7d4c911587484856f574518bdc StaticDependenciesID=8e34ea157d771a6ec1ab616f91070385 
Importing 'GUID: 728460307f68ef1419f44d24b664f6f1 - Path: Assets/ScriptableObjects/RobotAssemblySafe.asset' with importer (NativeFormatImporter)
Imported 'GUID: 728460307f68ef1419f44d24b664f6f1' -> (Import Result ID: 'dd27ebd1281e35c989404f741cb78b69') in 0.001 seconds [static dependencies only]. Details - ImportResultOutputID=315e1d5a9238ebf70db9e7edb7d6d1ad DependenciesID=9bd1a3ed0dfe0188e208545ddc4bdde2 StaticDependenciesID=9ebbbf770f36966c9b40745f0a292659 
Importing 'GUID: b2e8ca1cfcb09e949967bdc914c1e7f7 - Path: Assets/ScriptableObjects/RobotTraySafe.asset' with importer (NativeFormatImporter)
Imported 'GUID: b2e8ca1cfcb09e949967bdc914c1e7f7' -> (Import Result ID: '3d04ca9b925298122edd96f08f8ddd21') in 0.001 seconds [static dependencies only]. Details - ImportResultOutputID=53245d5ebd5b22af18cc636db93a847e DependenciesID=6100677b25155308408c68ce7e43fff3 StaticDependenciesID=fe6110c1a9be799cd56d3741e78d2f19 
Importing 'GUID: b3299578821e747418ca6c89517c32fd - Path: Assets/ScriptableObjects/RobotHumanSafe.asset' with importer (NativeFormatImporter)
Imported 'GUID: b3299578821e747418ca6c89517c32fd' -> (Import Result ID: '89c4ad13a7823eb61c02fb28adf58d24') in 0.001 seconds [static dependencies only]. Details - ImportResultOutputID=fdfab07a6a10db24912632d0d292b206 DependenciesID=4ebb24c7ed8de6daf70ae3a310d4b9a3 StaticDependenciesID=5d2845d03985d50c238d1f4faeedde27 
Asset Pipeline Refresh (id=cc6b1950619bfdd41a46d2df9986d0d7): Total: 0.009 seconds - Initiated by StopAssetImportingV2(NoUpdateAssetOptions)
Importing 'GUID: 49747deddcd78a94bbb9da8ba8c09521 - Path: Assets/Scenes/GearboxAssembly.unity' with importer (DefaultImporter)
Imported 'GUID: 49747deddcd78a94bbb9da8ba8c09521' -> (Import Result ID: 'b1126ab6db2944b4e7ad4fc72fd8abf4') in 0.001 seconds [static dependencies only]. Details - ImportResultOutputID=fda1a82140877392559da014a9fa89f0 DependenciesID=cfcea1e1a0ba50d17d87a972e650282a StaticDependenciesID=6a3d1e03b3063aa66deabbeee909018b 
Asset Pipeline Refresh (id=db01a69c23a2d2a44a1c10c64f7e2721): Total: 0.006 seconds - Initiated by StopAssetImportingV2(NoUpdateAssetOptions)
Tray bounds: (1.4000, 0.0500, 1.0000); workstation tabletop: (2.2000, 0.1000, 1.2000); assembly mat: (1.3000, 0.0300, 0.8000)
Housing: existing collider bounds (0.2400, 0.1200, 0.2400)
OutputShaft: existing collider bounds (0.1847, 0.1600, 0.1680)
PinCarrier: existing collider bounds (0.1727, 0.0624, 0.1560)
Gear: existing collider bounds (0.0789, 0.0400, 0.0800)
SpurGear: existing collider bounds (0.0800, 0.1520, 0.0789)
Lid: existing collider bounds (0.2400, 0.0400, 0.2400)
Screw: existing collider bounds (0.0400, 0.0800, 0.0400)
Base world: (-0.2000, 0.0000, 0.3000); shoulder height 1.230 m; farthest tray/mat corner radius 2.354 m
Actual grip/assembly-reference radius 2.092 m; compact design uses 6% margin over these working positions.
Upper link 1.153 m; forearm 1.064 m; wrist/tool 0.300 m; planar reach 2.217 m; safe tool height 1.516 m
Home: 0.00, -65.00, 130.00, 0.00, 115.00, 0.00
TraySafe: -90.00, 31.98, 79.63, -15.00, 68.39, 15.00
AssemblySafe: 90.00, 31.98, 79.63, 15.00, 68.39, -15.00
HumanSafe: 180.00, -65.00, 130.00, -20.00, 115.00, 20.00
UnityEngine.Debug:ExtractStackTraceNoAlloc (byte*,int,string)
UnityEngine.StackTraceUtility:ExtractStackTrace ()
UnityEngine.DebugLogHandler:Internal_Log (UnityEngine.LogType,UnityEngine.LogOption,string,UnityEngine.Object)
UnityEngine.DebugLogHandler:LogFormat (UnityEngine.LogType,UnityEngine.Object,string,object[])
UnityEngine.Logger:Log (UnityEngine.LogType,object)
UnityEngine.Debug:Log (object)
GearboxDemo.Editor.GearboxRobotBuilder:Build () (at Assets/Editor/GearboxRobotBuilder.cs:134)
GearboxDemo.Editor.GearboxRobotChecks:RunBatch () (at Assets/Editor/GearboxRobotChecks.cs:30)

(Filename: Assets/Editor/GearboxRobotBuilder.cs Line: 134)

Microsoft Media Foundation video decoding to texture disabled: graphics device is Null, only Direct3D 11 and Direct3D 12 (only on desktop) are supported for hardware-accelerated video decoding.
[Project] Loading completed in 8.195 seconds
	Project init time: 				7.377 seconds
		Template init time: 		0.000 seconds
		Package Manager init time: 		0.294 seconds
		Asset Database init time: 		0.422 seconds
		Global illumination init time: 	0.003 seconds
		Assemblies load time: 			1.678 seconds
		Unity extensions init time: 	0.001 seconds
		Asset Database refresh time: 	4.738 seconds
	Scene opening time: 			0.557 seconds
##utp:{"type":"ProjectInfo","version":2,"phase":"Immediate","time":1789904698157,"processId":13352,"projectLoad":8.195258299999999,"projectInit":7.3770118,"templateInit":0.0,"packageManagerInit":0.2944522,"assetDatabaseInit":0.4224436,"globalIlluminationInit":0.002788,"assembliesLoad":1.6776463,"unityExtensionsInit":0.0005857,"assetDatabaseRefresh":4.7382726,"sceneOpening":0.5567305}
##utp:{"type":"EditorInfo","version":2,"phase":"Immediate","time":1789904698157,"processId":13352,"editorVersion":"6000.6.0f1 (f7f8ed4d1e24)","branch":"6000.6/respin/6000.6.0f1-fa21a270ab12","buildType":"Release","platform":"Windows"}
Reloading assemblies for play mode.
Reloading assemblies after forced synchronous recompile.
Begin MonoManager ReloadAssembly
Native extension for WindowsStandalone target not found
Native extension for WebGL target not found
ScheduleIndexationOnStartup MainProcess:True IndexOnStartup:True
Worker ready: AssetImportWorkerHW0 0
Scripting: successfully reloaded assembly
- Finished resetting the current domain, in  0.630 seconds
Domain Reload Profiling: 1109ms
	BeginReloadAssembly (248ms)
		DisableScriptedObjects (37ms)
		CreateAndSetChildDomain (45ms)
	RebuildCommonClasses (11ms)
	RebuildNativeTypeToScriptingClass (19ms)
	initialDomainReloadingComplete (47ms)
	LoadAllAssembliesAndSetupDomain (153ms)
		LoadAssemblies (128ms)
		TypeCache.Refresh (5ms)
		AnalyzeDomain (2ms)
	FinalizeReload (631ms)
		SetupLoadedEditorAssemblies (0ms)
			InitializePlatformSupportModulesInManaged (3ms)
			BeforeProcessingInitializeOnLoad (128ms)
			ProcessInitializeOnLoadAttributes (80ms)
			ProcessInitializeOnLoadMethodAttributes (44ms)
			AfterProcessingInitializeOnLoad (8ms)
		AwakeInstancesAfterBackupRestoration (53ms)

Asset Pipeline Refresh (id=989dc44c653508041a1e016c4c0ccd33): Total: 1.274 seconds - Initiated by StopAssetImportingV2(ForceSynchronousImport | ForceDomainReload)
	(Values over 0.05ms)
	Summary:
		Imports: total=0 (actual=0, local cache=0, cache server=0)
		Asset DB Process Time: managed=0 ms, native=686 ms
		Asset DB Callback time: managed=69 ms, native=1 ms
		Scripting: domain reloads=1, domain reload time=511 ms, compile time=5 ms, other=0 ms
		Project Asset Count: scripts=46, non-scripts=34
		Asset File Changes: new=0, changed=0, moved=0, deleted=0
		Scan Filter Count: 0
	InvokePackagesCallback: 1.504ms
	Collect global state as custom dependencies: 0.591ms
	ProcessAssetsWithTransientArtifactChanges: 1.458ms
	CategorizeAssets: 0.506ms
	CompileScripts: 4.747ms
	ImportOutOfDateAssets: 632.197ms (631.815ms without children)
		UnloadImportedAssets: 0.124ms
		ImportSchedulerStart: 0.197ms
	PostProcessAllAssets: 70.427ms
		PostProcessCallbackCreateDeferredMaterials 0.115ms
		ShaderAssetModifiedCallback 0.053ms
		MonoPostProcessAllAssets: 69.677ms
			AssetPostprocessor.OnPostprocessAllAssets 20.435ms
			StyleCatalogPostProcessor.OnPostprocessAllAssets 12.532ms
			BuilderAssetPostprocessor.OnPostprocessAllAssets 7.315ms
			WindowAssetPostprocessingWatcher.OnPostprocessAllAssets 7.262ms
			SyncVS.PostprocessSyncProject 2.668ms
			AssetChangedListener.OnPostprocessAllAssets 2.301ms
			RetainedModeAssetPostprocessor.OnPostprocessAllAssets 1.636ms
			SpeedTree9Postprocessor.OnPostprocessAllAssets 0.961ms
			TextAssetPostProcessor.OnPostprocessAllAssets 0.756ms
			ArtifactBrowserPostProcessor.OnPostprocessAllAssets 0.624ms
			ReferencedClipsPostProcessor.OnPostprocessAllAssets 0.362ms
			EditModeScopePostprocessor.OnPostprocessAllAssets 0.356ms
			AudioMixerPostprocessor.OnPostprocessAllAssets 0.326ms
			AssetEvents.OnPostprocessAllAssets 0.293ms
			TerrainToolbarOverlayPostProcessor.OnPostprocessAllAssets 0.235ms
			AssetDatabaseCallbacks.OnPostprocessAllAssets 0.213ms
			ConfigAssetsTracker.OnPostprocessAllAssets 0.184ms
			SpeedTreePostProcessor.OnPostprocessAllAssets 0.182ms
			ThemePostprocessor.OnPostprocessAllAssets 0.161ms
			ScenarioDriftAssetsTracker.OnPostprocessAllAssets 0.157ms
			RenderPipelineGlobalSettingsPostprocessor.OnPostprocessAllAssets 0.097ms
			AudioContainerPostProcessor.OnPostprocessAllAssets 0.086ms
	PostAssetChangesProfiler: 0.361ms
	UnloadStreamsBegin: 0.055ms
	GenerateScriptTypeHashes: 0.076ms
	GenerateScriptTypeSerializationHashes: 0.071ms
	Untracked: 535.674ms

Loaded scene 'Temp/__Backupscenes/0.backup'
	Deserialize:            5.205 ms
	Integration:            34.837 ms
	Integration of assets:  0.126 ms
	Thread Wait Time:       30.820 ms
	Total Operation Time:   70.988 ms
[MODES] ModeService[none].Initialize
[MODES] ModeService[none].LoadModes
Start Indexing on Editor startup
[Indexing] Starting Initial Indexing for Assets
Created GICache directory at C:/Users/Harsh/AppData/LocalLow/Unity/Caches/GiCache. Took: 0.017s, timestamps: [9.620 - 9.636]
[Licensing::Client] Successfully resolved entitlement details
TrimDiskCacheJob: Current cache size 0mb
Unloading 22 Unused Serialized files (Serialized files now loaded: 0)
Loaded scene 'Temp/__Backupscenes/0.backup'
	Deserialize:            2.101 ms
	Integration:            8.558 ms
	Integration of assets:  0.002 ms
	Thread Wait Time:       0.042 ms
	Total Operation Time:   10.703 ms
Unloading 23 unused Assets / (31.0 KB). Loaded Objects now: 1597.
Memory consumption went from 252.2 MB to 252.2 MB.
Total: 6.711500 ms (FindLiveObjects: 0.274100 ms CreateObjectMapping: 0.020400 ms MarkObjects: 6.203000 ms  DeleteObjects: 0.032500 ms)

[Licensing::Client] Successfully resolved entitlement details
MonoPathRemapper: Attempts to remap: 2634; Successful remaps: 8
Serialized file version minimum: 23, current 23
[Physics::Module] Cleanup current backend.
[Physics::Module] Id: 0xf2b8ea05
Input System module state changed to: ShutdownInProgress.
Input Polling Thread exited.
Input System module state changed to: Shutdown.
[Licensing::IpcConnector] LicenseClient-Harsh-notifications channel disconnected successfully.
[Licensing::IpcConnector] LicenseClient-Harsh channel disconnected successfully.
Lingering sessions upon destruction of worker manager
Unity Data Store service was successfully shut down
UDS shutting down local client system
Shut down UDS service system complete
AcceleratorClientConnectionCallback - disconnected - :0
Cleanup mono
CodeReloadManager destroyed
Checking for leaked weakptr:
  Found no leaked weakptrs.
[Package Manager] Server process was shutdown
##utp:{"type":"MemoryLeaks","version":2,"phase":"Immediate","time":1789904754706,"processId":13352,"allocatedMemory":11080937,"memoryLabels":[{"Default":153709},{"Permanent":15516},{"NewDelete":69247},{"Thread":4197984},{"Manager":35493},{"VertexData":8},{"Geometry":816},{"Texture":24},{"Shader":831265},{"Material":24},{"GfxDevice":55968},{"Animation":952},{"Audio":896},{"FreeType":8},{"FontEngine":736},{"Physics":1970},{"Physics2D":16},{"Serialization":16768},{"Input":42840},{"JobScheduler":256},{"TextLib":280},{"Mono":48},{"ScriptingNativeRuntime":1210712},{"BaseObject":49168},{"Resource":1208},{"Renderer":2376},{"Transform":4685},{"File":7393},{"WebCam":616},{"Culling":32},{"Terrain":11442},{"Wind":24},{"STL":40},{"String":849494},{"StaticString":3808},{"Utility":2675350},{"Curl":2478},{"PoolAlloc":2168},{"AI":80},{"TypeTree":17165},{"ScriptManager":18960},{"CodeReload":448},{"RuntimeInitializeOnLoadManager":64},{"Sprites":102},{"SpriteAtlas":120},{"GI":7816},{"Director":8296},{"CloudService":7440},{"WebRequest":6551},{"VR":49650},{"SceneManager":608},{"Video":64},{"LazyScriptCache":32},{"Camera":729},{"Secure":2377},{"SerializationCache":9256},{"APIUpdating":10320},{"Subsystems":336},{"VirtualTexturing":57888},{"StaticSafetyDebugInfo":278528},{"Analytics":768},{"Hierarchy":1188},{"UIElements":40},{"CoreStats":14456},{"Identifiers":7152},{"Gui":128},{"EditorUtility":89870},{"VersionControl":8},{"Undo":931},{"AssetDatabase":173892},{"AssetImporter":40},{"EditorGi":328},{"UnityConnect":40465},{"Upm":1912},{"UpmDiagnostics":8},{"AssetCompliance":96},{"DrivenProperties":72},{"LocalIPC":260},{"ProfilerEditor":9778},{"CoreBusinessMetrics":3620},{"Windowing":456},{"Licensing":12757},{"AssetReference":32},{"IPCStream":32}]}
