VBCSCompilerPreWarmer: pre-warm launched (dotnet PID 13840)
VBCSCompiler prewarm took 17.01 ms
[Licensing::Module] Trying to connect to existing licensing client channel...
[Licensing::IpcConnector] Successfully connected to: "LicenseClient-Harsh" at "2026-09-20T11:15:25.8742495Z"
Built from '6000.6/respin/6000.6.0f1-fa21a270ab12' branch; Version is '6000.6.0f1 (f7f8ed4d1e24) revision 16251117'; Using compiler version '194234433'; Build Type 'Release'
OS: 'Windows 11  (10.0.26200) CoreSingleLanguage' Language: 'en' Physical Memory: 16088 MB
BatchMode: 1, IsHumanControllingUs: 0, StartBugReporterOnCrash: 0, Is64bit: 1
System  architecture: x64
Process architecture: x64
Date: 2026-09-20T11:15:25Z
[Licensing::Client] Code 10 while verifying Licensing Client signature (process Id: 22244, path: "C:/Program Files/Unity Hub/UnityLicensingClient_V1/Unity.Licensing.Client.exe")
[Licensing::Module] LicensingClient has failed validation; ignoring
[Licensing::Client] Handshaking with LicensingClient:
  Version:                 1.18.3+d7ffd15
  Session Id:              9ec6f4c10bd840a88d90847dbdcbd325
  Correlation Id:          ccc8ba1353ff48d5208692868c3352db
  External correlation Id: 5231298058284953366
  Machine Id:              Hbp6cIbiWcEt7uCUfLOsR8jmd/w=
[Licensing::Module] Successfully connected to LicensingClient on channel: "LicenseClient-Harsh" (connect: 0.00s, validation: 0.01s, handshake: 0.10s)
[Licensing::IpcConnector] Successfully connected to: "LicenseClient-Harsh-notifications" at "2026-09-20T11:15:25.981343Z"
[Licensing::Module] Error: Access token is unavailable; failed to update
[Licensing::Client] Successfully resolved entitlement details
[Licensing::Module] License group:
  Id: 9072445264484-UnityPersXXXX
  Product: Unity Personal
  Type: Assigned
  Expiration: Unlimited
[Licensing::Client] Successfully updated license, isAsync: True, time: 0.00
[Licensing::Client] Successfully resolved entitlement details
[Licensing::Module] Licensing Background thread has ended after 0.13s

COMMAND LINE ARGUMENTS:
C:\Program Files\Unity\Hub\Editor\6000.6.0f1\Editor\Unity.exe
-batchmode
-nographics
-quit
-projectPath
D:\RPTU\Thesis\Project\Frontend
-executeMethod
GearboxDemo.Editor.GearboxPartsSetup.RunBatch
-logFile
D:\RPTU\Thesis\Project\Frontend\unity-parts-setup.log
Successfully changed project path to: D:\RPTU\Thesis\Project\Frontend
D:/RPTU/Thesis/Project/Frontend
[UnityMemory] Configuration Parameters - Can be set up in boot.config
    "memorysetup-temp-allocator-size-gi-baking-worker=262144"
    "memorysetup-temp-allocator-size-gi-baking-worker=262144"
    "memorysetup-temp-allocator-size-gi-baking-worker=262144"
    "memorysetup-temp-allocator-size-gi-baking-worker=262144"
    "memorysetup-temp-allocator-size-gi-baking-worker=262144"
    "memorysetup-temp-allocator-size-nav-mesh-worker=65536"
    "memorysetup-temp-allocator-size-audio-worker=65536"
    "memorysetup-temp-allocator-size-cloud-worker=32768"
    "memorysetup-temp-allocator-size-gfx=262144"
    "memorysetup-remapper-allocator-initial-capacity=32768"
    "memorysetup-temp-allocator-size-preload-manager=33554432"
    "memorysetup-allocator-temp-initial-block-size-main=262144"
    "memorysetup-allocator-temp-initial-block-size-worker=262144"
    "memorysetup-temp-allocator-size-job-worker=262144"
    "memorysetup-temp-allocator-size-background-worker=32768"
    "memorysetup-bucket-allocator-granularity=16"
    "memorysetup-bucket-allocator-bucket-count=8"
    "memorysetup-bucket-allocator-block-size=33554432"
    "memorysetup-bucket-allocator-block-count=8"
    "memorysetup-main-allocator-block-size=16777216"
    "memorysetup-thread-allocator-block-size=16777216"
    "memorysetup-main-allocator-mimalloc-enabled=1"
    "memorysetup-gfx-main-allocator-block-size=16777216"
    "memorysetup-gfx-thread-allocator-block-size=16777216"
    "memorysetup-cache-allocator-block-size=4194304"
    "memorysetup-typetree-allocator-block-size=2097152"
    "memorysetup-profiler-bucket-allocator-granularity=16"
    "memorysetup-profiler-bucket-allocator-bucket-count=8"
    "memorysetup-profiler-bucket-allocator-block-size=33554432"
    "memorysetup-profiler-bucket-allocator-block-count=8"
    "memorysetup-profiler-allocator-block-size=16777216"
    "memorysetup-profiler-editor-allocator-block-size=1048576"
    "memorysetup-temp-allocator-size-main=16777216"
    "memorysetup-job-temp-allocator-block-size=2097152"
    "memorysetup-job-temp-allocator-block-size-background=1048576"
    "memorysetup-job-temp-allocator-reduction-small-platforms=262144"
Logging is directed to a specific file, skipping project log.
Player connection [12472]  Target information:

Player connection [12472]  * "[IP] 192.168.178.35 [Port] 55504 [Flags] 2 [Guid] 865683786 [EditorId] 865683786 [Version] 1048832 [Id] WindowsEditor(7,LAPTOP-CQ1FOJIL) [Debug] 1 [PackageName] WindowsEditor [ProjectName] Editor" 

Player connection [12472] Host joined multi-casting on [225.0.0.222:54997]...
Player connection [12472] Host joined alternative multi-casting on [225.0.0.222:34997]...
Input System module state changed to: Initialized.
[Physics::Module] Initialized fallback backend.
[Physics::Module] Id: 0xdecafbad
[Package Manager] Connected to IPC stream "Upm-19580" after 0.0 seconds.
[Licensing::Client] Successfully resolved entitlement details
Library Redirect Path: Library/
Initialising UDS system complete:
  - System type: Client
  - Resource namespace: 9f1c73524ddb5bde77655c46fabdf276
  - Shared memory size: 1073741824
  - Command buffer id: 1052576
  - Command buffer size: 8192
  - Hashmap size: 4194304
  - Service connected: false
Launching Unity Data Store - C:/Program Files/Unity/Hub/Editor/6000.6.0f1/Editor/Data/Tools/Unity.DataStore.exe 
Unity Data Store artifact dir = Library/DataStore, working dir = D:/RPTU/Thesis/Project/Frontend[Physics::Module] Selected backend.
[Physics::Module] Name: PhysX
[Physics::Module] Id: 0xf2b8ea05
[Physics::Module] SDK Version: 4.1.2
[Physics::Module] Integration Version: 1.0.0
[Physics::Module] Threading Mode: Multi-Threaded
Unity Data Store running and initialised
Initialize engine version: 6000.6.0f1 (f7f8ed4d1e24)
[EntityIdStore] init: VM path (explicit commit), pageSize=4096, blockCount=1048576, entitiesPerBlock=256, slots reserved=4294967296 bytes
[Subsystems] Discovering subsystems at path C:/Program Files/Unity/Hub/Editor/6000.6.0f1/Editor/Data/Resources/UnitySubsystems
[Subsystems] Discovering subsystems at path D:/RPTU/Thesis/Project/Frontend/Assets
Forcing GfxDevice: Null
GfxDevice: creating device client; kGfxThreadingModeNonThreaded
NullGfxDevice:
    Version:  NULL 1.0 [1.0]
    Renderer: Null Device
    Vendor:   Unity Technologies
Initialize mono
Mono path[0] = 'C:/Program Files/Unity/Hub/Editor/6000.6.0f1/Editor/Data/Managed'
Mono path[1] = 'C:/Program Files/Unity/Hub/Editor/6000.6.0f1/Editor/Data/BCLExtensions/runtime/netstandard2.1'
Mono path[2] = 'C:/Program Files/Unity/Hub/Editor/6000.6.0f1/Editor/Data/MonoBleedingEdge/lib/mono/unityjit-win32'
Mono config path = 'C:/Program Files/Unity/Hub/Editor/6000.6.0f1/Editor/Data/MonoBleedingEdge/etc'
Using monoOptions --debugger-agent=transport=dt_socket,embedding=1,server=y,suspend=n,address=127.0.0.1:56580
CodeReloadManager initialized
ImportWorker Server TCP listen port: 0
AcceleratorClientConnectionCallback - disconnected - :0
Begin MonoManager ReloadAssembly
Registering precompiled unity dll's ...
Register platform support module: C:/Program Files/Unity/Hub/Editor/6000.6.0f1/Editor/Data/PlaybackEngines/WebGLSupport/UnityEditor.WebGL.Extensions.dll
Register platform support module: C:/Program Files/Unity/Hub/Editor/6000.6.0f1/Editor/Data/PlaybackEngines/WindowsStandaloneSupport/UnityEditor.WindowsStandalone.Extensions.dll
Registered in 0.005077 seconds.
Native extension for WindowsStandalone target not found
Native extension for WebGL target not found
Package Manager log level set to [2]
ScheduleIndexationOnStartup MainProcess:False IndexOnStartup:True
Scripting: successfully reloaded assembly
- Finished resetting the current domain, in  2.348 seconds
Domain Reload Profiling: 3336ms
	BeginReloadAssembly (255ms)
		CreateAndSetChildDomain (15ms)
	RebuildCommonClasses (13ms)
	RebuildNativeTypeToScriptingClass (78ms)
	initialDomainReloadingComplete (118ms)
	LoadAllAssembliesAndSetupDomain (519ms)
		LoadAssemblies (233ms)
		TypeCache.Refresh (316ms)
			TypeCache.ScanAssembly (294ms)
		AnalyzeDomain (11ms)
			BuildScriptInfoCaches (6ms)
			ResolveRequiredComponents (5ms)
	FinalizeReload (2352ms)
		SetupLoadedEditorAssemblies (0ms)
			InitializePlatformSupportModulesInManaged (6ms)
			BeforeProcessingInitializeOnLoad (163ms)
			ProcessInitializeOnLoadAttributes (249ms)
			ProcessInitializeOnLoadMethodAttributes (1505ms)
			EditorAssembliesLoaded (5ms)
[Licensing::Client] Successfully resolved entitlement details
Application.AssetDatabase Initial Refresh Start
[Package Manager] Restoring resolved packages state from cache
[Licensing::Client] Successfully resolved entitlement details
[Package Manager] Registered 2 packages:
  Built-in packages:
    com.unity.modules.physics@1.0.0 (location: D:\RPTU\Thesis\Project\Frontend\Library\PackageCache\com.unity.modules.physics)
    com.unity.modules.imgui@1.0.0 (location: D:\RPTU\Thesis\Project\Frontend\Library\PackageCache\com.unity.modules.imgui)
[Subsystems] No new subsystems found in resolved package list.
[Package Manager] Done registering packages in 0.01 seconds
[ScriptCompilation] Requested script compilation because: AssetDatabase observed changes in script compilation related files
Starting: C:\Program Files\Unity\Hub\Editor\6000.6.0f1\Editor\Data\Tools\BuildPipeline\bee_backend.exe --ipc --defer-dag-verification --dagfile="Library/Bee/1900b0aE.dag" --continue-on-failure --profile="Library/Bee/backend1.traceevents" ScriptAssemblies
WorkingDir: D:/RPTU/Thesis/Project/Frontend
DisplayProgressbar: Compiling Scripts
ExitCode: 4 Duration: 0s591ms
Rebuilding DAG because FileSignature timestamp changed: Library/Bee/1900b0aE-inputdata.json
[174/182    0s] ILPP-Configuration Library/ilpp-configuration.nevergeneratedoutput
*** Tundra requires additional run (0.41 seconds), 1 items updated, 172 evaluated
Starting: C:\Program Files\Unity\Hub\Editor\6000.6.0f1\Editor\Data\DotNetSdk\dotnet.exe "C:\Program Files\Unity\Hub\Editor\6000.6.0f1\Editor\Data\Tools\BuildPipeline\ScriptCompilationBuildProgram.exe" "Library/Bee/1900b0aE.dag.json" "Library/Bee/1900b0aE-inputdata.json" "Library\Bee\buildprogram0.traceevents"
WorkingDir: D:/RPTU/Thesis/Project/Frontend
ExitCode: 0 Duration: 0s319ms
Starting: C:\Program Files\Unity\Hub\Editor\6000.6.0f1\Editor\Data\Tools\BuildPipeline\bee_backend.exe --ipc --defer-dag-verification --dagfile="Library/Bee/1900b0aE.dag" --continue-on-failure --dagfilejson="Library\Bee\1900b0aE.dag.json" --profile="Library/Bee/backend2.traceevents" ScriptAssemblies
WorkingDir: D:/RPTU/Thesis/Project/Frontend
ExitCode: 0 Duration: 2s511ms
Finished compiling graph: 185 nodes, 659 flattened edges (651 ToBuild, 4 ToUse), maximum node priority 20
[172/182    0s] WriteText Library/Bee/artifacts/1900b0aE.dag/Assembly-CSharp-Editor.rsp
[174/182    0s] ILPP-Configuration Library/ilpp-configuration.nevergeneratedoutput
[178/182    1s] Csc Library/Bee/artifacts/1900b0aE.dag/Assembly-CSharp-Editor.dll (+2 others)
[179/182    0s] ILPostProcess Library/Bee/artifacts/1900b0aE.dag/post-processed/Assembly-CSharp-Editor.dll (+pdb)
Processing assembly Library/Bee/artifacts/1900b0aE.dag/Assembly-CSharp-Editor.dll, with 146 defines and 296 references

processors: zzzUnity.Burst.CodeGen.BurstILPostProcessor

1 processor(s) skipped this assembly
[180/182    0s] CopyFiles Library/ScriptAssemblies/Assembly-CSharp-Editor.pdb
[181/182    0s] CopyFiles Library/ScriptAssemblies/Assembly-CSharp-Editor.dll
*** Tundra build success (2.48 seconds), 6 items updated, 182 evaluated
Total cache size 47846736
Total cache size after purge 47846736, took 00:00:00.0966412
AssetDatabase: script compilation time: 4.265579s
Begin MonoManager ReloadAssembly
Native extension for WindowsStandalone target not found
Native extension for WebGL target not found
ScheduleIndexationOnStartup MainProcess:True IndexOnStartup:True
Scripting: successfully reloaded assembly
- Finished resetting the current domain, in  0.554 seconds
Domain Reload Profiling: 1258ms
	BeginReloadAssembly (478ms)
		DisableScriptedObjects (155ms)
		CreateAndSetChildDomain (61ms)
	RebuildCommonClasses (11ms)
	RebuildNativeTypeToScriptingClass (22ms)
	initialDomainReloadingComplete (46ms)
	LoadAllAssembliesAndSetupDomain (145ms)
		LoadAssemblies (156ms)
		TypeCache.Refresh (6ms)
		AnalyzeDomain (4ms)
	FinalizeReload (556ms)
		SetupLoadedEditorAssemblies (0ms)
			InitializePlatformSupportModulesInManaged (3ms)
			BeforeProcessingInitializeOnLoad (132ms)
			ProcessInitializeOnLoadAttributes (76ms)
			ProcessInitializeOnLoadMethodAttributes (44ms)
			AfterProcessingInitializeOnLoad (8ms)
		AwakeInstancesAfterBackupRestoration (44ms)
Starting new worker id: 0 with log in D:/RPTU/Thesis/Project/Frontend/Logs/AssetImportWorkerHW0.log

Asset Pipeline Refresh (id=f962412e00a420d4a8d780da337371aa): Total: 6.017 seconds - Initiated by InitialRefreshV2(ForceSynchronousImport)
	(Values over 0.05ms)
	Summary:
		Imports: total=0 (actual=0, local cache=0, cache server=0)
		Asset DB Process Time: managed=0 ms, native=790 ms
		Asset DB Callback time: managed=141 ms, native=48 ms
		Scripting: domain reloads=1, domain reload time=758 ms, compile time=4270 ms, other=8 ms
		Project Asset Count: scripts=44, non-scripts=18
		Asset File Changes: new=1, changed=1, moved=0, deleted=0
		Scan Filter Count: 0
	InvokePackagesCallback: 41.641ms
	ApplyChangesToAssetFolders: 1.284ms
	Scan: 92.481ms
	Collect global state as custom dependencies: 24.393ms
	OnSourceAssetsModified: 4.313ms
	CategorizeScriptCompilationAssets: 0.263ms
	ProcessAssetsWithTransientArtifactChanges: 3.536ms
	CategorizeAssets: 0.781ms
	CompileScripts: 4269.935ms
	ImportOutOfDateAssets: 572.818ms (558.680ms without children)
		UnloadImportedAssets: 0.148ms
		ImportSchedulerStart: 13.962ms
	PostProcessAllAssets: 142.417ms
		VCAutoAddAssetPostprocess 2.386ms
		Canvas.OnAllAssetImport 0.306ms
		MonoPostProcessAllAssets: 139.033ms
			SyncVS.PostprocessSyncProject 42.470ms
			StyleCatalogPostProcessor.OnPostprocessAllAssets 36.310ms
			AssetPostprocessor.OnPostprocessAllAssets 29.227ms
			WindowAssetPostprocessingWatcher.OnPostprocessAllAssets 8.679ms
			BuilderAssetPostprocessor.OnPostprocessAllAssets 4.920ms
			AssetChangedListener.OnPostprocessAllAssets 2.421ms
			RetainedModeAssetPostprocessor.OnPostprocessAllAssets 1.736ms
			SpeedTree9Postprocessor.OnPostprocessAllAssets 0.983ms
			EditModeScopePostprocessor.OnPostprocessAllAssets 0.936ms
			TextAssetPostProcessor.OnPostprocessAllAssets 0.756ms
			ArtifactBrowserPostProcessor.OnPostprocessAllAssets 0.674ms
			ReferencedClipsPostProcessor.OnPostprocessAllAssets 0.387ms
			AudioMixerPostprocessor.OnPostprocessAllAssets 0.342ms
			TerrainToolbarOverlayPostProcessor.OnPostprocessAllAssets 0.334ms
			AssetEvents.OnPostprocessAllAssets 0.315ms
			SpeedTreePostProcessor.OnPostprocessAllAssets 0.199ms
			ThemePostprocessor.OnPostprocessAllAssets 0.178ms
			AssetDatabaseCallbacks.OnPostprocessAllAssets 0.134ms
			ConfigAssetsTracker.OnPostprocessAllAssets 0.126ms
			RenderPipelineGlobalSettingsPostprocessor.OnPostprocessAllAssets 0.125ms
			ScenarioDriftAssetsTracker.OnPostprocessAllAssets 0.102ms
			AudioContainerPostProcessor.OnPostprocessAllAssets 0.095ms
	PostAssetChangesProfiler: 3.027ms
	UnloadStreamsBegin: 1.780ms
	Untracked: 819.183ms

Application.AssetDatabase Initial Refresh End
Scanning for USB devices : 2.628ms
Initializing Unity extensions:
[MODES] ModeService[none].Initialize
[MODES] ModeService[none].LoadModes
[MODES] Loading mode Default (0) for mode-current-id-Frontend
Unloading 3 Unused Serialized files (Serialized files now loaded: 0)
Unloading 22 unused Assets / (0.5 MB). Loaded Objects now: 748.
Memory consumption went from 218.5 MB to 218.0 MB.
Total: 8.032900 ms (FindLiveObjects: 0.253000 ms CreateObjectMapping: 0.013100 ms MarkObjects: 7.210200 ms  DeleteObjects: 0.351900 ms)

Opening scene 'Assets/Scenes/GearboxAssembly.unity'
Unloading 1 Unused Serialized files (Serialized files now loaded: 0)
Loaded scene 'Assets/Scenes/GearboxAssembly.unity'
	Deserialize:            25.910 ms
	Integration:            23.636 ms
	Integration of assets:  0.014 ms
	Thread Wait Time:       0.008 ms
	Total Operation Time:   49.569 ms
Unloading 1 unused Assets / (2.8 KB). Loaded Objects now: 878.
Memory consumption went from 219.1 MB to 219.1 MB.
Total: 6.356400 ms (FindLiveObjects: 0.208700 ms CreateObjectMapping: 0.013600 ms MarkObjects: 5.743500 ms  DeleteObjects: 0.032300 ms)

Importing 'GUID: 44c4147d96f081744827fde3350649c2 - Path: Assets/Prefabs/Gearbox/Gearbox_Housing.prefab' with importer (PrefabImporter)
Imported 'GUID: 44c4147d96f081744827fde3350649c2' -> (Import Result ID: '97a7aecd2814e56c7bcb86a2a906fd2a') in 0.033 seconds [static and dynamic dependencies]. Details - ImportResultOutputID=9734bac0a38326bb30d55b07db6af22e DependenciesID=0a89da53bff4b47e9aac3beb546f246e StaticDependenciesID=2f1800ad4e97e6f95e8eb89a616a489a 
Asset Pipeline Refresh (id=4024e62ee8ba7914ab3cf5cd211e57b6): Total: 0.131 seconds - Initiated by StopAssetImportingV2(NoUpdateAssetOptions)
Importing 'GUID: 55782dcdb6557d448b13942a43d1ef27 - Path: Assets/Prefabs/Gearbox/Gearbox_OutputShaft.prefab' with importer (PrefabImporter)
Imported 'GUID: 55782dcdb6557d448b13942a43d1ef27' -> (Import Result ID: '8825afbfe20503fe7189ea701d3b7f9a') in 0.034 seconds [static and dynamic dependencies]. Details - ImportResultOutputID=0b04834e362361c0879484a7a81bf744 DependenciesID=5b1626ff5b7b69ed958e1a2a2638176e StaticDependenciesID=2aa9893a67a3f1b1f692086e54052703 
Asset Pipeline Refresh (id=d88a56d00d694d4498ed6efbf6036ec2): Total: 0.041 seconds - Initiated by StopAssetImportingV2(NoUpdateAssetOptions)
Importing 'GUID: da623b064622bbe48a4e481fec0d65fd - Path: Assets/Prefabs/Gearbox/Gearbox_PinCarrier.prefab' with importer (PrefabImporter)
Imported 'GUID: da623b064622bbe48a4e481fec0d65fd' -> (Import Result ID: '53c06ef97cfeec69a927571dfa2170cd') in 0.018 seconds [static and dynamic dependencies]. Details - ImportResultOutputID=ce53dd6f31eaffcd6006ea2e7ba4f06a DependenciesID=f4e1ad9206c38e46bc2d360dd8e294b2 StaticDependenciesID=92347aed52308bb442615b811d9de8c3 
Asset Pipeline Refresh (id=da5eb798358feea48919d063e51beabb): Total: 0.035 seconds - Initiated by StopAssetImportingV2(NoUpdateAssetOptions)
Importing 'GUID: 1b0a841334206684fa02d3e0612132ce - Path: Assets/Prefabs/Gearbox/Gearbox_Gear.prefab' with importer (PrefabImporter)
Imported 'GUID: 1b0a841334206684fa02d3e0612132ce' -> (Import Result ID: 'e393e3ac22ac4f6925e878a6fec25417') in 0.020 seconds [static and dynamic dependencies]. Details - ImportResultOutputID=af072570530126590d1e82130d657186 DependenciesID=d0c6dff3dfd8714832ca5f94d27f8ef9 StaticDependenciesID=d35416da7570a2d634cc0e7d0bd4da61 
Asset Pipeline Refresh (id=4badff83f6c9d804f871fbbd2afeb94d): Total: 0.027 seconds - Initiated by StopAssetImportingV2(NoUpdateAssetOptions)
Importing 'GUID: 70a76cedf365f754987753169804b451 - Path: Assets/Prefabs/Gearbox/Gearbox_SpurGear.prefab' with importer (PrefabImporter)
Imported 'GUID: 70a76cedf365f754987753169804b451' -> (Import Result ID: '7a283686f36d462923977103d2ef6753') in 0.016 seconds [static and dynamic dependencies]. Details - ImportResultOutputID=5ca8f1cd1ba4eb139a626a7261e770b7 DependenciesID=e23525c5566ec4f21f5861ed4a905778 StaticDependenciesID=c66614db8fc4b1d80dfa9c028f0760bb 
Asset Pipeline Refresh (id=be77fab0658919243a3bb8f21bfe6acb): Total: 0.035 seconds - Initiated by StopAssetImportingV2(NoUpdateAssetOptions)
Importing 'GUID: 80128e8d2e5352345bf5abd1f8982334 - Path: Assets/Prefabs/Gearbox/Gearbox_Lid.prefab' with importer (PrefabImporter)
Imported 'GUID: 80128e8d2e5352345bf5abd1f8982334' -> (Import Result ID: '2ed8308749599f5569eb99b70878b60d') in 0.022 seconds [static and dynamic dependencies]. Details - ImportResultOutputID=f5ea1f4553d02ccffef8d8c45a3350f6 DependenciesID=520235a60ccbd150126f450b393ee8cf StaticDependenciesID=2fe8cc8c92401d726decbb49ac16035f 
Asset Pipeline Refresh (id=66082998dc2e8a54e9dfde57639e3847): Total: 0.029 seconds - Initiated by StopAssetImportingV2(NoUpdateAssetOptions)
Importing 'GUID: b635ddeb3e5317541b472b91d0cf2bc1 - Path: Assets/Prefabs/Gearbox/Gearbox_Screw.prefab' with importer (PrefabImporter)
Imported 'GUID: b635ddeb3e5317541b472b91d0cf2bc1' -> (Import Result ID: 'b2d7d1894a9ed497b9383d5a7dfbc501') in 0.019 seconds [static and dynamic dependencies]. Details - ImportResultOutputID=9a81f7f25a9b21cfe03dc95f6f65fb6b DependenciesID=13b82ead56b3ce1e87de026e526d986b StaticDependenciesID=2265929ab5b3e684fe79f6164e0c2d2d 
Asset Pipeline Refresh (id=e81b7b807986d1548af3e1fbe405fdf6): Total: 0.027 seconds - Initiated by StopAssetImportingV2(NoUpdateAssetOptions)
GEARBOX VALIDATION
PASS Exactly seven scene parts
PASS Unique scene part IDs
PASS Housing exists once
PASS Housing prefab exists
PASS Gearbox_Housing scene identity
PASS Gearbox_Housing scene GrippableObject
PASS Gearbox_Housing scene GripPoint
PASS Gearbox_Housing scene AssemblyAnchor
PASS Gearbox_Housing scene dynamic Rigidbody with gravity
PASS Gearbox_Housing scene solid, moving-body-safe collider
PASS Gearbox_Housing scene canonical nested FBX
PASS Gearbox_Housing prefab identity
PASS Gearbox_Housing prefab GrippableObject
PASS Gearbox_Housing prefab GripPoint
PASS Gearbox_Housing prefab AssemblyAnchor
PASS Gearbox_Housing prefab dynamic Rigidbody with gravity
PASS Gearbox_Housing prefab solid, moving-body-safe collider
PASS Gearbox_Housing prefab canonical nested FBX
PASS Housing pickup target
PASS Housing assembly target mapping
PASS OutputShaft exists once
PASS OutputShaft prefab exists
PASS Gearbox_OutputShaft scene identity
PASS Gearbox_OutputShaft scene GrippableObject
PASS Gearbox_OutputShaft scene GripPoint
PASS Gearbox_OutputShaft scene AssemblyAnchor
PASS Gearbox_OutputShaft scene dynamic Rigidbody with gravity
PASS Gearbox_OutputShaft scene solid, moving-body-safe collider
PASS Gearbox_OutputShaft scene canonical nested FBX
PASS Gearbox_OutputShaft prefab identity
PASS Gearbox_OutputShaft prefab GrippableObject
PASS Gearbox_OutputShaft prefab GripPoint
PASS Gearbox_OutputShaft prefab AssemblyAnchor
PASS Gearbox_OutputShaft prefab dynamic Rigidbody with gravity
PASS Gearbox_OutputShaft prefab solid, moving-body-safe collider
PASS Gearbox_OutputShaft prefab canonical nested FBX
PASS OutputShaft pickup target
PASS OutputShaft assembly target mapping
PASS PinCarrier exists once
PASS PinCarrier prefab exists
PASS Gearbox_PinCarrier scene identity
PASS Gearbox_PinCarrier scene GrippableObject
PASS Gearbox_PinCarrier scene GripPoint
PASS Gearbox_PinCarrier scene AssemblyAnchor
PASS Gearbox_PinCarrier scene dynamic Rigidbody with gravity
PASS Gearbox_PinCarrier scene solid, moving-body-safe collider
PASS Gearbox_PinCarrier scene canonical nested FBX
PASS Gearbox_PinCarrier prefab identity
PASS Gearbox_PinCarrier prefab GrippableObject
PASS Gearbox_PinCarrier prefab GripPoint
PASS Gearbox_PinCarrier prefab AssemblyAnchor
PASS Gearbox_PinCarrier prefab dynamic Rigidbody with gravity
PASS Gearbox_PinCarrier prefab solid, moving-body-safe collider
PASS Gearbox_PinCarrier prefab canonical nested FBX
PASS PinCarrier pickup target
PASS PinCarrier assembly target mapping
PASS Gear exists once
PASS Gear prefab exists
PASS Gearbox_Gear scene identity
PASS Gearbox_Gear scene GrippableObject
PASS Gearbox_Gear scene GripPoint
PASS Gearbox_Gear scene AssemblyAnchor
PASS Gearbox_Gear scene dynamic Rigidbody with gravity
PASS Gearbox_Gear scene solid, moving-body-safe collider
PASS Gearbox_Gear scene canonical nested FBX
PASS Gearbox_Gear prefab identity
PASS Gearbox_Gear prefab GrippableObject
PASS Gearbox_Gear prefab GripPoint
PASS Gearbox_Gear prefab AssemblyAnchor
PASS Gearbox_Gear prefab dynamic Rigidbody with gravity
PASS Gearbox_Gear prefab solid, moving-body-safe collider
PASS Gearbox_Gear prefab canonical nested FBX
PASS Gear pickup target
PASS Gear assembly target mapping
PASS SpurGear exists once
PASS SpurGear prefab exists
PASS Gearbox_SpurGear scene identity
PASS Gearbox_SpurGear scene GrippableObject
PASS Gearbox_SpurGear scene GripPoint
PASS Gearbox_SpurGear scene AssemblyAnchor
PASS Gearbox_SpurGear scene dynamic Rigidbody with gravity
PASS Gearbox_SpurGear scene solid, moving-body-safe collider
PASS Gearbox_SpurGear scene canonical nested FBX
PASS Gearbox_SpurGear prefab identity
PASS Gearbox_SpurGear prefab GrippableObject
PASS Gearbox_SpurGear prefab GripPoint
PASS Gearbox_SpurGear prefab AssemblyAnchor
PASS Gearbox_SpurGear prefab dynamic Rigidbody with gravity
PASS Gearbox_SpurGear prefab solid, moving-body-safe collider
PASS Gearbox_SpurGear prefab canonical nested FBX
PASS SpurGear pickup target
PASS SpurGear assembly target mapping
PASS Lid exists once
PASS Lid prefab exists
PASS Gearbox_Lid scene identity
PASS Gearbox_Lid scene GrippableObject
PASS Gearbox_Lid scene GripPoint
PASS Gearbox_Lid scene AssemblyAnchor
PASS Gearbox_Lid scene dynamic Rigidbody with gravity
PASS Gearbox_Lid scene solid, moving-body-safe collider
PASS Gearbox_Lid scene canonical nested FBX
PASS Gearbox_Lid prefab identity
PASS Gearbox_Lid prefab GrippableObject
PASS Gearbox_Lid prefab GripPoint
PASS Gearbox_Lid prefab AssemblyAnchor
PASS Gearbox_Lid prefab dynamic Rigidbody with gravity
PASS Gearbox_Lid prefab solid, moving-body-safe collider
PASS Gearbox_Lid prefab canonical nested FBX
PASS Lid pickup target
PASS Lid assembly target mapping
PASS Screw exists once
PASS Screw prefab exists
PASS Gearbox_Screw scene identity
PASS Gearbox_Screw scene GrippableObject
PASS Gearbox_Screw scene GripPoint
PASS Gearbox_Screw scene AssemblyAnchor
PASS Gearbox_Screw scene dynamic Rigidbody with gravity
PASS Gearbox_Screw scene solid, moving-body-safe collider
PASS Gearbox_Screw scene canonical nested FBX
PASS Gearbox_Screw prefab identity
PASS Gearbox_Screw prefab GrippableObject
PASS Gearbox_Screw prefab GripPoint
PASS Gearbox_Screw prefab AssemblyAnchor
PASS Gearbox_Screw prefab dynamic Rigidbody with gravity
PASS Gearbox_Screw prefab solid, moving-body-safe collider
PASS Gearbox_Screw prefab canonical nested FBX
PASS Screw pickup target
PASS Screw assembly target mapping
Result: 0 error(s).
UnityEngine.Debug:ExtractStackTraceNoAlloc (byte*,int,string)
UnityEngine.StackTraceUtility:ExtractStackTrace ()
UnityEngine.DebugLogHandler:Internal_Log (UnityEngine.LogType,UnityEngine.LogOption,string,UnityEngine.Object)
UnityEngine.DebugLogHandler:LogFormat (UnityEngine.LogType,UnityEngine.Object,string,object[])
UnityEngine.Logger:Log (UnityEngine.LogType,object)
UnityEngine.Debug:Log (object)
GearboxDemo.Editor.GearboxPartsSetup:Validate () (at Assets/Editor/GearboxPartsSetup.cs:228)
GearboxDemo.Editor.GearboxPartsSetup:Setup () (at Assets/Editor/GearboxPartsSetup.cs:101)
GearboxDemo.Editor.GearboxPartsSetup:RunBatch () (at Assets/Editor/GearboxPartsSetup.cs:234)

(Filename: Assets/Editor/GearboxPartsSetup.cs Line: 228)

Importing 'GUID: 49747deddcd78a94bbb9da8ba8c09521 - Path: Assets/Scenes/GearboxAssembly.unity' with importer (DefaultImporter)
Imported 'GUID: 49747deddcd78a94bbb9da8ba8c09521' -> (Import Result ID: '503b063c6e3b517cf1047b89b0a124ef') in 0.001 seconds [static dependencies only]. Details - ImportResultOutputID=fda1a82140877392559da014a9fa89f0 DependenciesID=4c226e140fb7e0673b29b9b35c83dcf8 StaticDependenciesID=80c5530593f405d35a540ee22ea5b20e 
Asset Pipeline Refresh (id=08b5ac3167c50b64bbf6fb57ba93fca5): Total: 0.006 seconds - Initiated by StopAssetImportingV2(NoUpdateAssetOptions)
Gearbox prefab setup — all seven canonical FBXs found
Housing: BoxCollider; mesh bounds=(0.2400, 0.1200, 0.2400) m; mass=1.50 kg; presentation scale=0.4. Grip/anchor and existing tuning preserved.
OutputShaft: BoxCollider; mesh bounds=(0.1847, 0.1600, 0.1680) m; mass=0.60 kg; presentation scale=0.4. Grip/anchor and existing tuning preserved.
PinCarrier: BoxCollider; mesh bounds=(0.1727, 0.0624, 0.1560) m; mass=0.40 kg; presentation scale=0.4. Grip/anchor and existing tuning preserved.
Gear: BoxCollider; mesh bounds=(0.0789, 0.0400, 0.0800) m; mass=0.20 kg; presentation scale=0.4. Grip/anchor and existing tuning preserved.
SpurGear: BoxCollider; mesh bounds=(0.0800, 0.1520, 0.0789) m; mass=0.25 kg; presentation scale=0.4. Grip/anchor and existing tuning preserved.
Lid: BoxCollider; mesh bounds=(0.2400, 0.0400, 0.2400) m; mass=0.50 kg; presentation scale=0.4. Grip/anchor and existing tuning preserved.
Screw: BoxCollider; mesh bounds=(0.0400, 0.0800, 0.0400) m; mass=0.05 kg; presentation scale=0.4. Grip/anchor and existing tuning preserved.
UnityEngine.Debug:ExtractStackTraceNoAlloc (byte*,int,string)
UnityEngine.StackTraceUtility:ExtractStackTrace ()
UnityEngine.DebugLogHandler:Internal_Log (UnityEngine.LogType,UnityEngine.LogOption,string,UnityEngine.Object)
UnityEngine.DebugLogHandler:LogFormat (UnityEngine.LogType,UnityEngine.Object,string,object[])
UnityEngine.Logger:Log (UnityEngine.LogType,object)
UnityEngine.Debug:Log (object)
GearboxDemo.Editor.GearboxPartsSetup:Setup () (at Assets/Editor/GearboxPartsSetup.cs:104)
GearboxDemo.Editor.GearboxPartsSetup:RunBatch () (at Assets/Editor/GearboxPartsSetup.cs:234)

(Filename: Assets/Editor/GearboxPartsSetup.cs Line: 104)

Worker ready: AssetImportWorkerHW0 0
Batchmode quit successfully invoked - shutting down!
[Physics::Module] Cleanup current backend.
[Physics::Module] Id: 0xf2b8ea05
Input System module state changed to: ShutdownInProgress.
Input Polling Thread exited.
Input System module state changed to: Shutdown.
[Licensing::IpcConnector] LicenseClient-Harsh-notifications channel disconnected successfully.
[Licensing::IpcConnector] LicenseClient-Harsh channel disconnected successfully.
Lingering sessions upon destruction of worker manager
Unity Data Store service was successfully shut down
UDS shutting down local client system
Shut down UDS service system complete
AcceleratorClientConnectionCallback - disconnected - :0
Cleanup mono
CodeReloadManager destroyed
Exiting batchmode successfully now!
[ExitDontLaunchBugReporter] Exiting without the bug reporter. Application will exit with return code 0
