VBCSCompilerPreWarmer: pre-warm launched (dotnet PID 15788)
VBCSCompiler prewarm took 7.07 ms
[Licensing::Module] Trying to connect to existing licensing client channel...
Built from '6000.6/respin/6000.6.0f1-fa21a270ab12' branch; Version is '6000.6.0f1 (f7f8ed4d1e24) revision 16251117'; Using compiler version '194234433'; Build Type 'Release'
[Licensing::IpcConnector] Channel LicenseClient-Harsh doesn't exist
OS: 'Windows 11  (10.0.26200) CoreSingleLanguage' Language: 'en' Physical Memory: 16088 MB
BatchMode: 1, IsHumanControllingUs: 0, StartBugReporterOnCrash: 0, Is64bit: 1
System  architecture: x64
Process architecture: x64
Date: 2026-09-29T11:13:38Z
[Licensing::Module] Successfully launched the LicensingClient (PId: 11464)

COMMAND LINE ARGUMENTS:
C:\Program Files\Unity\Hub\Editor\6000.6.0f1\Editor\Unity.exe
-batchmode
-projectPath
D:/RPTU/Thesis/Project/Frontend
-executeMethod
GearboxDemo.Editor.GearboxSequenceChecks.RunBatch
-logFile
D:/RPTU/Thesis/Project/Frontend/unity-reference-sequence.log
Successfully changed project path to: D:/RPTU/Thesis/Project/Frontend
D:/RPTU/Thesis/Project/Frontend
[UnityMemory] Configuration Parameters - Can be set up in boot.config
    "memorysetup-temp-allocator-size-gi-baking-worker=262144"
    "memorysetup-temp-allocator-size-gi-baking-worker=262144"
    "memorysetup-temp-allocator-size-gi-baking-worker=262144"
    "memorysetup-temp-allocator-size-gi-baking-worker=262144"
    "memorysetup-temp-allocator-size-gi-baking-worker=262144"
    "memorysetup-temp-allocator-size-nav-mesh-worker=65536"
    "memorysetup-temp-allocator-size-audio-worker=65536"
    "memorysetup-temp-allocator-size-cloud-worker=32768"
    "memorysetup-temp-allocator-size-gfx=262144"
    "memorysetup-remapper-allocator-initial-capacity=32768"
    "memorysetup-temp-allocator-size-preload-manager=33554432"
    "memorysetup-allocator-temp-initial-block-size-main=262144"
    "memorysetup-allocator-temp-initial-block-size-worker=262144"
    "memorysetup-temp-allocator-size-job-worker=262144"
    "memorysetup-temp-allocator-size-background-worker=32768"
    "memorysetup-bucket-allocator-granularity=16"
    "memorysetup-bucket-allocator-bucket-count=8"
    "memorysetup-bucket-allocator-block-size=33554432"
    "memorysetup-bucket-allocator-block-count=8"
    "memorysetup-main-allocator-block-size=16777216"
    "memorysetup-thread-allocator-block-size=16777216"
    "memorysetup-main-allocator-mimalloc-enabled=1"
    "memorysetup-gfx-main-allocator-block-size=16777216"
    "memorysetup-gfx-thread-allocator-block-size=16777216"
    "memorysetup-cache-allocator-block-size=4194304"
    "memorysetup-typetree-allocator-block-size=2097152"
    "memorysetup-profiler-bucket-allocator-granularity=16"
    "memorysetup-profiler-bucket-allocator-bucket-count=8"
    "memorysetup-profiler-bucket-allocator-block-size=33554432"
    "memorysetup-profiler-bucket-allocator-block-count=8"
    "memorysetup-profiler-allocator-block-size=16777216"
    "memorysetup-profiler-editor-allocator-block-size=1048576"
    "memorysetup-temp-allocator-size-main=16777216"
    "memorysetup-job-temp-allocator-block-size=2097152"
    "memorysetup-job-temp-allocator-block-size-background=1048576"
    "memorysetup-job-temp-allocator-reduction-small-platforms=262144"
Logging is directed to a specific file, skipping project log.
Player connection [12640]  Target information:

Player connection [12640]  * "[IP] 192.168.178.35 [Port] 55504 [Flags] 2 [Guid] 237748355 [EditorId] 237748355 [Version] 1048832 [Id] WindowsEditor(7,LAPTOP-CQ1FOJIL) [Debug] 1 [PackageName] WindowsEditor [ProjectName] Editor" 

Player connection [12640] Host joined multi-casting on [225.0.0.222:54997]...
Player connection [12640] Host joined alternative multi-casting on [225.0.0.222:34997]...
Input System module state changed to: Initialized.
[Physics::Module] Initialized fallback backend.
[Physics::Module] Id: 0xdecafbad
[Licensing::IpcConnector] Successfully connected to: "LicenseClient-Harsh" at "2026-09-29T11:13:39.1958908Z"
[Licensing::Client] Code 10 while verifying Licensing Client signature (process Id: 11464, path: "C:/Program Files/Unity/Hub/Editor/6000.6.0f1/Editor/Data/Resources/Licensing/Client/Unity.Licensing.Client.exe")
[Licensing::Module] LicensingClient has failed validation; ignoring
[Package Manager] Connected to IPC stream "Upm-10652" after 0.3 seconds.
[Licensing::Module] Licensing is not yet initialized.
[Licensing::Client] Handshaking with LicensingClient:
  Version:                 1.18.3+d7ffd15
  Session Id:              6dedebc7832f4c6585f7d55951689924
  Correlation Id:          1777bb4b47fdab66fa90b6320a8e3ebd
  External correlation Id: 6854629661302757640
  Machine Id:              Hbp6cIbiWcEt7uCUfLOsR8jmd/w=
[Licensing::Module] Successfully connected to LicensingClient on channel: "LicenseClient-Harsh" (connect: 0.37s, validation: 0.21s, handshake: 0.09s)
[Licensing::IpcConnector] Successfully connected to: "LicenseClient-Harsh-notifications" at "2026-09-29T11:13:39.4951569Z"
[Licensing::Module] Connected to LicensingClient (PId: 11464, launch time: 0.01, total connection time: 0.67s)
[Licensing::Module] Error: Access token is unavailable; failed to update
[Licensing::Client] Successfully resolved entitlement details
[Licensing::Module] License group:
  Id: 9072445264484-UnityPersXXXX
  Product: Unity Personal
  Type: Assigned
  Expiration: Unlimited
[Licensing::Client] Successfully updated license, isAsync: True, time: 0.01
[Licensing::Client] Successfully resolved entitlement details
[Licensing::Module] Licensing Background thread has ended after 0.74s
[Licensing::Module] Licensing is initialized (took 0.13s).
[Licensing::Client] Successfully resolved entitlement details
Library Redirect Path: Library/
Initialising UDS system complete:
  - System type: Client
  - Resource namespace: 9f1c73524ddb5bde77655c46fabdf276
  - Shared memory size: 1073741824
  - Command buffer id: 1052576
  - Command buffer size: 8192
  - Hashmap size: 4194304
  - Service connected: false
Launching Unity Data Store - C:/Program Files/Unity/Hub/Editor/6000.6.0f1/Editor/Data/Tools/Unity.DataStore.exe 
Unity Data Store artifact dir = Library/DataStore, working dir = D:/RPTU/Thesis/Project/Frontend[Physics::Module] Selected backend.
[Physics::Module] Name: PhysX
[Physics::Module] Id: 0xf2b8ea05
[Physics::Module] SDK Version: 4.1.2
[Physics::Module] Integration Version: 1.0.0
[Physics::Module] Threading Mode: Multi-Threaded
Unity Data Store running and initialised
Initialize engine version: 6000.6.0f1 (f7f8ed4d1e24)
[EntityIdStore] init: VM path (explicit commit), pageSize=4096, blockCount=1048576, entitiesPerBlock=256, slots reserved=4294967296 bytes
[Subsystems] Discovering subsystems at path C:/Program Files/Unity/Hub/Editor/6000.6.0f1/Editor/Data/Resources/UnitySubsystems
[Subsystems] Discovering subsystems at path D:/RPTU/Thesis/Project/Frontend/Assets
GfxDevice: creating device client; kGfxThreadingModeNonThreaded
d3d12: failed to query info queue interface (0x80004002).
Direct3D:
    Version:         Direct3D 12 [level 12.2]
    Renderer:        NVIDIA GeForce RTX 3050 Ti Laptop GPU (ID=0x25a0)
    Vendor:          NVIDIA
    VRAM:            3962 MB
    App VRAM Budget: 3367 MB
    Driver:          32.0.16.1062
Initialize mono
Mono path[0] = 'C:/Program Files/Unity/Hub/Editor/6000.6.0f1/Editor/Data/Managed'
Mono path[1] = 'C:/Program Files/Unity/Hub/Editor/6000.6.0f1/Editor/Data/BCLExtensions/runtime/netstandard2.1'
Mono path[2] = 'C:/Program Files/Unity/Hub/Editor/6000.6.0f1/Editor/Data/MonoBleedingEdge/lib/mono/unityjit-win32'
Mono config path = 'C:/Program Files/Unity/Hub/Editor/6000.6.0f1/Editor/Data/MonoBleedingEdge/etc'
Using monoOptions --debugger-agent=transport=dt_socket,embedding=1,server=y,suspend=n,address=127.0.0.1:56652
CodeReloadManager initialized
ImportWorker Server TCP listen port: 0
AcceleratorClientConnectionCallback - disconnected - :0
Begin MonoManager ReloadAssembly
Registering precompiled unity dll's ...
Register platform support module: C:/Program Files/Unity/Hub/Editor/6000.6.0f1/Editor/Data/PlaybackEngines/WebGLSupport/UnityEditor.WebGL.Extensions.dll
Register platform support module: C:/Program Files/Unity/Hub/Editor/6000.6.0f1/Editor/Data/PlaybackEngines/WindowsStandaloneSupport/UnityEditor.WindowsStandalone.Extensions.dll
Registered in 0.004269 seconds.
Native extension for WindowsStandalone target not found
Native extension for WebGL target not found
Package Manager log level set to [2]
ScheduleIndexationOnStartup MainProcess:False IndexOnStartup:True
Scripting: successfully reloaded assembly
- Finished resetting the current domain, in  0.959 seconds
Domain Reload Profiling: 1671ms
	BeginReloadAssembly (152ms)
		CreateAndSetChildDomain (5ms)
	RebuildCommonClasses (6ms)
	RebuildNativeTypeToScriptingClass (19ms)
	initialDomainReloadingComplete (88ms)
	LoadAllAssembliesAndSetupDomain (445ms)
		LoadAssemblies (144ms)
		TypeCache.Refresh (275ms)
			TypeCache.ScanAssembly (258ms)
		AnalyzeDomain (2ms)
	FinalizeReload (961ms)
		SetupLoadedEditorAssemblies (0ms)
			InitializePlatformSupportModulesInManaged (5ms)
			BeforeProcessingInitializeOnLoad (135ms)
			ProcessInitializeOnLoadAttributes (203ms)
			ProcessInitializeOnLoadMethodAttributes (294ms)
[Licensing::Client] Successfully resolved entitlement details
Application.AssetDatabase Initial Refresh Start
[Package Manager] Restoring resolved packages state from cache
[Licensing::Client] Successfully resolved entitlement details
[Package Manager] Registered 9 packages:
  Packages from [https://packages.unity.com]:
    com.unity.inputsystem@1.20.0 (location: D:\RPTU\Thesis\Project\Frontend\Library\PackageCache\com.unity.inputsystem@7a4e1a2a8194)
  Built-in packages:
    com.unity.modules.imageconversion@1.0.0 (location: D:\RPTU\Thesis\Project\Frontend\Library\PackageCache\com.unity.modules.imageconversion)
    com.unity.modules.physics@1.0.0 (location: D:\RPTU\Thesis\Project\Frontend\Library\PackageCache\com.unity.modules.physics)
    com.unity.modules.imgui@1.0.0 (location: D:\RPTU\Thesis\Project\Frontend\Library\PackageCache\com.unity.modules.imgui)
    com.unity.modules.uielements@1.0.0 (location: D:\RPTU\Thesis\Project\Frontend\Library\PackageCache\com.unity.modules.uielements)
    com.unity.modules.ui@1.0.0 (location: D:\RPTU\Thesis\Project\Frontend\Library\PackageCache\com.unity.modules.ui)
    com.unity.modules.jsonserialize@1.0.0 (location: D:\RPTU\Thesis\Project\Frontend\Library\PackageCache\com.unity.modules.jsonserialize)
    com.unity.modules.hierarchycore@1.0.0 (location: D:\RPTU\Thesis\Project\Frontend\Library\PackageCache\com.unity.modules.hierarchycore)
    com.unity.modules.animation@1.0.0 (location: D:\RPTU\Thesis\Project\Frontend\Library\PackageCache\com.unity.modules.animation)
[Subsystems] No new subsystems found in resolved package list.
[Package Manager] Done registering packages in 0.02 seconds
[ScriptCompilation] Requested script compilation because: AssetDatabase observed changes in script compilation related files
Starting: C:\Program Files\Unity\Hub\Editor\6000.6.0f1\Editor\Data\Tools\BuildPipeline\bee_backend.exe --ipc --defer-dag-verification --dagfile="Library/Bee/1900b0aE.dag" --continue-on-failure --profile="Library/Bee/backend1.traceevents" ScriptAssemblies
WorkingDir: D:/RPTU/Thesis/Project/Frontend
DisplayProgressbar: Compiling Scripts
ExitCode: 0 Duration: 4s944ms
[204/225    0s] ILPP-Configuration Library/ilpp-configuration.nevergeneratedoutput
[217/225    2s] Csc Library/Bee/artifacts/1900b0aE.dag/Assembly-CSharp.dll (+2 others)
Assets\Scripts\Robot\RobotDebugController.cs(13,27): warning CS0618: 'Object.FindFirstObjectByType<T>()' is obsolete: 'FindFirstObjectByType has been deprecated because it relies on instance ID ordering. Use FindAnyObjectByType instead, which does not depend on ordering.'
[218/225    0s] ILPostProcess Library/Bee/artifacts/1900b0aE.dag/post-processed/Assembly-CSharp.dll (+pdb)
Processing assembly Library/Bee/artifacts/1900b0aE.dag/Assembly-CSharp.dll, with 148 defines and 259 references

processors: zzzUnity.Burst.CodeGen.BurstILPostProcessor

1 processor(s) skipped this assembly
[219/225    0s] CopyFiles Library/ScriptAssemblies/Assembly-CSharp.pdb
[220/225    0s] CopyFiles Library/ScriptAssemblies/Assembly-CSharp.dll
[221/225    1s] Csc Library/Bee/artifacts/1900b0aE.dag/Assembly-CSharp-Editor.dll (+2 others)
Assets\Editor\GearboxReferenceSetup.cs(15,21): warning CS0618: 'Object.FindFirstObjectByType<T>()' is obsolete: 'FindFirstObjectByType has been deprecated because it relies on instance ID ordering. Use FindAnyObjectByType instead, which does not depend on ordering.'

Assets\Editor\GearboxReferenceSetup.cs(69,79): warning CS0618: 'FindObjectsSortMode' is obsolete: 'FindObjectsSortMode has been deprecated. Use the FindObjectsByType overloads that do not take a FindObjectsSortMode parameter.'

Assets\Editor\GearboxReferenceSetup.cs(69,35): warning CS0618: 'Object.FindObjectsByType<T>(FindObjectsSortMode)' is obsolete: 'FindObjectsByType with FindObjectsSortMode parameter has been deprecated. Use FindObjectsByType<T>() or FindObjectsByType<T>(FindObjectsInactive) instead. InstanceID will be replaced in the future with EntityId and previous sort order cannot be maintained.'

Assets\Editor\GearboxSequenceChecks.cs(41,25): warning CS0618: 'Object.FindFirstObjectByType<T>()' is obsolete: 'FindFirstObjectByType has been deprecated because it relies on instance ID ordering. Use FindAnyObjectByType instead, which does not depend on ordering.'
[222/225    0s] ILPostProcess Library/Bee/artifacts/1900b0aE.dag/post-processed/Assembly-CSharp-Editor.dll (+pdb)
Processing assembly Library/Bee/artifacts/1900b0aE.dag/Assembly-CSharp-Editor.dll, with 146 defines and 299 references

processors: zzzUnity.Burst.CodeGen.BurstILPostProcessor

1 processor(s) skipped this assembly
[223/225    0s] CopyFiles Library/ScriptAssemblies/Assembly-CSharp-Editor.pdb
[224/225    0s] CopyFiles Library/ScriptAssemblies/Assembly-CSharp-Editor.dll
*** Tundra build success (4.89 seconds), 9 items updated, 225 evaluated
Assets\Scripts\Robot\RobotDebugController.cs(13,27): warning CS0618: 'Object.FindFirstObjectByType<T>()' is obsolete: 'FindFirstObjectByType has been deprecated because it relies on instance ID ordering. Use FindAnyObjectByType instead, which does not depend on ordering.'
Assets\Editor\GearboxReferenceSetup.cs(15,21): warning CS0618: 'Object.FindFirstObjectByType<T>()' is obsolete: 'FindFirstObjectByType has been deprecated because it relies on instance ID ordering. Use FindAnyObjectByType instead, which does not depend on ordering.'
Assets\Editor\GearboxReferenceSetup.cs(69,79): warning CS0618: 'FindObjectsSortMode' is obsolete: 'FindObjectsSortMode has been deprecated. Use the FindObjectsByType overloads that do not take a FindObjectsSortMode parameter.'
Assets\Editor\GearboxReferenceSetup.cs(69,35): warning CS0618: 'Object.FindObjectsByType<T>(FindObjectsSortMode)' is obsolete: 'FindObjectsByType with FindObjectsSortMode parameter has been deprecated. Use FindObjectsByType<T>() or FindObjectsByType<T>(FindObjectsInactive) instead. InstanceID will be replaced in the future with EntityId and previous sort order cannot be maintained.'
Assets\Editor\GearboxSequenceChecks.cs(41,25): warning CS0618: 'Object.FindFirstObjectByType<T>()' is obsolete: 'FindFirstObjectByType has been deprecated because it relies on instance ID ordering. Use FindAnyObjectByType instead, which does not depend on ordering.'
Total cache size 51054224
Total cache size after purge 51054224, took 00:00:00.0878082
AssetDatabase: script compilation time: 6.434050s
Begin MonoManager ReloadAssembly
Native extension for WindowsStandalone target not found
Native extension for WebGL target not found
ScheduleIndexationOnStartup MainProcess:True IndexOnStartup:True
Scripting: successfully reloaded assembly
- Finished resetting the current domain, in  0.588 seconds
Domain Reload Profiling: 1169ms
	BeginReloadAssembly (325ms)
		DisableScriptedObjects (49ms)
		CreateAndSetChildDomain (84ms)
	RebuildCommonClasses (10ms)
	RebuildNativeTypeToScriptingClass (17ms)
	initialDomainReloadingComplete (45ms)
	LoadAllAssembliesAndSetupDomain (182ms)
		LoadAssemblies (117ms)
		TypeCache.Refresh (20ms)
			TypeCache.ScanAssembly (13ms)
		AnalyzeDomain (7ms)
			BuildScriptInfoCaches (5ms)
	FinalizeReload (590ms)
		SetupLoadedEditorAssemblies (0ms)
			BeforeProcessingInitializeOnLoad (122ms)
			ProcessInitializeOnLoadAttributes (120ms)
			ProcessInitializeOnLoadMethodAttributes (38ms)
			AfterProcessingInitializeOnLoad (8ms)
		AwakeInstancesAfterBackupRestoration (44ms)
Starting new worker id: 0 with log in D:/RPTU/Thesis/Project/Frontend/Logs/AssetImportWorkerHW0.log

Asset Pipeline Refresh (id=7f33708246c64af47879f1d7334145a2): Total: 8.022 seconds - Initiated by InitialRefreshV2(ForceSynchronousImport)
	(Values over 0.05ms)
	Summary:
		Imports: total=0 (actual=0, local cache=0, cache server=0)
		Asset DB Process Time: managed=0 ms, native=788 ms
		Asset DB Callback time: managed=89 ms, native=51 ms
		Scripting: domain reloads=1, domain reload time=641 ms, compile time=6438 ms, other=13 ms
		Project Asset Count: scripts=148, non-scripts=247
		Asset File Changes: new=0, changed=3, moved=0, deleted=0
		Scan Filter Count: 0
	InvokePackagesCallback: 47.268ms
	ApplyChangesToAssetFolders: 0.446ms
	Scan: 65.362ms
	Collect global state as custom dependencies: 9.470ms
	OnSourceAssetsModified: 0.878ms
	CategorizeScriptCompilationAssets: 1.790ms
	ProcessAssetsWithTransientArtifactChanges: 6.976ms
	CategorizeAssets: 5.743ms
	CompileScripts: 6438.120ms
	ImportOutOfDateAssets: 607.063ms (591.243ms without children)
		UnloadImportedAssets: 0.181ms
		EnsureUptoDateAssetsAreRegisteredWithGuidPM: 0.088ms
		ImportSchedulerStart: 15.545ms
	PostProcessAllAssets: 90.519ms
		VCAutoAddAssetPostprocess 1.578ms
		XRBuildSystem.XRAssetImported 0.083ms
		PostProcessCallbackCreateDeferredMaterials 0.061ms
		MonoPostProcessAllAssets: 88.312ms
			AssetPostprocessor.OnPostprocessAllAssets 36.504ms
			StyleCatalogPostProcessor.OnPostprocessAllAssets 11.086ms
			WindowAssetPostprocessingWatcher.OnPostprocessAllAssets 9.959ms
			BuilderAssetPostprocessor.OnPostprocessAllAssets 6.367ms
			SyncVS.PostprocessSyncProject 2.700ms
			AssetChangedListener.OnPostprocessAllAssets 2.331ms
			RetainedModeAssetPostprocessor.OnPostprocessAllAssets 1.566ms
			EditModeScopePostprocessor.OnPostprocessAllAssets 1.110ms
			SpeedTree9Postprocessor.OnPostprocessAllAssets 0.972ms
			TextAssetPostProcessor.OnPostprocessAllAssets 0.722ms
			ArtifactBrowserPostProcessor.OnPostprocessAllAssets 0.641ms
			InputActionAssetPostprocessor.OnPostprocessAllAssets 0.486ms
			ReferencedClipsPostProcessor.OnPostprocessAllAssets 0.375ms
			AudioMixerPostprocessor.OnPostprocessAllAssets 0.371ms
			InputActionJsonNameModifierAssetProcessor.OnPostprocessAllAssets 0.336ms
			AssetEvents.OnPostprocessAllAssets 0.304ms
			ProjectSettingsPostprocessor.OnPostprocessAllAssets 0.287ms
			TerrainToolbarOverlayPostProcessor.OnPostprocessAllAssets 0.250ms
			AssetDatabaseCallbacks.OnPostprocessAllAssets 0.188ms
			SpeedTreePostProcessor.OnPostprocessAllAssets 0.180ms
			ConfigAssetsTracker.OnPostprocessAllAssets 0.165ms
			ThemePostprocessor.OnPostprocessAllAssets 0.157ms
			ScenarioDriftAssetsTracker.OnPostprocessAllAssets 0.146ms
			AudioContainerPostProcessor.OnPostprocessAllAssets 0.134ms
			RenderPipelineGlobalSettingsPostprocessor.OnPostprocessAllAssets 0.124ms
	PostAssetChangesProfiler: 3.934ms
	UnloadStreamsBegin: 1.741ms
	GenerateScriptTypeHashes: 2.361ms
	GenerateScriptTypeSerializationHashes: 4.815ms
	Untracked: 700.651ms

Application.AssetDatabase Initial Refresh End
Launched and connected shader compiler UnityShaderCompiler.exe after 0.02 seconds
Scanning for USB devices : 2.273ms
Initializing Unity extensions:
[MODES] ModeService[none].Initialize
[MODES] ModeService[none].LoadModes
[MODES] Loading mode Default (0) for mode-current-id-Frontend
Unloading 3 Unused Serialized files (Serialized files now loaded: 0)
Unloading 502 unused Assets / (497.9 KB). Loaded Objects now: 1231.
Memory consumption went from 233.4 MB to 232.9 MB.
Total: 6.635600 ms (FindLiveObjects: 0.286300 ms CreateObjectMapping: 0.025200 ms MarkObjects: 5.733700 ms  DeleteObjects: 0.404200 ms)

Opening scene 'Assets/Scenes/GearboxAssembly.unity'
Unloading 5 Unused Serialized files (Serialized files now loaded: 0)
Loaded scene 'Assets/Scenes/GearboxAssembly.unity'
	Deserialize:            9.905 ms
	Integration:            73.018 ms
	Integration of assets:  0.026 ms
	Thread Wait Time:       0.118 ms
	Total Operation Time:   83.067 ms
Unloading 9 unused Assets / (21.8 KB). Loaded Objects now: 2413.
Memory consumption went from 262.8 MB to 262.8 MB.
Total: 5.702400 ms (FindLiveObjects: 0.316500 ms CreateObjectMapping: 0.025000 ms MarkObjects: 5.150900 ms  DeleteObjects: 0.026600 ms)

Importing 'GUID: 8703d537db3312944a1bbf8f456ef4bc - Path: Assets/Materials/ReferenceSteel.mat' with importer (NativeFormatImporter)
Imported 'GUID: 8703d537db3312944a1bbf8f456ef4bc' -> (Import Result ID: '139fa55ee127b45a108f88bd19d8f5cc') in 0.004 seconds [static dependencies only]. Details - ImportResultOutputID=659e1670b786a3b457bf15ec4e97fc5a DependenciesID=876e636ea97fea454ac423fbc928646f StaticDependenciesID=86be698c0fd6eb7a4b81d44d8b43724c 
Importing 'GUID: 8ebb8fd8477eb7a41b8be7bf39429303 - Path: Assets/Materials/ReferenceFixture.mat' with importer (NativeFormatImporter)
Imported 'GUID: 8ebb8fd8477eb7a41b8be7bf39429303' -> (Import Result ID: '4343fbe58205c70f849fe6b374723187') in 0.001 seconds [static dependencies only]. Details - ImportResultOutputID=d08a388e58abd26c0489aad76b55558a DependenciesID=7bd2fa8b0aa22735d7a91050f4847c2b StaticDependenciesID=c07811d2311e2e072a9c378f95ee97c6 
Importing 'GUID: 3fd63741c333fc6468f89ce437271985 - Path: Assets/Materials/ReferenceAluminium.mat' with importer (NativeFormatImporter)
Imported 'GUID: 3fd63741c333fc6468f89ce437271985' -> (Import Result ID: '7cd2e6baf327a19b28cf3e5b5cedc5da') in 0.001 seconds [static dependencies only]. Details - ImportResultOutputID=26ad397d18c54140535d290e9ebb4c2c DependenciesID=0058a272a1dd6757c6ba1881195a4c12 StaticDependenciesID=0fa1726b80a5301770314d80ff4c61a4 
Asset Pipeline Refresh (id=65b60e3126872cb44802902215bfb947): Total: 0.028 seconds - Initiated by StopAssetImportingV2(NoUpdateAssetOptions)
Importing 'GUID: 49747deddcd78a94bbb9da8ba8c09521 - Path: Assets/Scenes/GearboxAssembly.unity' with importer (DefaultImporter)
Imported 'GUID: 49747deddcd78a94bbb9da8ba8c09521' -> (Import Result ID: '762cf7079f75589a6475b93019bf4ca5') in 0.001 seconds [static dependencies only]. Details - ImportResultOutputID=fda1a82140877392559da014a9fa89f0 DependenciesID=bdb42b3d52fd7d65631825f8b304ddea StaticDependenciesID=6223daf43204b723bc02f4f08344e117 
Asset Pipeline Refresh (id=e07a335f58276fd41be51069e30fc3a2): Total: 0.009 seconds - Initiated by StopAssetImportingV2(NoUpdateAssetOptions)
[Project] Loading completed in 12.725 seconds
	Project init time: 				12.088 seconds
		Template init time: 		0.000 seconds
		Package Manager init time: 		0.430 seconds
		Asset Database init time: 		1.163 seconds
		Global illumination init time: 	0.003 seconds
		Assemblies load time: 			1.726 seconds
		Unity extensions init time: 	0.002 seconds
		Asset Database refresh time: 	8.022 seconds
	Scene opening time: 			0.344 seconds
##utp:{"type":"ProjectInfo","version":2,"phase":"Immediate","time":1790680431518,"processId":10652,"projectLoad":12.7248918,"projectInit":12.0880399,"templateInit":0.0,"packageManagerInit":0.4304671,"assetDatabaseInit":1.1625336,"globalIlluminationInit":0.0026601,"assembliesLoad":1.7260506,"unityExtensionsInit":0.0018878,"assetDatabaseRefresh":8.0224519,"sceneOpening":0.3443523}
##utp:{"type":"EditorInfo","version":2,"phase":"Immediate","time":1790680431518,"processId":10652,"editorVersion":"6000.6.0f1 (f7f8ed4d1e24)","branch":"6000.6/respin/6000.6.0f1-fa21a270ab12","buildType":"Release","platform":"Windows"}
Reloading assemblies for play mode.
Reloading assemblies after forced synchronous recompile.
Begin MonoManager ReloadAssembly
Native extension for WindowsStandalone target not found
Native extension for WebGL target not found
ScheduleIndexationOnStartup MainProcess:True IndexOnStartup:True
Scripting: successfully reloaded assembly
- Finished resetting the current domain, in  0.642 seconds
Domain Reload Profiling: 1162ms
	BeginReloadAssembly (262ms)
		DisableScriptedObjects (34ms)
		CreateAndSetChildDomain (48ms)
	RebuildCommonClasses (11ms)
	RebuildNativeTypeToScriptingClass (19ms)
	initialDomainReloadingComplete (55ms)
	LoadAllAssembliesAndSetupDomain (170ms)
		LoadAssemblies (144ms)
		TypeCache.Refresh (5ms)
		AnalyzeDomain (2ms)
	FinalizeReload (644ms)
		SetupLoadedEditorAssemblies (0ms)
			InitializePlatformSupportModulesInManaged (3ms)
			BeforeProcessingInitializeOnLoad (120ms)
			ProcessInitializeOnLoadAttributes (116ms)
			ProcessInitializeOnLoadMethodAttributes (37ms)
			AfterProcessingInitializeOnLoad (7ms)
		AwakeInstancesAfterBackupRestoration (45ms)

Asset Pipeline Refresh (id=2217c3800427b114aa476a6ef8f7f170): Total: 1.363 seconds - Initiated by StopAssetImportingV2(ForceSynchronousImport | ForceDomainReload)
	(Values over 0.05ms)
	Summary:
		Imports: total=0 (actual=0, local cache=0, cache server=0)
		Asset DB Process Time: managed=0 ms, native=721 ms
		Asset DB Callback time: managed=73 ms, native=10 ms
		Scripting: domain reloads=1, domain reload time=554 ms, compile time=4 ms, other=0 ms
		Project Asset Count: scripts=148, non-scripts=247
		Asset File Changes: new=0, changed=0, moved=0, deleted=0
		Scan Filter Count: 0
	InvokePackagesCallback: 1.413ms
	ApplyChangesToAssetFolders: 0.060ms
	Collect global state as custom dependencies: 0.570ms
	ProcessAssetsWithTransientArtifactChanges: 15.178ms
	CategorizeAssets: 4.381ms
	CompileScripts: 3.889ms
	ImportOutOfDateAssets: 645.290ms (644.848ms without children)
		UnloadImportedAssets: 0.157ms
		EnsureUptoDateAssetsAreRegisteredWithGuidPM: 0.062ms
		ImportSchedulerStart: 0.177ms
	PostProcessAllAssets: 81.172ms
		PostProcessCallbackCreateDeferredMaterials 1.969ms
		ShaderAssetModifiedCallback 1.150ms
		RaytracingShaderImportPostprocess 0.452ms
		ComputeShaderImportPostprocess 0.422ms
		SpeedTreeImporter.PostprocessAllAssets 0.353ms
		LocalizationDatabase.AssetDatabasePostprocessCallback 0.224ms
		BlockShaderImporter.PostprocessAllAssets 0.188ms
		AssemblyValidation.PostprocessAllAssets 0.182ms
		XRBuildSystem.XRAssetImported 0.067ms
		MonoPostProcessAllAssets: 72.015ms
			AssetPostprocessor.OnPostprocessAllAssets 21.757ms
			StyleCatalogPostProcessor.OnPostprocessAllAssets 8.868ms
			WindowAssetPostprocessingWatcher.OnPostprocessAllAssets 6.538ms
			BuilderAssetPostprocessor.OnPostprocessAllAssets 6.037ms
			SyncVS.PostprocessSyncProject 2.751ms
			AssetChangedListener.OnPostprocessAllAssets 2.714ms
			InputActionAssetPostprocessor.OnPostprocessAllAssets 2.680ms
			InputActionJsonNameModifierAssetProcessor.OnPostprocessAllAssets 2.622ms
			TextAssetPostProcessor.OnPostprocessAllAssets 1.843ms
			RetainedModeAssetPostprocessor.OnPostprocessAllAssets 1.591ms
			SpeedTree9Postprocessor.OnPostprocessAllAssets 1.206ms
			ProjectSettingsPostprocessor.OnPostprocessAllAssets 1.096ms
			ArtifactBrowserPostProcessor.OnPostprocessAllAssets 0.541ms
			AudioMixerPostprocessor.OnPostprocessAllAssets 0.350ms
			EditModeScopePostprocessor.OnPostprocessAllAssets 0.311ms
			ReferencedClipsPostProcessor.OnPostprocessAllAssets 0.300ms
			AssetEvents.OnPostprocessAllAssets 0.246ms
			TerrainToolbarOverlayPostProcessor.OnPostprocessAllAssets 0.214ms
			AssetDatabaseCallbacks.OnPostprocessAllAssets 0.205ms
			SpeedTreePostProcessor.OnPostprocessAllAssets 0.200ms
			ThemePostprocessor.OnPostprocessAllAssets 0.183ms
			ConfigAssetsTracker.OnPostprocessAllAssets 0.152ms
			ScenarioDriftAssetsTracker.OnPostprocessAllAssets 0.151ms
			RenderPipelineGlobalSettingsPostprocessor.OnPostprocessAllAssets 0.098ms
			AudioContainerPostProcessor.OnPostprocessAllAssets 0.081ms
	PostAssetChangesProfiler: 1.855ms
	GenerateScriptTypeHashes: 1.978ms
	GenerateScriptTypeSerializationHashes: 4.183ms
	Untracked: 577.795ms

Loaded scene 'Temp/__Backupscenes/0.backup'
	Deserialize:            27.893 ms
	Integration:            36.786 ms
	Integration of assets:  5.458 ms
	Thread Wait Time:       1.966 ms
	Total Operation Time:   72.104 ms
[MODES] ModeService[none].Initialize
[MODES] ModeService[none].LoadModes
Worker ready: AssetImportWorkerHW0 0
Start Indexing on Editor startup
[Indexing] Starting Initial Indexing for Assets
Created GICache directory at C:/Users/Harsh/AppData/LocalLow/Unity/Caches/GiCache. Took: 0.026s, timestamps: [14.267 - 14.293]
[Licensing::Client] Successfully resolved entitlement details
TrimDiskCacheJob: Current cache size 0mb
PHASE ONE COMPLETE
UnityEngine.Debug:ExtractStackTraceNoAlloc (byte*,int,string)
UnityEngine.StackTraceUtility:ExtractStackTrace ()
UnityEngine.DebugLogHandler:Internal_Log (UnityEngine.LogType,UnityEngine.LogOption,string,UnityEngine.Object)
UnityEngine.DebugLogHandler:LogFormat (UnityEngine.LogType,UnityEngine.Object,string,object[])
UnityEngine.Logger:Log (UnityEngine.LogType,object,UnityEngine.Object)
UnityEngine.Debug:Log (object,UnityEngine.Object)
GearboxDemo.PhaseOneAssemblyController:MarkPhaseOneComplete () (at Assets/Scripts/Assembly/PhaseOneAssemblyController.cs:55)
GearboxDemo.GearboxAssemblyManager/<ExecuteStep>d__67:MoveNext () (at Assets/Scripts/Core/GearboxAssemblyManager.cs:230)
UnityEngine.SetupCoroutine:InvokeMoveNext (System.Collections.IEnumerator,intptr)

(Filename: Assets/Scripts/Assembly/PhaseOneAssemblyController.cs Line: 55)

PHASE TWO INSERTION COMPLETE
UnityEngine.Debug:ExtractStackTraceNoAlloc (byte*,int,string)
UnityEngine.StackTraceUtility:ExtractStackTrace ()
UnityEngine.DebugLogHandler:Internal_Log (UnityEngine.LogType,UnityEngine.LogOption,string,UnityEngine.Object)
UnityEngine.DebugLogHandler:LogFormat (UnityEngine.LogType,UnityEngine.Object,string,object[])
UnityEngine.Logger:Log (UnityEngine.LogType,object,UnityEngine.Object)
UnityEngine.Debug:Log (object,UnityEngine.Object)
GearboxDemo.PhaseTwoInsertionController/<InsertionRoutine>d__34:MoveNext () (at Assets/Scripts/Assembly/PhaseTwoInsertionController.cs:100)
UnityEngine.SetupCoroutine:InvokeMoveNext (System.Collections.IEnumerator,intptr)

(Filename: Assets/Scripts/Assembly/PhaseTwoInsertionController.cs Line: 100)

LID INSTALLATION COMPLETE
UnityEngine.Debug:ExtractStackTraceNoAlloc (byte*,int,string)
UnityEngine.StackTraceUtility:ExtractStackTrace ()
UnityEngine.DebugLogHandler:Internal_Log (UnityEngine.LogType,UnityEngine.LogOption,string,UnityEngine.Object)
UnityEngine.DebugLogHandler:LogFormat (UnityEngine.LogType,UnityEngine.Object,string,object[])
UnityEngine.Logger:Log (UnityEngine.LogType,object,UnityEngine.Object)
UnityEngine.Debug:Log (object,UnityEngine.Object)
GearboxDemo.LidInstallationController/<InstallationRoutine>d__24:MoveNext () (at Assets/Scripts/Assembly/LidInstallationController.cs:94)
UnityEngine.SetupCoroutine:InvokeMoveNext (System.Collections.IEnumerator,intptr)

(Filename: Assets/Scripts/Assembly/LidInstallationController.cs Line: 94)

GEARBOX ASSEMBLY COMPLETE
UnityEngine.Debug:ExtractStackTraceNoAlloc (byte*,int,string)
UnityEngine.StackTraceUtility:ExtractStackTrace ()
UnityEngine.DebugLogHandler:Internal_Log (UnityEngine.LogType,UnityEngine.LogOption,string,UnityEngine.Object)
UnityEngine.DebugLogHandler:LogFormat (UnityEngine.LogType,UnityEngine.Object,string,object[])
UnityEngine.Logger:Log (UnityEngine.LogType,object,UnityEngine.Object)
UnityEngine.Debug:Log (object,UnityEngine.Object)
GearboxDemo.ScrewInstallationController:MarkGearboxAssemblyComplete () (at Assets/Scripts/Assembly/ScrewInstallationController.cs:69)
GearboxDemo.GearboxAssemblyManager/<ExecuteStep>d__67:MoveNext () (at Assets/Scripts/Core/GearboxAssemblyManager.cs:257)
UnityEngine.SetupCoroutine:InvokeMoveNext (System.Collections.IEnumerator,intptr)

(Filename: Assets/Scripts/Assembly/ScrewInstallationController.cs Line: 69)

Unloading 34 Unused Serialized files (Serialized files now loaded: 0)
Loaded scene 'Temp/__Backupscenes/0.backup'
	Deserialize:            3.916 ms
	Integration:            12.302 ms
	Integration of assets:  0.003 ms
	Thread Wait Time:       0.027 ms
	Total Operation Time:   16.249 ms
Unloading 444 unused Assets / (147.1 KB). Loaded Objects now: 2589.
Memory consumption went from 288.7 MB to 288.5 MB.
Total: 7.174700 ms (FindLiveObjects: 0.396200 ms CreateObjectMapping: 0.063100 ms MarkObjects: 6.387100 ms  DeleteObjects: 0.122300 ms)

[Licensing::Client] Successfully resolved entitlement details
MonoPathRemapper: Attempts to remap: 2769; Successful remaps: 8
Serialized file version minimum: 23, current 23
[Physics::Module] Cleanup current backend.
[Physics::Module] Id: 0xf2b8ea05
Input System module state changed to: ShutdownInProgress.
Input Polling Thread exited.
Input System module state changed to: Shutdown.
[Licensing::IpcConnector] LicenseClient-Harsh-notifications channel disconnected successfully.
[Licensing::IpcConnector] LicenseClient-Harsh channel disconnected successfully.
Shut down UDS service system complete
Lingering sessions upon destruction of worker manager
Unity Data Store service was successfully shut down
UDS shutting down local client system
AcceleratorClientConnectionCallback - disconnected - :0
Cleanup mono
CodeReloadManager destroyed
Checking for leaked weakptr:
  Found no leaked weakptrs.
[Package Manager] Server process was shutdown
##utp:{"type":"MemoryLeaks","version":2,"phase":"Immediate","time":1790680512544,"processId":10652,"allocatedMemory":11303629,"memoryLabels":[{"Default":162799},{"Permanent":15516},{"NewDelete":70671},{"Thread":4205640},{"Manager":35717},{"VertexData":8},{"Geometry":816},{"Texture":24},{"Shader":832621},{"Material":24},{"GfxDevice":58728},{"Animation":1944},{"Audio":896},{"FreeType":8},{"FontEngine":736},{"Physics":1970},{"Physics2D":16},{"Serialization":16768},{"Input":42840},{"JobScheduler":256},{"TextLib":280},{"Mono":48},{"ScriptingNativeRuntime":1210712},{"BaseObject":49168},{"Resource":1208},{"Renderer":2376},{"Transform":4685},{"File":7393},{"WebCam":616},{"Culling":32},{"Terrain":11442},{"Wind":24},{"STL":40},{"String":589687},{"StaticString":3808},{"Utility":2675350},{"Curl":2478},{"PoolAlloc":2168},{"AI":80},{"TypeTree":17165},{"ScriptManager":18960},{"CodeReload":448},{"RuntimeInitializeOnLoadManager":64},{"Sprites":102},{"SpriteAtlas":120},{"GI":7816},{"Director":7304},{"CloudService":7440},{"WebRequest":4747},{"VR":49650},{"SceneManager":608},{"Video":208},{"LazyScriptCache":32},{"Camera":729},{"Secure":2377},{"SerializationCache":9256},{"APIUpdating":10320},{"Subsystems":336},{"VirtualTexturing":57888},{"StaticSafetyDebugInfo":278528},{"Analytics":592},{"Hierarchy":1188},{"UIElements":40},{"CoreStats":14456},{"Identifiers":7152},{"Gui":128},{"EditorUtility":90061},{"VersionControl":8},{"Undo":931},{"AssetDatabase":647088},{"AssetImporter":40},{"EditorGi":328},{"UnityConnect":40465},{"Upm":1912},{"UpmDiagnostics":8},{"AssetCompliance":96},{"DrivenProperties":72},{"LocalIPC":211},{"ProfilerEditor":9778},{"CoreBusinessMetrics":3600},{"Windowing":456},{"Licensing":1264},{"AssetReference":32},{"IPCStream":32}]}
